Component: Arm Compiler for Embedded 6.21 Tool: armlink [5ec1fa00]

==============================================================================

Section Cross References

    main.o(.text.main) refers to zf_common_clock.o(.text.clock_init) for clock_init
    main.o(.text.main) refers to zf_common_debug.o(.text.debug_init) for debug_init
    main.o(.text.main) refers to auto_menu.o(.text.menu_init) for menu_init
    main.o(.text.main) refers to motor.o(.text.motor_init) for motor_init
    main.o(.text.main) refers to zf_device_mt9v03x.o(.text.mt9v03x_init) for mt9v03x_init
    main.o(.text.main) refers to encoder.o(.text.encoder_init) for encoder_init
    main.o(.text.main) refers to servo.o(.text.servo_init) for servo_init
    main.o(.text.main) refers to beep.o(.text.beep_init) for beep_init
    main.o(.text.main) refers to zf_device_imu963ra.o(.text.imu963ra_init) for imu963ra_init
    main.o(.text.main) refers to zf_device_wireless_uart.o(.text.wireless_uart_init) for wireless_uart_init
    main.o(.text.main) refers to zf_common_clock.o(.data.system_clock) for system_clock
    main.o(.text.main) refers to zf_driver_pit.o(.text.pit_init) for pit_init
    main.o(.text.main) refers to zf_common_interrupt.o(.text.interrupt_set_priority) for interrupt_set_priority
    main.o(.text.main) refers to main.o(.bss.count_10ms) for count_10ms
    main.o(.text.main) refers to control.o(.text.all_control) for all_control
    main.o(.text.main) refers to zf_driver_delay.o(.text.system_delay_ms) for system_delay_ms
    main.o(.text.main) refers to auto_menu.o(.text.show_process) for show_process
    main.o(.text.main) refers to image.o(.text.image_process) for image_process
    main.o(.ARM.exidx.text.main) refers to main.o(.text.main) for [Anonymous Symbol]
    main.o(.text.pit6_handler) refers to motor.o(.bss.stop_time) for stop_time
    main.o(.text.pit6_handler) refers to beep.o(.bss.beep_flag) for beep_flag
    main.o(.text.pit6_handler) refers to auto_menu.o(.bss.start_time) for start_time
    main.o(.text.pit6_handler) refers to beep.o(.text.beep_on) for beep_on
    main.o(.text.pit6_handler) refers to dfltui.o(.text) for __aeabi_ui2d
    main.o(.text.pit6_handler) refers to dadd.o(.text) for __aeabi_dadd
    main.o(.text.pit6_handler) refers to dfixi.o(.text) for __aeabi_d2iz
    main.o(.text.pit6_handler) refers to beep.o(.text.beep_off) for beep_off
    main.o(.ARM.exidx.text.pit6_handler) refers to main.o(.text.pit6_handler) for [Anonymous Symbol]
    main.o(.text.pit7_handler) refers to main.o(.bss.count_10ms) for count_10ms
    main.o(.text.pit7_handler) refers to image.o(.bss.circle_time) for circle_time
    main.o(.text.pit7_handler) refers to servo.o(.bss.servo_f) for servo_f
    main.o(.text.pit7_handler) refers to control.o(.bss.ramp_f) for ramp_f
    main.o(.text.pit7_handler) refers to motor.o(.bss.motor_f) for motor_f
    main.o(.text.pit7_handler) refers to zf_driver_encoder.o(.text.encoder_get_count) for encoder_get_count
    main.o(.text.pit7_handler) refers to motor.o(.bss.encoder_data_l) for encoder_data_l
    main.o(.text.pit7_handler) refers to motor.o(.bss.encoder_data_r) for encoder_data_r
    main.o(.text.pit7_handler) refers to zf_driver_encoder.o(.text.encoder_clear_count) for encoder_clear_count
    main.o(.ARM.exidx.text.pit7_handler) refers to main.o(.text.pit7_handler) for [Anonymous Symbol]
    isr.o(.ARM.exidx.text.TIM1_UP_IRQHandler) refers to isr.o(.text.TIM1_UP_IRQHandler) for [Anonymous Symbol]
    isr.o(.ARM.exidx.text.TIM2_IRQHandler) refers to isr.o(.text.TIM2_IRQHandler) for [Anonymous Symbol]
    isr.o(.ARM.exidx.text.TIM3_IRQHandler) refers to isr.o(.text.TIM3_IRQHandler) for [Anonymous Symbol]
    isr.o(.ARM.exidx.text.TIM4_IRQHandler) refers to isr.o(.text.TIM4_IRQHandler) for [Anonymous Symbol]
    isr.o(.ARM.exidx.text.TIM5_IRQHandler) refers to isr.o(.text.TIM5_IRQHandler) for [Anonymous Symbol]
    isr.o(.text.TIM6_IRQHandler) refers to main.o(.text.pit6_handler) for pit6_handler
    isr.o(.ARM.exidx.text.TIM6_IRQHandler) refers to isr.o(.text.TIM6_IRQHandler) for [Anonymous Symbol]
    isr.o(.text.TIM7_IRQHandler) refers to main.o(.text.pit7_handler) for pit7_handler
    isr.o(.ARM.exidx.text.TIM7_IRQHandler) refers to isr.o(.text.TIM7_IRQHandler) for [Anonymous Symbol]
    isr.o(.text.TIM8_UP_IRQHandler) refers to zf_device_tsl1401.o(.text.tsl1401_collect_pit_handler) for tsl1401_collect_pit_handler
    isr.o(.ARM.exidx.text.TIM8_UP_IRQHandler) refers to isr.o(.text.TIM8_UP_IRQHandler) for [Anonymous Symbol]
    isr.o(.ARM.exidx.text.UART1_IRQHandler) refers to isr.o(.text.UART1_IRQHandler) for [Anonymous Symbol]
    isr.o(.text.UART2_IRQHandler) refers to zf_device_gps_tau1201.o(.text.gps_uart_callback) for gps_uart_callback
    isr.o(.ARM.exidx.text.UART2_IRQHandler) refers to isr.o(.text.UART2_IRQHandler) for [Anonymous Symbol]
[...]
    debug_init                               0x08002289   Thumb Code   126  zf_common_debug.o(.text.debug_init)
    debug_log_handler                        0x08002309   Thumb Code    36  zf_common_debug.o(.text.debug_log_handler)
    debug_output_init                        0x08002679   Thumb Code    98  zf_common_debug.o(.text.debug_output_init)
    debug_output_struct_init                 0x080026dd   Thumb Code    22  zf_common_debug.o(.text.debug_output_struct_init)
    dl1a_get_distance                        0x080026fd   Thumb Code   138  zf_device_dl1a.o(.text.dl1a_get_distance)
    dl1a_int_handler                         0x08002789   Thumb Code     4  zf_device_dl1a.o(.text.dl1a_int_handler)
    dm1xa_light_callback                     0x0800278d   Thumb Code    42  zf_device_dm1xa.o(.text.dm1xa_light_callback)
    dm1xa_sound_callback                     0x080027b9   Thumb Code   198  zf_device_dm1xa.o(.text.dm1xa_sound_callback)
    dma_camera_init                          0x08002881   Thumb Code   116  zf_driver_dma.o(.text.dma_camera_init)
    dma_disable                              0x0800290d   Thumb Code    38  zf_driver_dma.o(.text.dma_disable)
    dma_enable                               0x08002935   Thumb Code    38  zf_driver_dma.o(.text.dma_enable)
    dma_set_count                            0x0800295d   Thumb Code    32  zf_driver_dma.o(.text.dma_set_count)
    encoder_clear_count                      0x0800297d   Thumb Code    64  zf_driver_encoder.o(.text.encoder_clear_count)
    encoder_get_count                        0x080029bd   Thumb Code   104  zf_driver_encoder.o(.text.encoder_get_count)
    encoder_init                             0x08002a25   Thumb Code    34  encoder.o(.text.encoder_init)
    encoder_quad_init                        0x08002a49   Thumb Code   224  zf_driver_encoder.o(.text.encoder_quad_init)
    exti_init                                0x08002b29   Thumb Code   312  zf_driver_exti.o(.text.exti_init)
    fifo_clear                               0x08002c71   Thumb Code    92  zf_common_fifo.o(.text.fifo_clear)
    fifo_init                                0x08002ccd   Thumb Code    62  zf_common_fifo.o(.text.fifo_init)
    fifo_read_buffer                         0x08002d0d   Thumb Code   324  zf_common_fifo.o(.text.fifo_read_buffer)
    fifo_used                                0x08002e51   Thumb Code    32  zf_common_fifo.o(.text.fifo_used)
    fifo_write_buffer                        0x08002e71   Thumb Code   450  zf_common_fifo.o(.text.fifo_write_buffer)
    fifo_write_element                       0x08003035   Thumb Code   122  zf_common_fifo.o(.text.fifo_write_element)
    first_order_complementary_filtering      0x080030b1   Thumb Code   270  imu.o(.text.first_order_complementary_filtering)
    fputc                                    0x080031c1   Thumb Code    28  zf_common_debug.o(.text.fputc)
    fun_init                                 0x080031dd   Thumb Code   230  auto_menu.o(.text.fun_init)
    func_float_to_str                        0x080032c5   Thumb Code   330  zf_common_function.o(.text.func_float_to_str)
    func_get_greatest_common_divisor         0x08003411   Thumb Code    24  zf_common_function.o(.text.func_get_greatest_common_divisor)
    func_int_to_str                          0x08003429   Thumb Code   158  zf_common_function.o(.text.func_int_to_str)
    func_uint_to_str                         0x080034c9   Thumb Code   130  zf_common_function.o(.text.func_uint_to_str)
    get_store_1                              0x0800354d   Thumb Code   106  auto_menu.o(.text.get_store_1)
    get_store_2                              0x080035b9   Thumb Code   102  auto_menu.o(.text.get_store_2)
    gpio_get_level                           0x08003621   Thumb Code    32  zf_driver_gpio.o(.text.gpio_get_level)
    gpio_init                                0x08003641   Thumb Code   138  zf_driver_gpio.o(.text.gpio_init)
    gpio_set_level                           0x080036cd   Thumb Code    44  zf_driver_gpio.o(.text.gpio_set_level)
    gpio_toggle_level                        0x080036f9   Thumb Code    44  zf_driver_gpio.o(.text.gpio_toggle_level)
    gps_uart_callback                        0x08003725   Thumb Code   236  zf_device_gps_tau1201.o(.text.gps_uart_callback)
    image_calculate_mid                      0x08003819   Thumb Code   336  image.o(.text.image_calculate_mid)
    image_circle_analysis                    0x08003969   Thumb Code   868  image.o(.text.image_circle_analysis)
    image_connect_point                      0x08003ccd   Thumb Code   112  image.o(.text.image_connect_point)
    image_cross_analysis                     0x08003d3d   Thumb Code   802  image.o(.text.image_cross_analysis)
    image_display_edge_line                  0x08004061   Thumb Code   154  image.o(.text.image_display_edge_line)
    image_process                            0x080040fd   Thumb Code   738  image.o(.text.image_process)
    image_stretch_point                      0x080043e1   Thumb Code   246  image.o(.text.image_stretch_point)
    imu963ra_get_acc                         0x080044d9   Thumb Code    92  zf_device_imu963ra.o(.text.imu963ra_get_acc)
    imu963ra_get_gyro                        0x08004535   Thumb Code    92  zf_device_imu963ra.o(.text.imu963ra_get_gyro)
    imu963ra_init                            0x08004591   Thumb Code  1088  zf_device_imu963ra.o(.text.imu963ra_init)
    interrupt_disable                        0x08004b0d   Thumb Code    40  zf_common_interrupt.o(.text.interrupt_disable)
    interrupt_enable                         0x08004b35   Thumb Code    32  zf_common_interrupt.o(.text.interrupt_enable)
    interrupt_global_disable                 0x08004b55   Thumb Code    22  zf_common_interrupt.o(.text.interrupt_global_disable)
    interrupt_init                           0x08004b6d   Thumb Code    28  zf_common_interrupt.o(.text.interrupt_init)
    interrupt_set_priority                   0x08004b89   Thumb Code    34  zf_common_interrupt.o(.text.interrupt_set_priority)
    ips200_clear                             0x08004bad   Thumb Code   280  zf_device_ips200.o(.text.ips200_clear)
    ips200_draw_point                        0x08004cc5   Thumb Code   260  zf_device_ips200.o(.text.ips200_draw_point)
    ips200_init                              0x08004dc9   Thumb Code  4998  zf_device_ips200.o(.text.ips200_init)
    ips200_show_char                         0x080064a5   Thumb Code   734  zf_device_ips200.o(.text.ips200_show_char)
    ips200_show_float                        0x08006785   Thumb Code   304  zf_device_ips200.o(.text.ips200_show_float)
    ips200_show_gray_image                   0x080068b5   Thumb Code   534  zf_device_ips200.o(.text.ips200_show_gray_image)
    ips200_show_int                          0x08006acd   Thumb Code   216  zf_device_ips200.o(.text.ips200_show_int)
    ips200_show_string                       0x08006ba5   Thumb Code   166  zf_device_ips200.o(.text.ips200_show_string)
    ips200_show_uint                         0x08006c4d   Thumb Code   216  zf_device_ips200.o(.text.ips200_show_uint)
    key_into                                 0x08006d25   Thumb Code    54  key.o(.text.key_into)
    main                                     0x08006d5d   Thumb Code   162  main.o(.text.main)
    menu_init                                0x08006e01   Thumb Code   194  auto_menu.o(.text.menu_init)
    motor_init                               0x08006ec5   Thumb Code    66  motor.o(.text.motor_init)
    motor_process                            0x08006f09   Thumb Code   316  motor.o(.text.motor_process)
    motor_setspeed                           0x08007045   Thumb Code   830  motor.o(.text.motor_setspeed)
    motor_stop                               0x08007385   Thumb Code   138  motor.o(.text.motor_stop)
    mt9v03x_init                             0x08007429   Thumb Code   704  zf_device_mt9v03x.o(.text.mt9v03x_init)
    mt9v03x_set_config_sccb                  0x0800775d   Thumb Code  2478  zf_device_config.o(.text.mt9v03x_set_config_sccb)
    pid_increment                            0x080081b1   Thumb Code   242  pid.o(.text.pid_increment)
    pid_positional                           0x080082a5   Thumb Code   180  pid.o(.text.pid_positional)
    pit6_handler                             0x08008359   Thumb Code    84  main.o(.text.pit6_handler)
    pit7_handler                             0x080083ad   Thumb Code   124  main.o(.text.pit7_handler)
    pit_init                                 0x08008429   Thumb Code   192  zf_driver_pit.o(.text.pit_init)
    pwm_init                                 0x080084f1   Thumb Code   392  zf_driver_pwm.o(.text.pwm_init)
    pwm_set_duty                             0x08008679   Thumb Code   204  zf_driver_pwm.o(.text.pwm_set_duty)
    search_line                              0x08008745   Thumb Code   712  image.o(.text.search_line)
    servo                                    0x08008a0d   Thumb Code    72  auto_menu.o(.text.servo)
    servo_control                            0x08008a6d   Thumb Code   422  servo.o(.text.servo_control)
    servo_init                               0x08008c15   Thumb Code    16  servo.o(.text.servo_init)
    servo_process                            0x08008c25   Thumb Code   188  servo.o(.text.servo_process)
    set_camera_type                          0x08008ce1   Thumb Code    70  zf_device_type.o(.text.set_camera_type)
    set_wireless_type                        0x08008d29   Thumb Code    36  zf_device_type.o(.text.set_wireless_type)
    show_image                               0x08008d4d   Thumb Code   176  auto_menu.o(.text.show_image)
    show_process                             0x08008e01   Thumb Code   260  auto_menu.o(.text.show_process)
    slow_down                                0x08008f05   Thumb Code    72  auto_menu.o(.text.slow_down)
    soft_iic_init                            0x08008f6d   Thumb Code    96  zf_driver_soft_iic.o(.text.soft_iic_init)
    soft_iic_read_8bit_registers             0x08008fcd   Thumb Code   136  zf_driver_soft_iic.o(.text.soft_iic_read_8bit_registers)
    soft_iic_sccb_read_register              0x080091c5   Thumb Code   100  zf_driver_soft_iic.o(.text.soft_iic_sccb_read_register)
    soft_iic_sccb_write_register             0x08009229   Thumb Code    74  zf_driver_soft_iic.o(.text.soft_iic_sccb_write_register)
    soft_iic_write_8bit_register             0x080094c5   Thumb Code    74  zf_driver_soft_iic.o(.text.soft_iic_write_8bit_register)
    speed_policy                             0x08009511   Thumb Code    72  auto_menu.o(.text.speed_policy)
    spi_init                                 0x0800957d   Thumb Code   440  zf_driver_spi.o(.text.spi_init)
    spi_read_8bit_register                   0x08009735   Thumb Code    72  zf_driver_spi.o(.text.spi_read_8bit_register)
    spi_read_8bit_registers                  0x0800977d   Thumb Code   120  zf_driver_spi.o(.text.spi_read_8bit_registers)
    spi_write_16bit                          0x080097f5   Thumb Code    60  zf_driver_spi.o(.text.spi_write_16bit)
    spi_write_8bit                           0x08009831   Thumb Code    48  zf_driver_spi.o(.text.spi_write_8bit)
    spi_write_8bit_register                  0x08009861   Thumb Code    56  zf_driver_spi.o(.text.spi_write_8bit_register)
    start                                    0x08009899   Thumb Code    56  auto_menu.o(.text.start)
    store_1_200                              0x080098d1   Thumb Code   152  auto_menu.o(.text.store_1_200)
    store_2_250                              0x08009979   Thumb Code   192  auto_menu.o(.text.store_2_250)
    store_3_300                              0x08009a49   Thumb Code   200  auto_menu.o(.text.store_3_300)
    store_4_350                              0x08009b21   Thumb Code   192  auto_menu.o(.text.store_4_350)
    store_5_400                              0x08009bf1   Thumb Code   200  auto_menu.o(.text.store_5_400)
    system_delay_ms                          0x08009cc9   Thumb Code   108  zf_driver_delay.o(.text.system_delay_ms)
    timer_clear                              0x08009d35   Thumb Code    76  zf_driver_timer.o(.text.timer_clear)
    timer_clock_enable                       0x08009d81   Thumb Code   170  zf_driver_timer.o(.text.timer_clock_enable)
    timer_etr_init                           0x08009e2d   Thumb Code   362  zf_driver_timer.o(.text.timer_etr_init)
    timer_funciton_check                     0x08009f99   Thumb Code    30  zf_driver_timer.o(.text.timer_funciton_check)
    timer_get                                0x08009fb9   Thumb Code    94  zf_driver_timer.o(.text.timer_get)
    tsl1401_collect_pit_handler              0x0800a019   Thumb Code   162  zf_device_tsl1401.o(.text.tsl1401_collect_pit_handler)
    uart_init                                0x0800a0c1   Thumb Code   436  zf_driver_uart.o(.text.uart_init)
    uart_query_byte                          0x0800a275   Thumb Code    58  zf_driver_uart.o(.text.uart_query_byte)
    uart_rx_interrupt                        0x0800a2b1   Thumb Code    96  zf_driver_uart.o(.text.uart_rx_interrupt)
    uart_write_buffer                        0x0800a311   Thumb Code    72  zf_driver_uart.o(.text.uart_write_buffer)
    uart_write_byte                          0x0800a359   Thumb Code    24  zf_driver_uart.o(.text.uart_write_byte)
    uart_write_string                        0x0800a371   Thumb Code    72  zf_driver_uart.o(.text.uart_write_string)
    unit_param_set                           0x0800a3b9   Thumb Code   614  auto_menu.o(.text.unit_param_set)
    wireless_uart_callback                   0x0800a621   Thumb Code   100  zf_device_wireless_uart.o(.text.wireless_uart_callback)
    wireless_uart_init                       0x0800a685   Thumb Code   250  zf_device_wireless_uart.o(.text.wireless_uart_init)
    __0printf$3                              0x0800a781   Thumb Code    22  printf3.o(i.__0printf$3)
    __1printf$3                              0x0800a781   Thumb Code     0  printf3.o(i.__0printf$3)
    __2printf                                0x0800a781   Thumb Code     0  printf3.o(i.__0printf$3)
    __0sprintf$3                             0x0800a7a1   Thumb Code    34  printf3.o(i.__0sprintf$3)
    __1sprintf$3                             0x0800a7a1   Thumb Code     0  printf3.o(i.__0sprintf$3)
    __2sprintf                               0x0800a7a1   Thumb Code     0  printf3.o(i.__0sprintf$3)
    free                                     0x0800a7c9   Thumb Code    76  malloc2.o(i.__free$2region)
    malloc                                   0x0800a819   Thumb Code    92  malloc2.o(i.__malloc$2region)
    __scatterload_copy                       0x0800a885   Thumb Code    14  handlers.o(i.__scatterload_copy)
    __scatterload_null                       0x0800a893   Thumb Code     2  handlers.o(i.__scatterload_null)
    __scatterload_zeroinit                   0x0800a895   Thumb Code    14  handlers.o(i.__scatterload_zeroinit)
    ascii_font_6x8                           0x0800ab14   Data         552  zf_common_font.o(.rodata.ascii_font_6x8)
    ascii_font_8x16                          0x0800ad3c   Data        1520  zf_common_font.o(.rodata.ascii_font_8x16)
    Region$$Table$$Base                      0x0800b5cc   Number         0  anon$$obj.o(Region$$Table)
    Region$$Table$$Limit                     0x0800b5ec   Number         0  anon$$obj.o(Region$$Table)
    __stdout                                 0x20000000   Data           4  stdout.o(.data)
    __microlib_freelist                      0x20000004   Data           4  mvars.o(.data)
    __microlib_freelist_initialised          0x20000008   Data           4  mvars.o(.data)
    DAD_NUM                                  0x2000000c   Data           1  auto_menu.o(.data.DAD_NUM)
    begin_menu_flag                          0x2000000d   Data           1  auto_menu.o(.data.begin_menu_flag)
    call_cycle                               0x20000010   Data           4  imu.o(.data.call_cycle)
    camera_dma_handler                       0x20000014   Data           4  zf_device_type.o(.data.camera_dma_handler)
    camera_uart_handler                      0x20000018   Data           4  zf_device_type.o(.data.camera_uart_handler)
    camera_vsync_handler                     0x2000001c   Data           4  zf_device_type.o(.data.camera_vsync_handler)
    dif_speed_reduce                         0x20000020   Data           4  auto_menu.o(.data.dif_speed_reduce)
    dl1a_distance_mm                         0x20000024   Data           2  zf_device_dl1a.o(.data.dl1a_distance_mm)
    gpio_group                               0x20000030   Data          32  zf_driver_gpio.o(.data.gpio_group)
    gyro_ration                              0x20000050   Data           1  imu.o(.data.gyro_ration)
    imu963ra_transition_factor               0x20000054   Data          12  zf_device_imu963ra.o(.data.imu963ra_transition_factor)
    kd1                                      0x20000068   Data           4  auto_menu.o(.data.kd1)
    kp                                       0x2000006c   Data           4  auto_menu.o(.data.kp)
    kp_min                                   0x20000070   Data           4  auto_menu.o(.data.kp_min)
    mid_weight                               0x20000074   Data         120  image.o(.data.mid_weight)
    mid_weight_1                             0x200000ec   Data         120  image.o(.data.mid_weight_1)
    mid_weight_2                             0x20000164   Data         120  image.o(.data.mid_weight_2)
    mid_weight_3                             0x200001dc   Data         120  image.o(.data.mid_weight_3)
    mid_weight_4                             0x20000254   Data         120  image.o(.data.mid_weight_4)
    mid_weight_5                             0x200002cc   Data         120  image.o(.data.mid_weight_5)
    motor_pid_kd                             0x20000344   Data           4  motor.o(.data.motor_pid_kd)
    motor_pid_ki                             0x20000348   Data           4  motor.o(.data.motor_pid_ki)
    motor_pid_kp                             0x2000034c   Data           4  motor.o(.data.motor_pid_kp)
    prospect                                 0x2000039c   Data           1  image.o(.data.prospect)
    reference_contrast_ratio                 0x2000039d   Data           1  image.o(.data.reference_contrast_ratio)
    servo_pid_kd1                            0x200003a0   Data           4  servo.o(.data.servo_pid_kd1)
    servo_pid_kp                             0x200003a4   Data           4  servo.o(.data.servo_pid_kp)
    single_edge_err                          0x200003a8   Data         120  image.o(.data.single_edge_err)
    system_clock                             0x20000420   Data           4  zf_common_clock.o(.data.system_clock)
    wireless_module_uart_handler             0x20000428   Data           4  zf_device_type.o(.data.wireless_module_uart_handler)
    angle                                    0x20000438   Data           4  servo.o(.bss.angle)
    angle_roll_temp                          0x2000043c   Data           4  imu.o(.bss.angle_roll_temp)
    ax                                       0x20000440   Data           2  imu.o(.bss.ax)
    ay                                       0x20000442   Data           2  imu.o(.bss.ay)
    az                                       0x20000444   Data           2  imu.o(.bss.az)
    basic_speed                              0x20000448   Data           4  auto_menu.o(.bss.basic_speed)
    beep_flag                                0x2000044c   Data           1  beep.o(.bss.beep_flag)
    block_time                               0x2000044d   Data           1  motor.o(.bss.block_time)
    button1                                  0x2000044e   Data           1  auto_menu.o(.bss.button1)
    button2                                  0x2000044f   Data           1  auto_menu.o(.bss.button2)
    button3                                  0x20000450   Data           1  auto_menu.o(.bss.button3)
    button4                                  0x20000451   Data           1  auto_menu.o(.bss.button4)
    camera_receiver_buffer                   0x20000454   Data           8  zf_device_camera.o(.bss.camera_receiver_buffer)
    camera_receiver_fifo                     0x2000045c   Data          24  zf_device_camera.o(.bss.camera_receiver_fifo)
    camera_type                              0x20000474   Data           1  zf_device_type.o(.bss.camera_type)
    circle_flag                              0x20000475   Data           1  image.o(.bss.circle_flag)
    circle_time                              0x20000476   Data           2  image.o(.bss.circle_time)
    count_10ms                               0x20000478   Data           4  main.o(.bss.count_10ms)
    cross_flag                               0x2000047c   Data           1  image.o(.bss.cross_flag)
    current_operation_menu                   0x20000480   Data           4  auto_menu.o(.bss.current_operation_menu)
    dif_speed_plus                           0x200004a0   Data           4  auto_menu.o(.bss.dif_speed_plus)
    differential_mode                        0x200004a4   Data           1  motor.o(.bss.differential_mode)
    dl1a_finsh_flag                          0x200004a5   Data           1  zf_device_dl1a.o(.bss.dl1a_finsh_flag)
    encoder_data_l                           0x200004be   Data           2  motor.o(.bss.encoder_data_l)
    encoder_data_r                           0x200004c0   Data           2  motor.o(.bss.encoder_data_r)
    filtering_angle                          0x200004c4   Data           4  imu.o(.bss.filtering_angle)
    final_mid_line                           0x200004c8   Data           1  image.o(.bss.final_mid_line)
    first_in_page_flag                       0x200004c9   Data           1  auto_menu.o(.bss.first_in_page_flag)
    go_flag                                  0x200004ca   Data           1  motor.o(.bss.go_flag)
    gps_gga_state                            0x2000054b   Data           1  zf_device_gps_tau1201.o(.bss.gps_gga_state)
    gps_rmc_state                            0x200005cc   Data           1  zf_device_gps_tau1201.o(.bss.gps_rmc_state)
    gps_tau1201_flag                         0x200005cd   Data           1  zf_device_gps_tau1201.o(.bss.gps_tau1201_flag)
    gx                                       0x200005ea   Data           2  imu.o(.bss.gx)
    gy                                       0x200005ec   Data           2  imu.o(.bss.gy)
    gz                                       0x200005ee   Data           2  imu.o(.bss.gz)
    if_circle                                0x200005f0   Data           1  image.o(.bss.if_circle)
    imu963ra_acc_x                           0x200005f2   Data           2  zf_device_imu963ra.o(.bss.imu963ra_acc_x)
    imu963ra_acc_y                           0x200005f4   Data           2  zf_device_imu963ra.o(.bss.imu963ra_acc_y)
    imu963ra_acc_z                           0x200005f6   Data           2  zf_device_imu963ra.o(.bss.imu963ra_acc_z)
    imu963ra_gyro_x                          0x200005f8   Data           2  zf_device_imu963ra.o(.bss.imu963ra_gyro_x)
    imu963ra_gyro_y                          0x200005fa   Data           2  zf_device_imu963ra.o(.bss.imu963ra_gyro_y)
    imu963ra_gyro_z                          0x200005fc   Data           2  zf_device_imu963ra.o(.bss.imu963ra_gyro_z)
    is_clear_flag                            0x2000060a   Data           1  auto_menu.o(.bss.is_clear_flag)
    kd2                                      0x2000060c   Data           4  auto_menu.o(.bss.kd2)
    key1_state                               0x20000610   Data           1  key.o(.bss.key1_state)
    key1_state_last                          0x20000611   Data           1  key.o(.bss.key1_state_last)
    key2_state                               0x20000612   Data           1  key.o(.bss.key2_state)
    key2_state_last                          0x20000613   Data           1  key.o(.bss.key2_state_last)
    key3_state                               0x20000614   Data           1  key.o(.bss.key3_state)
    key3_state_last                          0x20000615   Data           1  key.o(.bss.key3_state_last)
    key4_state                               0x20000616   Data           1  key.o(.bss.key4_state)
    key4_state_last                          0x20000617   Data           1  key.o(.bss.key4_state_last)
    ki                                       0x20000618   Data           4  auto_menu.o(.bss.ki)
    last_final_mid_line                      0x2000061c   Data           1  image.o(.bss.last_final_mid_line)
    left_edge_line                           0x20000620   Data         240  image.o(.bss.left_edge_line)
    mid_line                                 0x20000710   Data         120  image.o(.bss.mid_line)
    mid_mode                                 0x20000788   Data           1  image.o(.bss.mid_mode)
    motor_f                                  0x20000789   Data           1  motor.o(.bss.motor_f)
    mt9v03x_finish_flag                      0x2000078a   Data           1  zf_device_mt9v03x.o(.bss.mt9v03x_finish_flag)
    mt9v03x_image                            0x200007a0   Data       22560  zf_device_mt9v03x.o(.bss.mt9v03x_image)
    my_index                                 0x20005fde   Data         200  auto_menu.o(.bss.my_index)
    my_menu_unit                             0x200060a8   Data        4000  auto_menu.o(.bss.my_menu_unit)
    my_param_set                             0x20007048   Data        1200  auto_menu.o(.bss.my_param_set)
    p_index_xy_dad                           0x200074f8   Data           4  auto_menu.o(.bss.p_index_xy_dad)
    p_index_xy_son                           0x200074fc   Data           4  auto_menu.o(.bss.p_index_xy_son)
    ramp_f                                   0x20007528   Data           1  control.o(.bss.ramp_f)
    ramp_flag                                0x20007529   Data           1  control.o(.bss.ramp_flag)
    reference_col                            0x2000752a   Data           1  image.o(.bss.reference_col)
    reference_line                           0x2000752c   Data         240  image.o(.bss.reference_line)
    reference_point                          0x2000761c   Data           1  image.o(.bss.reference_point)
    remote_distance                          0x20007620   Data         188  image.o(.bss.remote_distance)
    right_edge_line                          0x200076dc   Data         240  image.o(.bss.right_edge_line)
    servo_f                                  0x200077cc   Data           1  servo.o(.bss.servo_f)
    servo_flag                               0x200077cd   Data           1  auto_menu.o(.bss.servo_flag)
    servo_pid_kd2                            0x200077d0   Data           4  servo.o(.bss.servo_pid_kd2)
    servo_pid_ki                             0x200077d4   Data           4  servo.o(.bss.servo_pid_ki)
    slow_down_flag                           0x200077d8   Data           1  auto_menu.o(.bss.slow_down_flag)
    speed                                    0x200077dc   Data           4  control.o(.bss.speed)
    speed_l                                  0x200077e0   Data           2  motor.o(.bss.speed_l)
    speed_policy_flag                        0x200077e2   Data           1  auto_menu.o(.bss.speed_policy_flag)
    speed_r                                  0x200077e4   Data           2  motor.o(.bss.speed_r)
    start_time                               0x200077e8   Data           4  auto_menu.o(.bss.start_time)
    stop_flag                                0x200077f0   Data           1  motor.o(.bss.stop_flag)
    stop_search_row                          0x200077f1   Data           1  image.o(.bss.stop_search_row)
    stop_time                                0x200077f2   Data           1  motor.o(.bss.stop_time)
    tsl1401_data                             0x20007804   Data         512  zf_device_tsl1401.o(.bss.tsl1401_data)
    tsl1401_finish_flag                      0x20007a04   Data           1  zf_device_tsl1401.o(.bss.tsl1401_finish_flag)
    user_image                               0x20007a24   Data       22560  image.o(.bss.user_image)
    white_max_point                          0x2000d244   Data           1  image.o(.bss.white_max_point)
    white_min_point                          0x2000d245   Data           1  image.o(.bss.white_min_point)
    wireless_type                            0x2000d246   Data           1  zf_device_type.o(.bss.wireless_type)
    Image$$ARM_LIB_HEAP$$ZI$$Base            0x2000d2a4   Number         0  anon$$obj.o ABSOLUTE
    Image$$ARM_LIB_HEAP$$ZI$$Limit           0x2000d6a4   Number         0  anon$$obj.o ABSOLUTE
    Image$$ARM_LIB_STACK$$ZI$$Limit          0x20020000   Number         0  anon$$obj.o ABSOLUTE



==============================================================================

Memory Map of the image

  Image Entry point : 0x08000401

  Load Region LR_m_text (Base: 0x08000000, Size: 0x0000ba1c, Max: 0x00080000, ABSOLUTE, COMPRESSED[0x0000b72c])

    Execution Region VECTOR_ROM (Exec base: 0x08000000, Load base: 0x08000000, Size: 0x00000190, Max: 0x00000400, ABSOLUTE)

    Exec Addr    Load Addr    Size         Type   Attr      Idx    E Section Name        Object

    0x08000000   0x08000000   0x00000190   Data   RO         1749    RESET               startup_mm32f3277g.o


    Execution Region ER_m_text (Exec base: 0x08000400, Load base: 0x08000400, Size: 0x0000b1ec, Max: 0x0007fc00, ABSOLUTE, FIXED)

    Exec Addr    Load Addr    Size         Type   Attr      Idx    E Section Name        Object

    0x08000400   0x08000400   0x00000000   Code   RO         2690  * .ARM.Collect$$$$00000000  mc_w.l(entry.o)
    0x08000400   0x08000400   0x00000004   Code   RO         3087    .ARM.Collect$$$$00000003  mc_w.l(entry4.o)
    0x08000404   0x08000404   0x00000004   Code   RO         3090    .ARM.Collect$$$$00000004  mc_w.l(entry5.o)
    0x08000408   0x08000408   0x00000000   Code   RO         3092    .ARM.Collect$$$$00000008  mc_w.l(entry7b.o)
    0x08000408   0x08000408   0x00000000   Code   RO         3094    .ARM.Collect$$$$0000000A  mc_w.l(entry8b.o)
    0x08000408   0x08000408   0x00000008   Code   RO         3095    .ARM.Collect$$$$0000000B  mc_w.l(entry9a.o)
    0x08000410   0x08000410   0x00000000   Code   RO         3097    .ARM.Collect$$$$0000000D  mc_w.l(entry10a.o)
    0x08000410   0x08000410   0x00000000   Code   RO         3099    .ARM.Collect$$$$0000000F  mc_w.l(entry11a.o)
    0x08000410   0x08000410   0x00000004   Code   RO         3088    .ARM.Collect$$$$00002714  mc_w.l(entry4.o)
    0x08000414   0x08000414   0x00000024   Code   RO         1750    .text               startup_mm32f3277g.o
    0x08000438   0x08000438   0x00000024   Code   RO         2693    .text               mc_w.l(memcpya.o)
    0x0800045c   0x0800045c   0x00000024   Code   RO         2695    .text               mc_w.l(memseta.o)
    0x08000480   0x08000480   0x0000000e   Code   RO         2703    .text               mc_w.l(strlen.o)
    0x0800048e   0x0800048e   0x0000001a   Code   RO         2707    .text               mc_w.l(memcmp.o)
    0x080004a8   0x080004a8   0x00000012   Code   RO         2709    .text               mc_w.l(strcpy.o)
    0x080004ba   0x080004ba   0x000000b0   Code   RO         3004    .text               mf_w.l(fadd.o)
    0x0800056a   0x0800056a   0x00000064   Code   RO         3006    .text               mf_w.l(fmul.o)
    0x080005ce   0x080005ce   0x0000007c   Code   RO         3008    .text               mf_w.l(fdiv.o)
    0x0800064a   0x0800064a   0x0000014e   Code   RO         3010    .text               mf_w.l(dadd.o)
    0x08000798   0x08000798   0x000000e4   Code   RO         3012    .text               mf_w.l(dmul.o)
    0x0800087c   0x0800087c   0x000000de   Code   RO         3014    .text               mf_w.l(ddiv.o)
    0x0800095a   0x0800095a   0x0000001c   Code   RO         3016    .text               mf_w.l(fcmple.o)
    0x08000976   0x08000976   0x0000001c   Code   RO         3018    .text               mf_w.l(fcmplt.o)
    0x08000992   0x08000992   0x0000001c   Code   RO         3020    .text               mf_w.l(fcmpge.o)
    0x080009ae   0x080009ae   0x0000001c   Code   RO         3022    .text               mf_w.l(fcmpgt.o)
    0x080009ca   0x080009ca   0x0000001c   Code   RO         3024    .text               mf_w.l(fcmpeq.o)
    0x080009e6   0x080009e6   0x00000036   Code   RO         3026    .text               mf_w.l(dcmplt.o)
    0x08000a1c   0x08000a1c   0x00000036   Code   RO         3030    .text               mf_w.l(dcmpgt.o)
    0x08000a52   0x08000a52   0x00000012   Code   RO         3034    .text               mf_w.l(fflti.o)
    0x08000a64   0x08000a64   0x0000000a   Code   RO         3036    .text               mf_w.l(ffltui.o)
    0x08000a6e   0x08000a6e   0x00000022   Code   RO         3038    .text               mf_w.l(dflti.o)
    0x08000a90   0x08000a90   0x0000001a   Code   RO         3040    .text               mf_w.l(dfltui.o)
    0x08000aaa   0x08000aaa   0x00000032   Code   RO         3042    .text               mf_w.l(ffixi.o)
    0x08000adc   0x08000adc   0x0000003e   Code   RO         3044    .text               mf_w.l(dfixi.o)
    0x08000b1a   0x08000b1a   0x00000032   Code   RO         3046    .text               mf_w.l(dfixui.o)
    0x08000b4c   0x08000b4c   0x00000026   Code   RO         3048    .text               mf_w.l(f2d.o)
    0x08000b72   0x08000b72   0x00000038   Code   RO         3050    .text               mf_w.l(d2f.o)
    0x08000baa   0x08000baa   0x0000002c   Code   RO         3111    .text               mc_w.l(uidiv.o)
    0x08000bd6   0x08000bd6   0x0000001e   Code   RO         3115    .text               mc_w.l(llshl.o)
    0x08000bf4   0x08000bf4   0x00000020   Code   RO         3117    .text               mc_w.l(llushr.o)
    0x08000c14   0x08000c14   0x00000024   Code   RO         3119    .text               mc_w.l(llsshr.o)
    0x08000c38   0x08000c38   0x00000000   Code   RO         3130    .text               mc_w.l(iusefp.o)
    0x08000c38   0x08000c38   0x0000006e   Code   RO         3131    .text               mf_w.l(fepilogue.o)
    0x08000ca6   0x08000ca6   0x000000ba   Code   RO         3133    .text               mf_w.l(depilogue.o)
    0x08000d60   0x08000d60   0x00000030   Code   RO         3145    .text               mc_w.l(init.o)
    0x08000d90   0x08000d90   0x00000056   Code   RO         3155    .text               mc_w.l(__dczerorl2.o)
    0x08000de6   0x08000de6   0x00000002   PAD
    0x08000de8   0x08000de8   0x0000001a   Code   RO           65    .text.DMA1_Channel1_IRQHandler  isr.o
    0x08000e02   0x08000e02   0x00000002   PAD
    0x08000e04   0x08000e04   0x0000001a   Code   RO           67    .text.DMA1_Channel2_IRQHandler  isr.o
    0x08000e1e   0x08000e1e   0x00000002   PAD
    0x08000e20   0x08000e20   0x0000001a   Code   RO           69    .text.DMA1_Channel3_IRQHandler  isr.o
    0x08000e3a   0x08000e3a   0x00000002   PAD
    0x08000e3c   0x08000e3c   0x00000028   Code   RO           71    .text.DMA1_Channel4_IRQHandler  isr.o
    0x08000e64   0x08000e64   0x0000001a   Code   RO           73    .text.DMA1_Channel5_IRQHandler  isr.o
    0x08000e7e   0x08000e7e   0x00000002   PAD
    0x08000e80   0x08000e80   0x0000001a   Code   RO           75    .text.DMA1_Channel6_IRQHandler  isr.o
    0x08000e9a   0x08000e9a   0x00000002   PAD
    0x08000e9c   0x08000e9c   0x0000001a   Code   RO           77    .text.DMA1_Channel7_IRQHandler  isr.o
    0x08000eb6   0x08000eb6   0x00000002   PAD
    0x08000eb8   0x08000eb8   0x0000001c   Code   RO           79    .text.DMA2_Channel1_IRQHandler  isr.o
    0x08000ed4   0x08000ed4   0x0000001c   Code   RO           81    .text.DMA2_Channel2_IRQHandler  isr.o
    0x08000ef0   0x08000ef0   0x0000001c   Code   RO           83    .text.DMA2_Channel3_IRQHandler  isr.o
    0x08000f0c   0x08000f0c   0x0000001c   Code   RO           85    .text.DMA2_Channel4_IRQHandler  isr.o
    0x08000f28   0x08000f28   0x0000001c   Code   RO           87    .text.DMA2_Channel5_IRQHandler  isr.o
    0x08000f44   0x08000f44   0x00000012   Code   RO           51    .text.EXTI0_IRQHandler  isr.o
    0x08000f56   0x08000f56   0x00000002   PAD
    0x08000f58   0x08000f58   0x0000006a   Code   RO           63    .text.EXTI15_10_IRQHandler  isr.o
    0x08000fc2   0x08000fc2   0x00000002   PAD
    0x08000fc4   0x08000fc4   0x00000012   Code   RO           53    .text.EXTI1_IRQHandler  isr.o
    0x08000fd6   0x08000fd6   0x00000002   PAD
    0x08000fd8   0x08000fd8   0x00000012   Code   RO           55    .text.EXTI2_IRQHandler  isr.o
    0x08000fea   0x08000fea   0x00000002   PAD
    0x08000fec   0x08000fec   0x00000012   Code   RO           57    .text.EXTI3_IRQHandler  isr.o
    0x08000ffe   0x08000ffe   0x00000002   PAD
    0x08001000   0x08001000   0x00000018   Code   RO           59    .text.EXTI4_IRQHandler  isr.o
    0x08001018   0x08001018   0x00000060   Code   RO           61    .text.EXTI9_5_IRQHandler  isr.o
    0x08001078   0x08001078   0x0000013c   Code   RO          162    .text.FUN_INIT      auto_menu.o
    0x080011b4   0x080011b4   0x00000002   Code   RO          154    .text.NULL_FUN      auto_menu.o
    0x080011b6   0x080011b6   0x00000002   PAD
    0x080011b8   0x080011b8   0x0000000c   Code   RO         1742    .text.SystemInit    system_mm32f3277g.o
    0x080011c4   0x080011c4   0x00000014   Code   RO           19    .text.TIM1_UP_IRQHandler  isr.o
    0x080011d8   0x080011d8   0x00000012   Code   RO           21    .text.TIM2_IRQHandler  isr.o
    0x080011ea   0x080011ea   0x00000002   PAD
    0x080011ec   0x080011ec   0x00000014   Code   RO           23    .text.TIM3_IRQHandler  isr.o
    0x08001200   0x08001200   0x00000014   Code   RO           25    .text.TIM4_IRQHandler  isr.o
    0x08001214   0x08001214   0x00000014   Code   RO           27    .text.TIM5_IRQHandler  isr.o
    0x08001228   0x08001228   0x0000001a   Code   RO           29    .text.TIM6_IRQHandler  isr.o
    0x08001242   0x08001242   0x00000002   PAD
    0x08001244   0x08001244   0x0000001a   Code   RO           31    .text.TIM7_IRQHandler  isr.o
    0x0800125e   0x0800125e   0x00000002   PAD
    0x08001260   0x08001260   0x0000001a   Code   RO           33    .text.TIM8_UP_IRQHandler  isr.o
    0x0800127a   0x0800127a   0x00000002   PAD
    0x0800127c   0x0800127c   0x0000002c   Code   RO           35    .text.UART1_IRQHandler  isr.o
    0x080012a8   0x080012a8   0x00000032   Code   RO           37    .text.UART2_IRQHandler  isr.o
    0x080012da   0x080012da   0x00000002   PAD
    0x080012dc   0x080012dc   0x0000002c   Code   RO           39    .text.UART3_IRQHandler  isr.o
    0x08001308   0x08001308   0x0000002c   Code   RO           41    .text.UART4_IRQHandler  isr.o
    0x08001334   0x08001334   0x0000002c   Code   RO           43    .text.UART5_IRQHandler  isr.o
    0x08001360   0x08001360   0x0000003a   Code   RO           45    .text.UART6_IRQHandler  isr.o
    0x0800139a   0x0800139a   0x00000002   PAD
    0x0800139c   0x0800139c   0x0000002c   Code   RO           47    .text.UART7_IRQHandler  isr.o
    0x080013c8   0x080013c8   0x0000003a   Code   RO           49    .text.UART8_IRQHandler  isr.o
    0x08001402   0x08001402   0x00000002   PAD
    0x08001404   0x08001404   0x00000134   Code   RO          160    .text.UNIT_SET      auto_menu.o
    0x08001538   0x08001538   0x00000046   Code   RO          596    .text.adc_convert   zf_driver_adc.o
    0x0800157e   0x0800157e   0x00000002   PAD
    0x08001580   0x08001580   0x0000007e   Code   RO          709    .text.afio_init     zf_driver_gpio.o
    0x080015fe   0x080015fe   0x00000002   PAD
    0x08001600   0x08001600   0x000000d4   Code   RO          439    .text.all_control   control.o
    0x080016d4   0x080016d4   0x00000146   Code   RO          118    .text.assist_menu   auto_menu.o
    0x0800181a   0x0800181a   0x00000002   PAD
    0x0800181c   0x0800181c   0x0000000c   Code   RO          399    .text.beep_init     beep.o
    0x08001828   0x08001828   0x00000008   Code   RO          405    .text.beep_off      beep.o
    0x08001830   0x08001830   0x00000008   Code   RO          403    .text.beep_on       beep.o
    0x08001838   0x08001838   0x000001ec   Code   RO          216    .text.button_entry  key.o
    0x08001a24   0x08001a24   0x00000018   Code   RO         1086    .text.camera_fifo_init  zf_device_camera.o
    0x08001a3c   0x08001a3c   0x0000005e   Code   RO         1088    .text.camera_init   zf_device_camera.o
    0x08001a9a   0x08001a9a   0x00000002   PAD
    0x08001a9c   0x08001a9c   0x000001c0   Code   RO          116    .text.center_menu   auto_menu.o
    0x08001c5c   0x08001c5c   0x00000208   Code   RO          120    .text.change_value  auto_menu.o
    0x08001e64   0x08001e64   0x00000060   Code   RO          134    .text.circle        auto_menu.o
    0x08001ec4   0x08001ec4   0x00000228   Code   RO          451    .text.clock_init    zf_common_clock.o
    0x080020ec   0x080020ec   0x000000a2   Code   RO           96    .text.dad_name_init  auto_menu.o
    0x0800218e   0x0800218e   0x00000002   PAD
    0x08002190   0x08002190   0x000000f8   Code   RO          469    .text.debug_assert_handler  zf_common_debug.o
    0x08002288   0x08002288   0x0000007e   Code   RO          479    .text.debug_init    zf_common_debug.o
    0x08002306   0x08002306   0x00000002   PAD
    0x08002308   0x08002308   0x00000030   Code   RO          473    .text.debug_log_handler  zf_common_debug.o
    0x08002338   0x08002338   0x00000340   Code   RO          471    .text.debug_output  zf_common_debug.o
    0x08002678   0x08002678   0x00000062   Code   RO          477    .text.debug_output_init  zf_common_debug.o
    0x080026da   0x080026da   0x00000002   PAD
    0x080026dc   0x080026dc   0x00000016   Code   RO          475    .text.debug_output_struct_init  zf_common_debug.o
    0x080026f2   0x080026f2   0x00000002   PAD
    0x080026f4   0x080026f4   0x00000008   Code   RO          481    .text.debug_uart_str_output  zf_common_debug.o
    0x080026fc   0x080026fc   0x0000008a   Code   RO         1102    .text.dl1a_get_distance  zf_device_dl1a.o
    0x08002786   0x08002786   0x00000002   PAD
    0x08002788   0x08002788   0x00000004   Code   RO         1104    .text.dl1a_int_handler  zf_device_dl1a.o
    0x0800278c   0x0800278c   0x0000002a   Code   RO         1126    .text.dm1xa_light_callback  zf_device_dm1xa.o
    0x080027b6   0x080027b6   0x00000002   PAD
    0x080027b8   0x080027b8   0x000000c6   Code   RO         1124    .text.dm1xa_sound_callback  zf_device_dm1xa.o
    0x0800287e   0x0800287e   0x00000002   PAD
    0x08002880   0x08002880   0x0000008c   Code   RO          632    .text.dma_camera_init  zf_driver_dma.o
    0x0800290c   0x0800290c   0x00000026   Code   RO          630    .text.dma_disable   zf_driver_dma.o
    0x08002932   0x08002932   0x00000002   PAD
    0x08002934   0x08002934   0x00000026   Code   RO          628    .text.dma_enable    zf_driver_dma.o
    0x0800295a   0x0800295a   0x00000002   PAD
    0x0800295c   0x0800295c   0x00000020   Code   RO          626    .text.dma_set_count  zf_driver_dma.o
    0x0800297c   0x0800297c   0x00000040   Code   RO          645    .text.encoder_clear_count  zf_driver_encoder.o
    0x080029bc   0x080029bc   0x00000068   Code   RO          643    .text.encoder_get_count  zf_driver_encoder.o
    0x08002a24   0x08002a24   0x00000022   Code   RO          283    .text.encoder_init  encoder.o
    0x08002a46   0x08002a46   0x00000002   PAD
    0x08002a48   0x08002a48   0x000000e0   Code   RO          647    .text.encoder_quad_init  zf_driver_encoder.o
    0x08002b28   0x08002b28   0x00000148   Code   RO          665    .text.exti_init     zf_driver_exti.o
    0x08002c70   0x08002c70   0x0000005c   Code   RO          503    .text.fifo_clear    zf_common_fifo.o
    0x08002ccc   0x08002ccc   0x0000003e   Code   RO          517    .text.fifo_init     zf_common_fifo.o
    0x08002d0a   0x08002d0a   0x00000002   PAD
    0x08002d0c   0x08002d0c   0x00000144   Code   RO          513    .text.fifo_read_buffer  zf_common_fifo.o
    0x08002e50   0x08002e50   0x00000020   Code   RO          505    .text.fifo_used     zf_common_fifo.o
    0x08002e70   0x08002e70   0x000001c2   Code   RO          509    .text.fifo_write_buffer  zf_common_fifo.o
    0x08003032   0x08003032   0x00000002   PAD
    0x08003034   0x08003034   0x0000007a   Code   RO          507    .text.fifo_write_element  zf_common_fifo.o
    0x080030ae   0x080030ae   0x00000002   PAD
    0x080030b0   0x080030b0   0x0000010e   Code   RO          416    .text.first_order_complementary_filtering  imu.o
    0x080031be   0x080031be   0x00000002   PAD
    0x080031c0   0x080031c0   0x0000001c   Code   RO          461    .text.fputc         zf_common_debug.o
    0x080031dc   0x080031dc   0x000000e6   Code   RO          108    .text.fun_init      auto_menu.o
    0x080032c2   0x080032c2   0x00000002   PAD
    0x080032c4   0x080032c4   0x0000014a   Code   RO          554    .text.func_float_to_str  zf_common_function.o
    0x0800340e   0x0800340e   0x00000002   PAD
    0x08003410   0x08003410   0x00000018   Code   RO          540    .text.func_get_greatest_common_divisor  zf_common_function.o
    0x08003428   0x08003428   0x0000009e   Code   RO          546    .text.func_int_to_str  zf_common_function.o
    0x080034c6   0x080034c6   0x00000002   PAD
    0x080034c8   0x080034c8   0x00000082   Code   RO          550    .text.func_uint_to_str  zf_common_function.o
    0x0800354a   0x0800354a   0x00000002   PAD
    0x0800354c   0x0800354c   0x0000006a   Code   RO          142    .text.get_store_1   auto_menu.o
    0x080035b6   0x080035b6   0x00000002   PAD
    0x080035b8   0x080035b8   0x00000066   Code   RO          146    .text.get_store_2   auto_menu.o
    0x0800361e   0x0800361e   0x00000002   PAD
    0x08003620   0x08003620   0x00000020   Code   RO          701    .text.gpio_get_level  zf_driver_gpio.o
    0x08003640   0x08003640   0x0000008a   Code   RO          707    .text.gpio_init     zf_driver_gpio.o
    0x080036ca   0x080036ca   0x00000002   PAD
    0x080036cc   0x080036cc   0x0000002c   Code   RO          699    .text.gpio_set_level  zf_driver_gpio.o
    0x080036f8   0x080036f8   0x0000002c   Code   RO          703    .text.gpio_toggle_level  zf_driver_gpio.o
    0x08003724   0x08003724   0x000000f4   Code   RO         1152    .text.gps_uart_callback  zf_device_gps_tau1201.o
    0x08003818   0x08003818   0x00000150   Code   RO          315    .text.image_calculate_mid  image.o
    0x08003968   0x08003968   0x00000364   Code   RO          313    .text.image_circle_analysis  image.o
    0x08003ccc   0x08003ccc   0x00000070   Code   RO          305    .text.image_connect_point  image.o
    0x08003d3c   0x08003d3c   0x00000322   Code   RO          309    .text.image_cross_analysis  image.o
    0x0800405e   0x0800405e   0x00000002   PAD
    0x08004060   0x08004060   0x0000009a   Code   RO          319    .text.image_display_edge_line  image.o
    0x080040fa   0x080040fa   0x00000002   PAD
    0x080040fc   0x080040fc   0x000002e2   Code   RO          325    .text.image_process  image.o
    0x080043de   0x080043de   0x00000002   PAD
    0x080043e0   0x080043e0   0x000000f6   Code   RO          307    .text.image_stretch_point  image.o
    0x080044d6   0x080044d6   0x00000002   PAD
    0x080044d8   0x080044d8   0x0000005c   Code   RO         1229    .text.imu963ra_get_acc  zf_device_imu963ra.o
    0x08004534   0x08004534   0x0000005c   Code   RO         1231    .text.imu963ra_get_gyro  zf_device_imu963ra.o
    0x08004590   0x08004590   0x00000488   Code   RO         1235    .text.imu963ra_init  zf_device_imu963ra.o
    0x08004a18   0x08004a18   0x000000f4   Code   RO         1237    .text.imu963ra_write_mag_register  zf_device_imu963ra.o
    0x08004b0c   0x08004b0c   0x00000028   Code   RO          581    .text.interrupt_disable  zf_common_interrupt.o
    0x08004b34   0x08004b34   0x00000020   Code   RO          579    .text.interrupt_enable  zf_common_interrupt.o
    0x08004b54   0x08004b54   0x00000016   Code   RO          577    .text.interrupt_global_disable  zf_common_interrupt.o
    0x08004b6a   0x08004b6a   0x00000002   PAD
    0x08004b6c   0x08004b6c   0x0000001c   Code   RO          585    .text.interrupt_init  zf_common_interrupt.o
    0x08004b88   0x08004b88   0x00000022   Code   RO          583    .text.interrupt_set_priority  zf_common_interrupt.o
    0x08004baa   0x08004baa   0x00000002   PAD
    0x08004bac   0x08004bac   0x00000118   Code   RO         1311    .text.ips200_clear  zf_device_ips200.o
    0x08004cc4   0x08004cc4   0x00000104   Code   RO         1323    .text.ips200_draw_point  zf_device_ips200.o
    0x08004dc8   0x08004dc8   0x00001386   Code   RO         1347    .text.ips200_init   zf_device_ips200.o
    0x0800614e   0x0800614e   0x00000002   PAD
    0x08006150   0x08006150   0x00000354   Code   RO         1313    .text.ips200_set_region  zf_device_ips200.o
    0x080064a4   0x080064a4   0x000002de   Code   RO         1327    .text.ips200_show_char  zf_device_ips200.o
    0x08006782   0x08006782   0x00000002   PAD
    0x08006784   0x08006784   0x00000130   Code   RO         1335    .text.ips200_show_float  zf_device_ips200.o
    0x080068b4   0x080068b4   0x00000216   Code   RO         1339    .text.ips200_show_gray_image  zf_device_ips200.o
    0x08006aca   0x08006aca   0x00000002   PAD
    0x08006acc   0x08006acc   0x000000d8   Code   RO         1331    .text.ips200_show_int  zf_device_ips200.o
    0x08006ba4   0x08006ba4   0x000000a6   Code   RO         1329    .text.ips200_show_string  zf_device_ips200.o
    0x08006c4a   0x08006c4a   0x00000002   PAD
    0x08006c4c   0x08006c4c   0x000000d8   Code   RO         1333    .text.ips200_show_uint  zf_device_ips200.o
    0x08006d24   0x08006d24   0x00000036   Code   RO          218    .text.key_into      key.o
    0x08006d5a   0x08006d5a   0x00000002   PAD
    0x08006d5c   0x08006d5c   0x000000a2   Code   RO            4    .text.main          main.o
    0x08006dfe   0x08006dfe   0x00000002   PAD
    0x08006e00   0x08006e00   0x000000c2   Code   RO          130    .text.menu_init     auto_menu.o
    0x08006ec2   0x08006ec2   0x00000002   PAD
    0x08006ec4   0x08006ec4   0x00000042   Code   RO          246    .text.motor_init    motor.o
    0x08006f06   0x08006f06   0x00000002   PAD
    0x08006f08   0x08006f08   0x0000013c   Code   RO          258    .text.motor_process  motor.o
    0x08007044   0x08007044   0x0000033e   Code   RO          252    .text.motor_setspeed  motor.o
    0x08007382   0x08007382   0x00000002   PAD
    0x08007384   0x08007384   0x0000008a   Code   RO          254    .text.motor_stop    motor.o
    0x0800740e   0x0800740e   0x00000002   PAD
    0x08007410   0x08007410   0x00000016   Code   RO         1419    .text.mt9v03x_dma_handler  zf_device_mt9v03x.o
    0x08007426   0x08007426   0x00000002   PAD
    0x08007428   0x08007428   0x000002f8   Code   RO         1425    .text.mt9v03x_init  zf_device_mt9v03x.o
    0x08007720   0x08007720   0x0000003c   Code   RO         2650    .text.mt9v03x_read_word_sccb  zf_device_config.lib(zf_device_config.o)
    0x0800775c   0x0800775c   0x000009ae   Code   RO         2646    .text.mt9v03x_set_config_sccb  zf_device_config.lib(zf_device_config.o)
    0x0800810a   0x0800810a   0x00000002   PAD
    0x0800810c   0x0800810c   0x0000003c   Code   RO         1421    .text.mt9v03x_uart_handler  zf_device_mt9v03x.o
    0x08008148   0x08008148   0x00000032   Code   RO         1417    .text.mt9v03x_vsync_handler  zf_device_mt9v03x.o
    0x0800817a   0x0800817a   0x00000002   PAD
    0x0800817c   0x0800817c   0x00000032   Code   RO         2648    .text.mt9v03x_write_word_sccb  zf_device_config.lib(zf_device_config.o)
    0x080081ae   0x080081ae   0x00000002   PAD
    0x080081b0   0x080081b0   0x000000f2   Code   RO          362    .text.pid_increment  pid.o
    0x080082a2   0x080082a2   0x00000002   PAD
    0x080082a4   0x080082a4   0x000000b4   Code   RO          364    .text.pid_positional  pid.o
    0x08008358   0x08008358   0x00000054   Code   RO            6    .text.pit6_handler  main.o
    0x080083ac   0x080083ac   0x0000007c   Code   RO            8    .text.pit7_handler  main.o
    0x08008428   0x08008428   0x000000c8   Code   RO          777    .text.pit_init      zf_driver_pit.o
    0x080084f0   0x080084f0   0x00000188   Code   RO          790    .text.pwm_init      zf_driver_pwm.o
    0x08008678   0x08008678   0x000000cc   Code   RO          788    .text.pwm_set_duty  zf_driver_pwm.o
    0x08008744   0x08008744   0x000002c8   Code   RO          297    .text.search_line   image.o
    0x08008a0c   0x08008a0c   0x00000060   Code   RO          132    .text.servo         auto_menu.o
    0x08008a6c   0x08008a6c   0x000001a6   Code   RO          380    .text.servo_control  servo.o
    0x08008c12   0x08008c12   0x00000002   PAD
    0x08008c14   0x08008c14   0x00000010   Code   RO          374    .text.servo_init    servo.o
    0x08008c24   0x08008c24   0x000000bc   Code   RO          382    .text.servo_process  servo.o
    0x08008ce0   0x08008ce0   0x00000046   Code   RO         1630    .text.set_camera_type  zf_device_type.o
    0x08008d26   0x08008d26   0x00000002   PAD
    0x08008d28   0x08008d28   0x00000024   Code   RO         1632    .text.set_wireless_type  zf_device_type.o
    0x08008d4c   0x08008d4c   0x000000b4   Code   RO          156    .text.show_image    auto_menu.o
    0x08008e00   0x08008e00   0x00000104   Code   RO          128    .text.show_process  auto_menu.o
    0x08008f04   0x08008f04   0x00000068   Code   RO          136    .text.slow_down     auto_menu.o
    0x08008f6c   0x08008f6c   0x00000060   Code   RO          875    .text.soft_iic_init  zf_driver_soft_iic.o
    0x08008fcc   0x08008fcc   0x00000088   Code   RO          861    .text.soft_iic_read_8bit_registers  zf_driver_soft_iic.o
    0x08009054   0x08009054   0x00000170   Code   RO          851    .text.soft_iic_read_data  zf_driver_soft_iic.o
    0x080091c4   0x080091c4   0x00000064   Code   RO          873    .text.soft_iic_sccb_read_register  zf_driver_soft_iic.o
    0x08009228   0x08009228   0x0000004a   Code   RO          871    .text.soft_iic_sccb_write_register  zf_driver_soft_iic.o
    0x08009272   0x08009272   0x00000002   PAD
    0x08009274   0x08009274   0x00000130   Code   RO          831    .text.soft_iic_send_data  zf_driver_soft_iic.o
    0x080093a4   0x080093a4   0x0000008e   Code   RO          829    .text.soft_iic_start  zf_driver_soft_iic.o
    0x08009432   0x08009432   0x00000002   PAD
    0x08009434   0x08009434   0x0000008e   Code   RO          833    .text.soft_iic_stop  zf_driver_soft_iic.o
    0x080094c2   0x080094c2   0x00000002   PAD
    0x080094c4   0x080094c4   0x0000004a   Code   RO          841    .text.soft_iic_write_8bit_register  zf_driver_soft_iic.o
    0x0800950e   0x0800950e   0x00000002   PAD
    0x08009510   0x08009510   0x0000006c   Code   RO          138    .text.speed_policy  auto_menu.o
    0x0800957c   0x0800957c   0x000001b8   Code   RO          973    .text.spi_init      zf_driver_spi.o
    0x08009734   0x08009734   0x00000048   Code   RO          961    .text.spi_read_8bit_register  zf_driver_spi.o
    0x0800977c   0x0800977c   0x00000078   Code   RO          963    .text.spi_read_8bit_registers  zf_driver_spi.o
    0x080097f4   0x080097f4   0x0000003c   Code   RO          941    .text.spi_write_16bit  zf_driver_spi.o
    0x08009830   0x08009830   0x00000030   Code   RO          937    .text.spi_write_8bit  zf_driver_spi.o
    0x08009860   0x08009860   0x00000038   Code   RO          945    .text.spi_write_8bit_register  zf_driver_spi.o
    0x08009898   0x08009898   0x00000038   Code   RO          158    .text.start         auto_menu.o
    0x080098d0   0x080098d0   0x000000a8   Code   RO          140    .text.store_1_200   auto_menu.o
    0x08009978   0x08009978   0x000000d0   Code   RO          144    .text.store_2_250   auto_menu.o
    0x08009a48   0x08009a48   0x000000d8   Code   RO          148    .text.store_3_300   auto_menu.o
    0x08009b20   0x08009b20   0x000000d0   Code   RO          150    .text.store_4_350   auto_menu.o
    0x08009bf0   0x08009bf0   0x000000d8   Code   RO          152    .text.store_5_400   auto_menu.o
    0x08009cc8   0x08009cc8   0x0000006c   Code   RO          613    .text.system_delay_ms  zf_driver_delay.o
    0x08009d34   0x08009d34   0x0000004c   Code   RO          995    .text.timer_clear   zf_driver_timer.o
    0x08009d80   0x08009d80   0x000000aa   Code   RO          987    .text.timer_clock_enable  zf_driver_timer.o
    0x08009e2a   0x08009e2a   0x00000002   PAD
    0x08009e2c   0x08009e2c   0x0000016a   Code   RO          999    .text.timer_etr_init  zf_driver_timer.o
    0x08009f96   0x08009f96   0x00000002   PAD
    0x08009f98   0x08009f98   0x0000001e   Code   RO          985    .text.timer_funciton_check  zf_driver_timer.o
    0x08009fb6   0x08009fb6   0x00000002   PAD
    0x08009fb8   0x08009fb8   0x0000005e   Code   RO          993    .text.timer_get     zf_driver_timer.o
    0x0800a016   0x0800a016   0x00000002   PAD
    0x0800a018   0x0800a018   0x000000a2   Code   RO         1611    .text.tsl1401_collect_pit_handler  zf_device_tsl1401.o
    0x0800a0ba   0x0800a0ba   0x00000002   PAD
    0x0800a0bc   0x0800a0bc   0x00000002   Code   RO         1628    .text.type_default_callback  zf_device_type.o
    0x0800a0be   0x0800a0be   0x00000002   PAD
    0x0800a0c0   0x0800a0c0   0x000001b4   Code   RO         1026    .text.uart_init     zf_driver_uart.o
    0x0800a274   0x0800a274   0x0000003a   Code   RO         1020    .text.uart_query_byte  zf_driver_uart.o
    0x0800a2ae   0x0800a2ae   0x00000002   PAD
    0x0800a2b0   0x0800a2b0   0x00000060   Code   RO         1024    .text.uart_rx_interrupt  zf_driver_uart.o
    0x0800a310   0x0800a310   0x00000048   Code   RO         1014    .text.uart_write_buffer  zf_driver_uart.o
    0x0800a358   0x0800a358   0x00000018   Code   RO         1012    .text.uart_write_byte  zf_driver_uart.o
    0x0800a370   0x0800a370   0x00000048   Code   RO         1016    .text.uart_write_string  zf_driver_uart.o
    0x0800a3b8   0x0800a3b8   0x00000266   Code   RO          106    .text.unit_param_set  auto_menu.o
    0x0800a61e   0x0800a61e   0x00000002   PAD
    0x0800a620   0x0800a620   0x00000064   Code   RO         1724    .text.wireless_uart_callback  zf_device_wireless_uart.o
    0x0800a684   0x0800a684   0x000000fa   Code   RO         1726    .text.wireless_uart_init  zf_device_wireless_uart.o
    0x0800a77e   0x0800a77e   0x00000002   PAD
    0x0800a780   0x0800a780   0x00000020   Code   RO         2804    i.__0printf$3       mc_w.l(printf3.o)
    0x0800a7a0   0x0800a7a0   0x00000028   Code   RO         2806    i.__0sprintf$3      mc_w.l(printf3.o)
    0x0800a7c8   0x0800a7c8   0x00000050   Code   RO         2976    i.__free$2region    mc_w.l(malloc2.o)
    0x0800a818   0x0800a818   0x0000006c   Code   RO         2977    i.__malloc$2region  mc_w.l(malloc2.o)
    0x0800a884   0x0800a884   0x0000000e   Code   RO         3149    i.__scatterload_copy  mc_w.l(handlers.o)
    0x0800a892   0x0800a892   0x00000002   Code   RO         3150    i.__scatterload_null  mc_w.l(handlers.o)
    0x0800a894   0x0800a894   0x0000000e   Code   RO         3151    i.__scatterload_zeroinit  mc_w.l(handlers.o)
    0x0800a8a2   0x0800a8a2   0x00000002   PAD
    0x0800a8a4   0x0800a8a4   0x000001b8   Code   RO         2811    i._printf_core      mc_w.l(printf3.o)
    0x0800aa5c   0x0800aa5c   0x0000000a   Code   RO         2813    i._sputc            mc_w.l(printf3.o)
    0x0800aa66   0x0800aa66   0x00000002   PAD
    0x0800aa68   0x0800aa68   0x000000ac   Data   RO          493    .rodata..L__const.debug_protective_handler.pin_list  zf_common_debug.o
    0x0800ab14   0x0800ab14   0x00000228   Data   RO          529    .rodata.ascii_font_6x8  zf_common_font.o
    0x0800ad3c   0x0800ad3c   0x000005f0   Data   RO          528    .rodata.ascii_font_8x16  zf_common_font.o
    0x0800b32c   0x0800b32c   0x00000020   Data   RO         1028    .rodata.cst32       zf_driver_uart.o
    0x0800b34c   0x0800b34c   0x00000008   Data   RO          602    .rodata.cst8        zf_driver_adc.o
    0x0800b354   0x0800b354   0x00000008   Data   RO          634    .rodata.cst8        zf_driver_dma.o
    0x0800b35c   0x0800b35c   0x00000008   Data   RO          975    .rodata.cst8        zf_driver_spi.o
    0x0800b364   0x0800b364   0x00000008   Data   RO         1031    .rodata.cst8        zf_driver_uart.o
    0x0800b36c   0x0800b36c   0x00000015   Data   RO          171    .rodata.str1.1      auto_menu.o
    0x0800b381   0x0800b381   0x00000009   Data   RO          494    .rodata.str1.1      zf_common_debug.o
    0x0800b38a   0x0800b38a   0x0000002b   Data   RO          519    .rodata.str1.1      zf_common_fifo.o
    0x0800b3b5   0x0800b3b5   0x0000002f   Data   RO          566    .rodata.str1.1      zf_common_function.o
    0x0800b3e4   0x0800b3e4   0x0000002c   Data   RO          617    .rodata.str1.1      zf_driver_delay.o
    0x0800b410   0x0800b410   0x0000002e   Data   RO          652    .rodata.str1.1      zf_driver_encoder.o
    0x0800b43e   0x0800b43e   0x0000002a   Data   RO          779    .rodata.str1.1      zf_driver_pit.o
    0x0800b468   0x0800b468   0x0000002a   Data   RO          792    .rodata.str1.1      zf_driver_pwm.o
    0x0800b492   0x0800b492   0x0000002f   Data   RO          877    .rodata.str1.1      zf_driver_soft_iic.o
    0x0800b4c1   0x0800b4c1   0x0000002a   Data   RO          976    .rodata.str1.1      zf_driver_spi.o
    0x0800b4eb   0x0800b4eb   0x0000002c   Data   RO         1003    .rodata.str1.1      zf_driver_timer.o
    0x0800b517   0x0800b517   0x0000002b   Data   RO         1029    .rodata.str1.1      zf_driver_uart.o
    0x0800b542   0x0800b542   0x0000002f   Data   RO         1249    .rodata.str1.1      zf_device_imu963ra.o
    0x0800b571   0x0800b571   0x0000002d   Data   RO         1356    .rodata.str1.1      zf_device_ips200.o
    0x0800b59e   0x0800b59e   0x0000002e   Data   RO         1431    .rodata.str1.1      zf_device_mt9v03x.o
    0x0800b5cc   0x0800b5cc   0x00000020   Data   RO         3148    Region$$Table       anon$$obj.o


    Execution Region RW_m_data (Exec base: 0x20000000, Load base: 0x0800b5ec, Size: 0x0000d2a4, Max: 0x0001dc00, ABSOLUTE, COMPRESSED[0x00000140])

    Exec Addr    Load Addr    Size         Type   Attr      Idx    E Section Name        Object

    0x20000000   COMPRESSED   0x00000004   Data   RW         3101    .data               mc_w.l(stdout.o)
    0x20000004   COMPRESSED   0x00000004   Data   RW         3121    .data               mc_w.l(mvars.o)
    0x20000008   COMPRESSED   0x00000004   Data   RW         3122    .data               mc_w.l(mvars.o)
    0x2000000c   COMPRESSED   0x00000001   Data   RW          170    .data.DAD_NUM       auto_menu.o
    0x2000000d   COMPRESSED   0x00000001   Data   RW          183    .data.begin_menu_flag  auto_menu.o
    0x2000000e   COMPRESSED   0x00000002   PAD
    0x20000010   COMPRESSED   0x00000004   Data   RW          423    .data.call_cycle    imu.o
    0x20000014   COMPRESSED   0x00000004   Data   RW         1637    .data.camera_dma_handler  zf_device_type.o
    0x20000018   COMPRESSED   0x00000004   Data   RW         1635    .data.camera_uart_handler  zf_device_type.o
    0x2000001c   COMPRESSED   0x00000004   Data   RW         1636    .data.camera_vsync_handler  zf_device_type.o
    0x20000020   COMPRESSED   0x00000004   Data   RW          194    .data.dif_speed_reduce  auto_menu.o
    0x20000024   COMPRESSED   0x00000002   Data   RW         1113    .data.dl1a_distance_mm  zf_device_dl1a.o
    0x20000026   COMPRESSED   0x00000002   Data   RW         1137    .data.dm1xa_distance_mm  zf_device_dm1xa.o
    0x20000028   COMPRESSED   0x00000008   Data   RW          651    .data.encoder_dir_pin  zf_driver_encoder.o
    0x20000030   COMPRESSED   0x00000020   Data   RW          711    .data.gpio_group    zf_driver_gpio.o
    0x20000050   COMPRESSED   0x00000001   Data   RW          418    .data.gyro_ration   imu.o
    0x20000051   COMPRESSED   0x00000003   PAD
    0x20000054   COMPRESSED   0x0000000c   Data   RW         1248    .data.imu963ra_transition_factor  zf_device_imu963ra.o
    0x20000060   COMPRESSED   0x00000002   Data   RW         1352    .data.ips200_bgcolor  zf_device_ips200.o
    0x20000062   COMPRESSED   0x00000001   Data   RW         1354    .data.ips200_display_font  zf_device_ips200.o
    0x20000063   COMPRESSED   0x00000001   PAD
    0x20000064   COMPRESSED   0x00000002   Data   RW         1355    .data.ips200_pencolor  zf_device_ips200.o
    0x20000066   COMPRESSED   0x00000002   PAD
    0x20000068   COMPRESSED   0x00000004   Data   RW          190    .data.kd1           auto_menu.o
    0x2000006c   COMPRESSED   0x00000004   Data   RW          189    .data.kp            auto_menu.o
    0x20000070   COMPRESSED   0x00000004   Data   RW          192    .data.kp_min        auto_menu.o
    0x20000074   COMPRESSED   0x00000078   Data   RW          342    .data.mid_weight    image.o
    0x200000ec   COMPRESSED   0x00000078   Data   RW          337    .data.mid_weight_1  image.o
    0x20000164   COMPRESSED   0x00000078   Data   RW          338    .data.mid_weight_2  image.o
    0x200001dc   COMPRESSED   0x00000078   Data   RW          339    .data.mid_weight_3  image.o
    0x20000254   COMPRESSED   0x00000078   Data   RW          340    .data.mid_weight_4  image.o
    0x200002cc   COMPRESSED   0x00000078   Data   RW          341    .data.mid_weight_5  image.o
    0x20000344   COMPRESSED   0x00000004   Data   RW          271    .data.motor_pid_kd  motor.o
    0x20000348   COMPRESSED   0x00000004   Data   RW          270    .data.motor_pid_ki  motor.o
    0x2000034c   COMPRESSED   0x00000004   Data   RW          269    .data.motor_pid_kp  motor.o
    0x20000350   COMPRESSED   0x00000024   Data   RW         1432    .data.mt9v03x_get_confing_buffer  zf_device_mt9v03x.o
    0x20000374   COMPRESSED   0x00000028   Data   RW         1429    .data.mt9v03x_set_confing_buffer  zf_device_mt9v03x.o
    0x2000039c   COMPRESSED   0x00000001   Data   RW          346    .data.prospect      image.o
    0x2000039d   COMPRESSED   0x00000001   Data   RW          332    .data.reference_contrast_ratio  image.o
    0x2000039e   COMPRESSED   0x00000002   PAD
    0x200003a0   COMPRESSED   0x00000004   Data   RW          387    .data.servo_pid_kd1  servo.o
    0x200003a4   COMPRESSED   0x00000004   Data   RW          385    .data.servo_pid_kp  servo.o
    0x200003a8   COMPRESSED   0x00000078   Data   RW          343    .data.single_edge_err  image.o
    0x20000420   COMPRESSED   0x00000004   Data   RW          453    .data.system_clock  zf_common_clock.o
    0x20000424   COMPRESSED   0x00000003   Data   RW         1732    .data.wireless_auto_baud_data  zf_device_wireless_uart.o
    0x20000427   COMPRESSED   0x00000001   Data   RW         1731    .data.wireless_auto_baud_flag  zf_device_wireless_uart.o
    0x20000428   COMPRESSED   0x00000004   Data   RW         1639    .data.wireless_module_uart_handler  zf_device_type.o
    0x2000042c   COMPRESSED   0x00000001   Data   RW          484    .data.zf_debug_assert_enable  zf_common_debug.o
    0x2000042d   COMPRESSED   0x00000003   PAD
    0x20000430        -       0x00000004   Zero   RW          172    .bss.P_dad_head     auto_menu.o
    0x20000434        -       0x00000002   Zero   RW          603    .bss.adc_resolution  zf_driver_adc.o
    0x20000436   COMPRESSED   0x00000002   PAD
    0x20000438        -       0x00000004   Zero   RW          384    .bss.angle          servo.o
    0x2000043c        -       0x00000004   Zero   RW          430    .bss.angle_roll_temp  imu.o
    0x20000440        -       0x00000002   Zero   RW          427    .bss.ax             imu.o
    0x20000442        -       0x00000002   Zero   RW          428    .bss.ay             imu.o
    0x20000444        -       0x00000002   Zero   RW          429    .bss.az             imu.o
    0x20000446   COMPRESSED   0x00000002   PAD
    0x20000448        -       0x00000004   Zero   RW          188    .bss.basic_speed    auto_menu.o
    0x2000044c        -       0x00000001   Zero   RW          407    .bss.beep_flag      beep.o
    0x2000044d        -       0x00000001   Zero   RW          263    .bss.block_time     motor.o
    0x2000044e        -       0x00000001   Zero   RW          164    .bss.button1        auto_menu.o
    0x2000044f        -       0x00000001   Zero   RW          165    .bss.button2        auto_menu.o
    0x20000450        -       0x00000001   Zero   RW          166    .bss.button3        auto_menu.o
    0x20000451        -       0x00000001   Zero   RW          167    .bss.button4        auto_menu.o
    0x20000452        -       0x00000001   Zero   RW          237    .bss.button_entry.long_press_button  key.o
    0x20000453        -       0x00000001   Zero   RW          236    .bss.button_entry.long_press_cnt  key.o
    0x20000454        -       0x00000008   Zero   RW         1093    .bss.camera_receiver_buffer  zf_device_camera.o
    0x2000045c        -       0x00000018   Zero   RW         1092    .bss.camera_receiver_fifo  zf_device_camera.o
    0x20000474        -       0x00000001   Zero   RW         1634    .bss.camera_type    zf_device_type.o
    0x20000475        -       0x00000001   Zero   RW          349    .bss.circle_flag    image.o
    0x20000476        -       0x00000002   Zero   RW          350    .bss.circle_time    image.o
    0x20000478        -       0x00000004   Zero   RW           10    .bss.count_10ms     main.o
    0x2000047c        -       0x00000001   Zero   RW          347    .bss.cross_flag     image.o
    0x2000047d   COMPRESSED   0x00000003   PAD
    0x20000480        -       0x00000004   Zero   RW          184    .bss.current_operation_menu  auto_menu.o
    0x20000484        -       0x00000001   Zero   RW          485    .bss.debug_assert_handler.assert_nest_index  zf_common_debug.o
    0x20000485   COMPRESSED   0x00000003   PAD
    0x20000488        -       0x00000002   Zero   RW          486    .bss.debug_output_info.0  zf_common_debug.o
    0x2000048a   COMPRESSED   0x00000002   PAD
    0x2000048c        -       0x00000002   Zero   RW          487    .bss.debug_output_info.1  zf_common_debug.o
    0x2000048e        -       0x00000001   Zero   RW          488    .bss.debug_output_info.3  zf_common_debug.o
    0x2000048f   COMPRESSED   0x00000001   PAD
    0x20000490        -       0x00000001   Zero   RW          489    .bss.debug_output_info.4  zf_common_debug.o
    0x20000491   COMPRESSED   0x00000003   PAD
    0x20000494        -       0x00000004   Zero   RW          490    .bss.debug_output_info.5  zf_common_debug.o
    0x20000498        -       0x00000004   Zero   RW          491    .bss.debug_output_info.6  zf_common_debug.o
    0x2000049c        -       0x00000004   Zero   RW          492    .bss.debug_output_info.7  zf_common_debug.o
    0x200004a0        -       0x00000004   Zero   RW          193    .bss.dif_speed_plus  auto_menu.o
    0x200004a4        -       0x00000001   Zero   RW          272    .bss.differential_mode  motor.o
    0x200004a5        -       0x00000001   Zero   RW         1112    .bss.dl1a_finsh_flag  zf_device_dl1a.o
    0x200004a6   COMPRESSED   0x00000002   PAD
    0x200004a8        -       0x00000010   Zero   RW         1114    .bss.dl1a_iic_struct  zf_device_dl1a.o
    0x200004b8        -       0x00000004   Zero   RW         1135    .bss.dm1xa_plus_count  zf_device_dm1xa.o
    0x200004bc        -       0x00000001   Zero   RW         1136    .bss.dm1xa_ranging_state  zf_device_dm1xa.o
    0x200004bd        -       0x00000001   Zero   RW         1134    .bss.dm1xa_type     zf_device_dm1xa.o
    0x200004be        -       0x00000002   Zero   RW          265    .bss.encoder_data_l  motor.o
    0x200004c0        -       0x00000002   Zero   RW          266    .bss.encoder_data_r  motor.o
    0x200004c2   COMPRESSED   0x00000002   PAD
    0x200004c4        -       0x00000004   Zero   RW          420    .bss.filtering_angle  imu.o
    0x200004c8        -       0x00000001   Zero   RW          344    .bss.final_mid_line  image.o
    0x200004c9        -       0x00000001   Zero   RW          168    .bss.first_in_page_flag  auto_menu.o
    0x200004ca        -       0x00000001   Zero   RW          260    .bss.go_flag        motor.o
    0x200004cb        -       0x00000080   Zero   RW         1162    .bss.gps_gga_buffer  zf_device_gps_tau1201.o
    0x2000054b        -       0x00000001   Zero   RW         1157    .bss.gps_gga_state  zf_device_gps_tau1201.o
    0x2000054c        -       0x00000080   Zero   RW         1160    .bss.gps_rmc_buffer  zf_device_gps_tau1201.o
    0x200005cc        -       0x00000001   Zero   RW         1158    .bss.gps_rmc_state  zf_device_gps_tau1201.o
    0x200005cd        -       0x00000001   Zero   RW         1156    .bss.gps_tau1201_flag  zf_device_gps_tau1201.o
    0x200005ce   COMPRESSED   0x00000002   PAD
    0x200005d0        -       0x00000018   Zero   RW         1164    .bss.gps_tau1201_receiver_fifo  zf_device_gps_tau1201.o
    0x200005e8        -       0x00000001   Zero   RW         1163    .bss.gps_tau1201_state  zf_device_gps_tau1201.o
    0x200005e9   COMPRESSED   0x00000001   PAD
    0x200005ea        -       0x00000002   Zero   RW          424    .bss.gx             imu.o
    0x200005ec        -       0x00000002   Zero   RW          425    .bss.gy             imu.o
    0x200005ee        -       0x00000002   Zero   RW          426    .bss.gz             imu.o
    0x200005f0        -       0x00000001   Zero   RW          351    .bss.if_circle      image.o
    0x200005f1   COMPRESSED   0x00000001   PAD
    0x200005f2        -       0x00000002   Zero   RW         1242    .bss.imu963ra_acc_x  zf_device_imu963ra.o
    0x200005f4        -       0x00000002   Zero   RW         1243    .bss.imu963ra_acc_y  zf_device_imu963ra.o
    0x200005f6        -       0x00000002   Zero   RW         1244    .bss.imu963ra_acc_z  zf_device_imu963ra.o
    0x200005f8        -       0x00000002   Zero   RW         1239    .bss.imu963ra_gyro_x  zf_device_imu963ra.o
    0x200005fa        -       0x00000002   Zero   RW         1240    .bss.imu963ra_gyro_y  zf_device_imu963ra.o
    0x200005fc        -       0x00000002   Zero   RW         1241    .bss.imu963ra_gyro_z  zf_device_imu963ra.o
    0x200005fe   COMPRESSED   0x00000002   PAD
    0x20000600        -       0x00000004   Zero   RW          587    .bss.interrupt_nest_count  zf_common_interrupt.o
    0x20000604        -       0x00000001   Zero   RW         1353    .bss.ips200_display_dir  zf_device_ips200.o
    0x20000605        -       0x00000001   Zero   RW         1349    .bss.ips200_display_type  zf_device_ips200.o
    0x20000606        -       0x00000001   Zero   RW         1350    .bss.ips200_x_max   zf_device_ips200.o
    0x20000607   COMPRESSED   0x00000001   PAD
    0x20000608        -       0x00000001   Zero   RW         1351    .bss.ips200_y_max   zf_device_ips200.o
    0x20000609        -       0x00000001   Zero   RW         1357    .bss.ips_rst_pin    zf_device_ips200.o
    0x2000060a        -       0x00000001   Zero   RW          169    .bss.is_clear_flag  auto_menu.o
    0x2000060b   COMPRESSED   0x00000001   PAD
    0x2000060c        -       0x00000004   Zero   RW          191    .bss.kd2            auto_menu.o
    0x20000610        -       0x00000001   Zero   RW          220    .bss.key1_state     key.o
    0x20000611        -       0x00000001   Zero   RW          221    .bss.key1_state_last  key.o
    0x20000612        -       0x00000001   Zero   RW          224    .bss.key2_state     key.o
    0x20000613        -       0x00000001   Zero   RW          225    .bss.key2_state_last  key.o
    0x20000614        -       0x00000001   Zero   RW          228    .bss.key3_state     key.o
    0x20000615        -       0x00000001   Zero   RW          229    .bss.key3_state_last  key.o
    0x20000616        -       0x00000001   Zero   RW          232    .bss.key4_state     key.o
    0x20000617        -       0x00000001   Zero   RW          233    .bss.key4_state_last  key.o
    0x20000618        -       0x00000004   Zero   RW          197    .bss.ki             auto_menu.o
    0x2000061c        -       0x00000001   Zero   RW          345    .bss.last_final_mid_line  image.o
    0x2000061d   COMPRESSED   0x00000003   PAD
    0x20000620        -       0x000000f0   Zero   RW          334    .bss.left_edge_line  image.o
    0x20000710        -       0x00000078   Zero   RW          336    .bss.mid_line       image.o
    0x20000788        -       0x00000001   Zero   RW          348    .bss.mid_mode       image.o
    0x20000789        -       0x00000001   Zero   RW          264    .bss.motor_f        motor.o
    0x2000078a        -       0x00000001   Zero   RW         1427    .bss.mt9v03x_finish_flag  zf_device_mt9v03x.o
    0x2000078b   COMPRESSED   0x00000001   PAD
    0x2000078c        -       0x00000004   Zero   RW         2660    .bss.mt9v03x_h_blank  zf_device_config.lib(zf_device_config.o)
    0x20000790        -       0x00000010   Zero   RW         2658    .bss.mt9v03x_iic_inf_struct  zf_device_config.lib(zf_device_config.o)
    0x200007a0        -       0x00005820   Zero   RW         1433    .bss.mt9v03x_image  zf_device_mt9v03x.o
    0x20005fc0        -       0x00000014   Zero   RW         2659    .bss.mt9v03x_init_config  zf_device_config.lib(zf_device_config.o)
    0x20005fd4        -       0x00000001   Zero   RW         1428    .bss.mt9v03x_type   zf_device_mt9v03x.o
    0x20005fd5   COMPRESSED   0x00000003   PAD
    0x20005fd8        -       0x00000004   Zero   RW         2661    .bss.mt9v03x_v_blank  zf_device_config.lib(zf_device_config.o)
    0x20005fdc        -       0x00000002   Zero   RW         1430    .bss.mt9v03x_version  zf_device_mt9v03x.o
    0x20005fde        -       0x000000c8   Zero   RW          180    .bss.my_index       auto_menu.o
    0x200060a6   COMPRESSED   0x00000002   PAD
    0x200060a8        -       0x00000fa0   Zero   RW          175    .bss.my_menu_unit   auto_menu.o
    0x20007048        -       0x000004b0   Zero   RW          177    .bss.my_param_set   auto_menu.o
    0x200074f8        -       0x00000004   Zero   RW          181    .bss.p_index_xy_dad  auto_menu.o
    0x200074fc        -       0x00000004   Zero   RW          182    .bss.p_index_xy_son  auto_menu.o
    0x20007500        -       0x00000004   Zero   RW          178    .bss.p_unit         auto_menu.o
    0x20007504        -       0x00000004   Zero   RW          179    .bss.p_unit_last    auto_menu.o
    0x20007508        -       0x00000010   Zero   RW          273    .bss.pid_left       motor.o
    0x20007518        -       0x00000010   Zero   RW          274    .bss.pid_right      motor.o
    0x20007528        -       0x00000001   Zero   RW          443    .bss.ramp_f         control.o
    0x20007529        -       0x00000001   Zero   RW          442    .bss.ramp_flag      control.o
    0x2000752a        -       0x00000001   Zero   RW          331    .bss.reference_col  image.o
    0x2000752b   COMPRESSED   0x00000001   PAD
    0x2000752c        -       0x000000f0   Zero   RW          333    .bss.reference_line  image.o
    0x2000761c        -       0x00000001   Zero   RW          327    .bss.reference_point  image.o
    0x2000761d   COMPRESSED   0x00000003   PAD
    0x20007620        -       0x000000bc   Zero   RW          330    .bss.remote_distance  image.o
    0x200076dc        -       0x000000f0   Zero   RW          335    .bss.right_edge_line  image.o
    0x200077cc        -       0x00000001   Zero   RW          389    .bss.servo_f        servo.o
    0x200077cd        -       0x00000001   Zero   RW          185    .bss.servo_flag     auto_menu.o
    0x200077ce   COMPRESSED   0x00000002   PAD
    0x200077d0        -       0x00000004   Zero   RW          388    .bss.servo_pid_kd2  servo.o
    0x200077d4        -       0x00000004   Zero   RW          386    .bss.servo_pid_ki   servo.o
    0x200077d8        -       0x00000001   Zero   RW          186    .bss.slow_down_flag  auto_menu.o
    0x200077d9   COMPRESSED   0x00000003   PAD
    0x200077dc        -       0x00000004   Zero   RW          441    .bss.speed          control.o
    0x200077e0        -       0x00000002   Zero   RW          267    .bss.speed_l        motor.o
    0x200077e2        -       0x00000001   Zero   RW          187    .bss.speed_policy_flag  auto_menu.o
    0x200077e3   COMPRESSED   0x00000001   PAD
    0x200077e4        -       0x00000002   Zero   RW          268    .bss.speed_r        motor.o
    0x200077e6   COMPRESSED   0x00000002   PAD
    0x200077e8        -       0x00000004   Zero   RW          196    .bss.start_time     auto_menu.o
    0x200077ec        -       0x00000004   Zero   RW          176    .bss.static_cnt     auto_menu.o
    0x200077f0        -       0x00000001   Zero   RW          262    .bss.stop_flag      motor.o
    0x200077f1        -       0x00000001   Zero   RW          352    .bss.stop_search_row  image.o
    0x200077f2        -       0x00000001   Zero   RW          261    .bss.stop_time      motor.o
    0x200077f3        -       0x00000008   Zero   RW         1001    .bss.timer_function_state  zf_driver_timer.o
    0x200077fb        -       0x00000008   Zero   RW         1002    .bss.timer_mode_state  zf_driver_timer.o
    0x20007803   COMPRESSED   0x00000001   PAD
    0x20007804        -       0x00000200   Zero   RW         1618    .bss.tsl1401_data   zf_device_tsl1401.o
    0x20007a04        -       0x00000001   Zero   RW         1619    .bss.tsl1401_finish_flag  zf_device_tsl1401.o
    0x20007a05        -       0x00000001   Zero   RW         1617    .bss.tsl1401_init_state  zf_device_tsl1401.o
    0x20007a06   COMPRESSED   0x00000002   PAD
    0x20007a08        -       0x0000000c   Zero   RW          390    .bss.turn_pid       servo.o
    0x20007a14        -       0x00000008   Zero   RW         1030    .bss.uart_interrupt_state  zf_driver_uart.o
    0x20007a1c        -       0x00000004   Zero   RW          174    .bss.unit_param_set.dad  auto_menu.o
    0x20007a20        -       0x00000004   Zero   RW          173    .bss.unit_param_set.p_middle  auto_menu.o
    0x20007a24        -       0x00005820   Zero   RW          353    .bss.user_image     image.o
    0x2000d244        -       0x00000001   Zero   RW          328    .bss.white_max_point  image.o
    0x2000d245        -       0x00000001   Zero   RW          329    .bss.white_min_point  image.o
    0x2000d246        -       0x00000001   Zero   RW         1638    .bss.wireless_type  zf_device_type.o
    0x2000d247        -       0x00000040   Zero   RW         1733    .bss.wireless_uart_buffer  zf_device_wireless_uart.o
    0x2000d287        -       0x00000001   Zero   RW         1730    .bss.wireless_uart_data  zf_device_wireless_uart.o
    0x2000d288        -       0x00000018   Zero   RW         1729    .bss.wireless_uart_fifo  zf_device_wireless_uart.o
    0x2000d2a0        -       0x00000001   Zero   RW          483    .bss.zf_debug_init_flag  zf_common_debug.o


    Execution Region ARM_LIB_HEAP (Exec base: 0x2000d2a4, Load base: 0x0800b72c, Size: 0x00000400, Max: 0x00000400, ABSOLUTE)

    Exec Addr    Load Addr    Size         Type   Attr      Idx    E Section Name        Object

    0x2000d2a4        -       0x00000400   Zero   RW            1    ARM_LIB_HEAP.bss    anon$$obj.o


    Execution Region ARM_LIB_STACK (Exec base: 0x2001e000, Load base: 0x0800b72c, Size: 0x00002000, Max: 0x00002000, ABSOLUTE)

    Exec Addr    Load Addr    Size         Type   Attr      Idx    E Section Name        Object

    0x2001e000        -       0x00002000   Zero   RW            2    ARM_LIB_STACK.bss   anon$$obj.o


==============================================================================

Image component sizes


      Code (inc. data)   RO Data    RW Data    ZI Data      Debug   Object Name

      5244        414         21         18       5465      15171   auto_menu.o
        28          0          0          0          1       2249   beep.o
       212          0          0          0          6       1052   control.o
        34          0          0          0          0       1456   encoder.o
      3968          6          0        842      23601      17430   image.o
       270          0          0          5         20       1192   imu.o
      1196          0          0          0          0       6162   isr.o
       546          0          0          0         10       3479   key.o
       370          0          0          0          4       3065   main.o
      1350          0          0         12         46       6321   motor.o
       422          0          0          0          0       1832   pid.o
       626          0          0          8         25       3658   servo.o
        36          8        400          0          0        856   startup_mm32f3277g.o
        12          0          0          0          0        604   system_mm32f3277g.o
       552          0          0          4          0       2874   zf_common_clock.o
      1410        108        181          1         20       9369   zf_common_debug.o
      1082          0         43          0          0       7093   zf_common_fifo.o
         0          0       2072          0          0        744   zf_common_font.o
       642          0         47          0          0      14598   zf_common_function.o
       156          0          0          0          4       4826   zf_common_interrupt.o
       118          0          0          0         32       5953   zf_device_camera.o
       142          0          0          2         17       9424   zf_device_dl1a.o
       240          0          0          2          6       3578   zf_device_dm1xa.o
       244          8          0          0        284      15250   zf_device_gps_tau1201.o
      1588         72         47         12         12       9701   zf_device_imu963ra.o
      8560          4         45          5          5      21957   zf_device_ips200.o
       892         56         46         76      22564       8862   zf_device_mt9v03x.o
       162          0          0          0        514       3746   zf_device_tsl1401.o
       108          0          0         16          2       1714   zf_device_type.o
       350          0          0          4         89       6277   zf_device_wireless_uart.o
        70          0          8          0          2       5107   zf_driver_adc.o
       108          0         44          0          0       1284   zf_driver_delay.o
       248         24          8          0          0       4195   zf_driver_dma.o
       392         24         46          8          0       6554   zf_driver_encoder.o
       328         28          0          0          0       5335   zf_driver_exti.o
       384          0          0         32          0       5398   zf_driver_gpio.o
       200         16         42          0          0       5434   zf_driver_pit.o
       596         24         42          0          0       5835   zf_driver_pwm.o
      1436          0         47          0          0      12868   zf_driver_soft_iic.o
       796          0         50          0          0      11021   zf_driver_spi.o
       732         40         44          0         16       8866   zf_driver_timer.o
       758          8         83          0          8       8417   zf_driver_uart.o

    ----------------------------------------------------------------------
     36764        840       3348       1060      62024     270807   Object Totals
         0          0         32          0       9216          0   (incl. Generated)
       156          0          0         13         55          0   (incl. Padding)

    ----------------------------------------------------------------------

      Code (inc. data)   RO Data    RW Data    ZI Data      Debug   Library Member Name

        86          0          0          0          0          0   __dczerorl2.o
         0          0          0          0          0          0   entry.o
         0          0          0          0          0          0   entry10a.o
         0          0          0          0          0          0   entry11a.o
         8          4          0          0          0          0   entry4.o
         4          0          0          0          0          0   entry5.o
         0          0          0          0          0          0   entry7b.o
         0          0          0          0          0          0   entry8b.o
         8          4          0          0          0          0   entry9a.o
        30          0          0          0          0          0   handlers.o
        48         10          0          0          0         68   init.o
         0          0          0          0          0          0   iusefp.o
        30          0          0          0          0         68   llshl.o
        36          0          0          0          0         68   llsshr.o
        32          0          0          0          0         68   llushr.o
       188         20          0          0          0        160   malloc2.o
        26          0          0          0          0         80   memcmp.o
        36          0          0          0          0         68   memcpya.o
        36          0          0          0          0        108   memseta.o
         0          0          0          8          0          0   mvars.o
       522         20          0          0          0        336   printf3.o
         0          0          0          4          0          0   stdout.o
        18          0          0          0          0         68   strcpy.o
        14          0          0          0          0         68   strlen.o
        44          0          0          0          0         80   uidiv.o
        56          0          0          0          0         88   d2f.o
       334          0          0          0          0        148   dadd.o
        54          0          0          0          0         80   dcmpgt.o
        54          0          0          0          0         80   dcmplt.o
       222          0          0          0          0        100   ddiv.o
       186          0          0          0          0        176   depilogue.o
        62          0          0          0          0         80   dfixi.o
        50          0          0          0          0         76   dfixui.o
        34          0          0          0          0         76   dflti.o
        26          0          0          0          0         76   dfltui.o
       228          0          0          0          0         96   dmul.o
        38          0          0          0          0         68   f2d.o
       176          0          0          0          0        140   fadd.o
        28          0          0          0          0         68   fcmpeq.o
        28          0          0          0          0         68   fcmpge.o
        28          0          0          0          0         68   fcmpgt.o
        28          0          0          0          0         68   fcmple.o
        28          0          0          0          0         68   fcmplt.o
       124          0          0          0          0         88   fdiv.o
       110          0          0          0          0        168   fepilogue.o
        50          0          0          0          0         68   ffixi.o
        18          0          0          0          0         68   fflti.o
        10          0          0          0          0         68   ffltui.o
       100          0          0          0          0         76   fmul.o
      2588          0          0          0         44       3849   zf_device_config.o

    ----------------------------------------------------------------------
      5836         58          0         12         44       7249   Library Totals
        10          0          0          0          0          0   (incl. Padding)

    ----------------------------------------------------------------------

      Code (inc. data)   RO Data    RW Data    ZI Data      Debug   Library Name

      1166         58          0         12          0       1240   mc_w.l
      2072          0          0          0          0       2160   mf_w.l
      2588          0          0          0         44       3849   zf_device_config.lib

    ----------------------------------------------------------------------
      5836         58          0         12         44       7249   Library Totals

    ----------------------------------------------------------------------

==============================================================================


      Code (inc. data)   RO Data    RW Data    ZI Data      Debug   

     42600        898       3348       1072      62068     275564   Grand Totals
     42600        898       3348        320      62068     275564   ELF Image Totals (compressed)
     42600        898       3348        320          0          0   ROM Totals

==============================================================================

    Total RO  Size (Code + RO Data)                45948 (  44.87kB)
    Total RW  Size (RW Data + ZI Data)             63140 (  61.66kB)
    Total ROM Size (Code + RO Data + RW Data)      46268 (  45.18kB)

==============================================================================

