Component: Arm Compiler for Embedded 6.21 Tool: armlink [5ec1fa00]

==============================================================================

Section Cross References

    main.o(.text.main) refers to zf_common_clock.o(.text.clock_init) for clock_init
    main.o(.text.main) refers to zf_common_debug.o(.text.debug_init) for debug_init
    main.o(.text.main) refers to auto_menu.o(.text.menu_init) for menu_init
    main.o(.text.main) refers to motor.o(.text.motor_init) for motor_init
    main.o(.text.main) refers to zf_device_mt9v03x.o(.text.mt9v03x_init) for mt9v03x_init
    main.o(.text.main) refers to encoder.o(.text.encoder_init) for encoder_init
    main.o(.text.main) refers to servo.o(.text.servo_init) for servo_init
    main.o(.text.main) refers to beep.o(.text.beep_init) for beep_init
    main.o(.text.main) refers to zf_common_clock.o(.data.system_clock) for system_clock
    main.o(.text.main) refers to zf_driver_pit.o(.text.pit_init) for pit_init
    main.o(.text.main) refers to zf_common_interrupt.o(.text.interrupt_set_priority) for interrupt_set_priority
    main.o(.text.main) refers to zf_device_ips200.o(.text.ips200_show_string) for ips200_show_string
    main.o(.text.main) refers to auto_menu.o(.data.speed) for speed
    main.o(.text.main) refers to image.o(.data.prospect) for prospect
    main.o(.text.main) refers to main.o(.bss.encoder_data_l) for encoder_data_l
    main.o(.text.main) refers to main.o(.bss.encoder_data_r) for encoder_data_r
    main.o(.text.main) refers to image.o(.bss.circle_flag) for circle_flag
    main.o(.text.main) refers to image.o(.bss.mid_mode) for mid_mode
    main.o(.text.main) refers to auto_menu.o(.text.show_process) for show_process
    main.o(.text.main) refers to image.o(.text.image_core) for image_core
    main.o(.text.main) refers to auto_menu.o(.data.kd) for kd
    main.o(.text.main) refers to auto_menu.o(.bss.ki) for ki
    main.o(.text.main) refers to auto_menu.o(.data.kp) for kp
    main.o(.text.main) refers to servo.o(.text.servo_set_pid) for servo_set_pid
    main.o(.text.main) refers to image.o(.bss.final_mid_line) for final_mid_line
    main.o(.text.main) refers to servo.o(.text.servo_control) for servo_control
    main.o(.text.main) refers to motor.o(.text.motor_lose_line_protect) for motor_lose_line_protect
    main.o(.text.main) refers to fflti.o(.text) for __aeabi_i2f
    main.o(.text.main) refers to motor.o(.text.motor_setspeed) for motor_setspeed
    main.o(.text.main) refers to zf_device_ips200.o(.text.ips200_show_int) for ips200_show_int
    main.o(.text.main) refers to zf_driver_delay.o(.text.system_delay_ms) for system_delay_ms
    main.o(.ARM.exidx.text.main) refers to main.o(.text.main) for [Anonymous Symbol]
    main.o(.text.pit_handler) refers to zf_driver_encoder.o(.text.encoder_get_count) for encoder_get_count
    main.o(.text.pit_handler) refers to main.o(.bss.encoder_data_l) for encoder_data_l
    main.o(.text.pit_handler) refers to main.o(.bss.encoder_data_r) for encoder_data_r
    main.o(.text.pit_handler) refers to zf_driver_encoder.o(.text.encoder_clear_count) for encoder_clear_count
    main.o(.text.pit_handler) refers to image.o(.bss.circle_time) for circle_time
    main.o(.text.pit_handler) refers to beep.o(.text.beep_off) for beep_off
    main.o(.text.pit_handler) refers to beep.o(.bss.beep_flag) for beep_flag
    main.o(.text.pit_handler) refers to beep.o(.text.beep_on) for beep_on
    main.o(.ARM.exidx.text.pit_handler) refers to main.o(.text.pit_handler) for [Anonymous Symbol]
    isr.o(.ARM.exidx.text.TIM1_UP_IRQHandler) refers to isr.o(.text.TIM1_UP_IRQHandler) for [Anonymous Symbol]
    isr.o(.ARM.exidx.text.TIM2_IRQHandler) refers to isr.o(.text.TIM2_IRQHandler) for [Anonymous Symbol]
    isr.o(.ARM.exidx.text.TIM3_IRQHandler) refers to isr.o(.text.TIM3_IRQHandler) for [Anonymous Symbol]
    isr.o(.ARM.exidx.text.TIM4_IRQHandler) refers to isr.o(.text.TIM4_IRQHandler) for [Anonymous Symbol]
    isr.o(.ARM.exidx.text.TIM5_IRQHandler) refers to isr.o(.text.TIM5_IRQHandler) for [Anonymous Symbol]
    isr.o(.text.TIM6_IRQHandler) refers to main.o(.text.pit_handler) for pit_handler
    isr.o(.ARM.exidx.text.TIM6_IRQHandler) refers to isr.o(.text.TIM6_IRQHandler) for [Anonymous Symbol]
    isr.o(.ARM.exidx.text.TIM7_IRQHandler) refers to isr.o(.text.TIM7_IRQHandler) for [Anonymous Symbol]
    isr.o(.text.TIM8_UP_IRQHandler) refers to zf_device_tsl1401.o(.text.tsl1401_collect_pit_handler) for tsl1401_collect_pit_handler
    isr.o(.ARM.exidx.text.TIM8_UP_IRQHandler) refers to isr.o(.text.TIM8_UP_IRQHandler) for [Anonymous Symbol]
    isr.o(.ARM.exidx.text.UART1_IRQHandler) refers to isr.o(.text.UART1_IRQHandler) for [Anonymous Symbol]
    isr.o(.text.UART2_IRQHandler) refers to zf_device_gps_tau1201.o(.text.gps_uart_callback) for gps_uart_callback
    isr.o(.ARM.exidx.text.UART2_IRQHandler) refers to isr.o(.text.UART2_IRQHandler) for [Anonymous Symbol]
[...]
    HardFault_Handler                        0x0800041f   Thumb Code     2  startup_mm32f3277g.o(.text)
    MemManage_Handler                        0x08000421   Thumb Code     2  startup_mm32f3277g.o(.text)
    BusFault_Handler                         0x08000423   Thumb Code     2  startup_mm32f3277g.o(.text)
    UsageFault_Handler                       0x08000425   Thumb Code     2  startup_mm32f3277g.o(.text)
    SVC_Handler                              0x08000427   Thumb Code     2  startup_mm32f3277g.o(.text)
    DebugMon_Handler                         0x08000429   Thumb Code     2  startup_mm32f3277g.o(.text)
    PendSV_Handler                           0x0800042b   Thumb Code     2  startup_mm32f3277g.o(.text)
    SysTick_Handler                          0x0800042d   Thumb Code     2  startup_mm32f3277g.o(.text)
    ADC1_2_IRQHandler                        0x0800042f   Thumb Code     0  startup_mm32f3277g.o(.text)
    ADC3_IRQHandler                          0x0800042f   Thumb Code     0  startup_mm32f3277g.o(.text)
    CAN1_RX_IRQHandler                       0x0800042f   Thumb Code     0  startup_mm32f3277g.o(.text)
    COMP1_2_IRQHandler                       0x0800042f   Thumb Code     0  startup_mm32f3277g.o(.text)
    ETH_IRQHandler                           0x0800042f   Thumb Code     0  startup_mm32f3277g.o(.text)
    FLASH_IRQHandler                         0x0800042f   Thumb Code     0  startup_mm32f3277g.o(.text)
    FlashCache_IRQHandler                    0x0800042f   Thumb Code     0  startup_mm32f3277g.o(.text)
    I2C1_IRQHandler                          0x0800042f   Thumb Code     0  startup_mm32f3277g.o(.text)
    I2C2_IRQHandler                          0x0800042f   Thumb Code     0  startup_mm32f3277g.o(.text)
    OTG_FS_IRQHandler                        0x0800042f   Thumb Code     0  startup_mm32f3277g.o(.text)
    OTG_FS_WKUP_IRQHandler                   0x0800042f   Thumb Code     0  startup_mm32f3277g.o(.text)
    PVD_IRQHandler                           0x0800042f   Thumb Code     0  startup_mm32f3277g.o(.text)
    RCC_CRS_IRQHandler                       0x0800042f   Thumb Code     0  startup_mm32f3277g.o(.text)
    RTCAlarm_IRQHandler                      0x0800042f   Thumb Code     0  startup_mm32f3277g.o(.text)
    RTC_IRQHandler                           0x0800042f   Thumb Code     0  startup_mm32f3277g.o(.text)
    SDIO_IRQHandler                          0x0800042f   Thumb Code     0  startup_mm32f3277g.o(.text)
    SPI1_IRQHandler                          0x0800042f   Thumb Code     0  startup_mm32f3277g.o(.text)
    SPI2_IRQHandler                          0x0800042f   Thumb Code     0  startup_mm32f3277g.o(.text)
    SPI3_IRQHandler                          0x0800042f   Thumb Code     0  startup_mm32f3277g.o(.text)
    TAMPER_IRQHandler                        0x0800042f   Thumb Code     0  startup_mm32f3277g.o(.text)
    TIM1_BRK_IRQHandler                      0x0800042f   Thumb Code     0  startup_mm32f3277g.o(.text)
    TIM1_CC_IRQHandler                       0x0800042f   Thumb Code     0  startup_mm32f3277g.o(.text)
    TIM1_TRG_COM_IRQHandler                  0x0800042f   Thumb Code     0  startup_mm32f3277g.o(.text)
    TIM8_BRK_IRQHandler                      0x0800042f   Thumb Code     0  startup_mm32f3277g.o(.text)
    TIM8_CC_IRQHandler                       0x0800042f   Thumb Code     0  startup_mm32f3277g.o(.text)
    TIM8_TRG_COM_IRQHandler                  0x0800042f   Thumb Code     0  startup_mm32f3277g.o(.text)
    WWDG_IRQHandler                          0x0800042f   Thumb Code     0  startup_mm32f3277g.o(.text)
    rand                                     0x08000439   Thumb Code    20  rand.o(.text)
    srand                                    0x0800044d   Thumb Code     6  rand.o(.text)
    __aeabi_memcpy                           0x0800045d   Thumb Code    36  memcpya.o(.text)
    __aeabi_memcpy4                          0x0800045d   Thumb Code     0  memcpya.o(.text)
    __aeabi_memcpy8                          0x0800045d   Thumb Code     0  memcpya.o(.text)
    __aeabi_memset                           0x08000481   Thumb Code    14  memseta.o(.text)
    __aeabi_memset4                          0x08000481   Thumb Code     0  memseta.o(.text)
    __aeabi_memset8                          0x08000481   Thumb Code     0  memseta.o(.text)
    __aeabi_memclr                           0x0800048f   Thumb Code     4  memseta.o(.text)
    __aeabi_memclr4                          0x0800048f   Thumb Code     0  memseta.o(.text)
    __aeabi_memclr8                          0x0800048f   Thumb Code     0  memseta.o(.text)
    _memset$wrapper                          0x08000493   Thumb Code    18  memseta.o(.text)
    strlen                                   0x080004a5   Thumb Code    14  strlen.o(.text)
    memcmp                                   0x080004b3   Thumb Code    26  memcmp.o(.text)
    strcpy                                   0x080004cd   Thumb Code    18  strcpy.o(.text)
    __aeabi_fadd                             0x080004df   Thumb Code   164  fadd.o(.text)
    __aeabi_fsub                             0x08000583   Thumb Code     6  fadd.o(.text)
    __aeabi_frsub                            0x08000589   Thumb Code     6  fadd.o(.text)
    __aeabi_fmul                             0x0800058f   Thumb Code   100  fmul.o(.text)
    __aeabi_fdiv                             0x080005f3   Thumb Code   124  fdiv.o(.text)
    __aeabi_dadd                             0x0800066f   Thumb Code   322  dadd.o(.text)
    __aeabi_dsub                             0x080007b1   Thumb Code     6  dadd.o(.text)
    __aeabi_drsub                            0x080007b7   Thumb Code     6  dadd.o(.text)
    __aeabi_dmul                             0x080007bd   Thumb Code   228  dmul.o(.text)
    __aeabi_ddiv                             0x080008a1   Thumb Code   222  ddiv.o(.text)
    __aeabi_fcmple                           0x0800097f   Thumb Code    28  fcmple.o(.text)
    __aeabi_fcmplt                           0x0800099b   Thumb Code    28  fcmplt.o(.text)
    __aeabi_fcmpge                           0x080009b7   Thumb Code    28  fcmpge.o(.text)
    __aeabi_fcmpgt                           0x080009d3   Thumb Code    28  fcmpgt.o(.text)
    __aeabi_fcmpeq                           0x080009ef   Thumb Code    28  fcmpeq.o(.text)
    __aeabi_i2f                              0x08000a0b   Thumb Code    18  fflti.o(.text)
    __aeabi_ui2f                             0x08000a1d   Thumb Code    10  ffltui.o(.text)
    __aeabi_i2d                              0x08000a27   Thumb Code    34  dflti.o(.text)
    __aeabi_ui2d                             0x08000a49   Thumb Code    26  dfltui.o(.text)
    __aeabi_f2iz                             0x08000a63   Thumb Code    50  ffixi.o(.text)
    __aeabi_d2iz                             0x08000a95   Thumb Code    62  dfixi.o(.text)
    __aeabi_d2uiz                            0x08000ad3   Thumb Code    50  dfixui.o(.text)
    __aeabi_f2d                              0x08000b05   Thumb Code    38  f2d.o(.text)
    __aeabi_d2f                              0x08000b2b   Thumb Code    56  d2f.o(.text)
    __aeabi_uidiv                            0x08000b63   Thumb Code     0  uidiv.o(.text)
    __aeabi_uidivmod                         0x08000b63   Thumb Code    44  uidiv.o(.text)
    __aeabi_llsl                             0x08000b8f   Thumb Code    30  llshl.o(.text)
    _ll_shift_l                              0x08000b8f   Thumb Code     0  llshl.o(.text)
    __aeabi_llsr                             0x08000bad   Thumb Code    32  llushr.o(.text)
    _ll_ushift_r                             0x08000bad   Thumb Code     0  llushr.o(.text)
    __aeabi_lasr                             0x08000bcd   Thumb Code    36  llsshr.o(.text)
    _ll_sshift_r                             0x08000bcd   Thumb Code     0  llsshr.o(.text)
    __I$use$fp                               0x08000bf1   Thumb Code     0  iusefp.o(.text)
    _float_round                             0x08000bf1   Thumb Code    18  fepilogue.o(.text)
    _float_epilogue                          0x08000c03   Thumb Code    92  fepilogue.o(.text)
    _double_round                            0x08000c5f   Thumb Code    30  depilogue.o(.text)
    _double_epilogue                         0x08000c7d   Thumb Code   156  depilogue.o(.text)
    __ARM_scalbn                             0x08000d19   Thumb Code    46  dscalb.o(.text)
    scalbn                                   0x08000d19   Thumb Code     0  dscalb.o(.text)
    __aeabi_cdcmpeq                          0x08000d49   Thumb Code     0  cdcmple.o(.text)
    __aeabi_cdcmple                          0x08000d49   Thumb Code    48  cdcmple.o(.text)
    __aeabi_cdrcmple                         0x08000d79   Thumb Code    48  cdrcmple.o(.text)
    __scatterload                            0x08000da9   Thumb Code    38  init.o(.text)
    __scatterload_rt2                        0x08000da9   Thumb Code     0  init.o(.text)
    __decompress                             0x08000dd9   Thumb Code     0  __dczerorl2.o(.text)
    __decompress1                            0x08000dd9   Thumb Code    86  __dczerorl2.o(.text)
    DMA1_Channel1_IRQHandler                 0x08000e31   Thumb Code    26  isr.o(.text.DMA1_Channel1_IRQHandler)
    DMA1_Channel2_IRQHandler                 0x08000e4d   Thumb Code    26  isr.o(.text.DMA1_Channel2_IRQHandler)
    DMA1_Channel3_IRQHandler                 0x08000e69   Thumb Code    26  isr.o(.text.DMA1_Channel3_IRQHandler)
    DMA1_Channel4_IRQHandler                 0x08000e85   Thumb Code    40  isr.o(.text.DMA1_Channel4_IRQHandler)
    DMA1_Channel5_IRQHandler                 0x08000ead   Thumb Code    26  isr.o(.text.DMA1_Channel5_IRQHandler)
    DMA1_Channel6_IRQHandler                 0x08000ec9   Thumb Code    26  isr.o(.text.DMA1_Channel6_IRQHandler)
    DMA1_Channel7_IRQHandler                 0x08000ee5   Thumb Code    26  isr.o(.text.DMA1_Channel7_IRQHandler)
    DMA2_Channel1_IRQHandler                 0x08000f01   Thumb Code    28  isr.o(.text.DMA2_Channel1_IRQHandler)
    DMA2_Channel2_IRQHandler                 0x08000f1d   Thumb Code    28  isr.o(.text.DMA2_Channel2_IRQHandler)
    DMA2_Channel3_IRQHandler                 0x08000f39   Thumb Code    28  isr.o(.text.DMA2_Channel3_IRQHandler)
    DMA2_Channel4_IRQHandler                 0x08000f55   Thumb Code    28  isr.o(.text.DMA2_Channel4_IRQHandler)
    DMA2_Channel5_IRQHandler                 0x08000f71   Thumb Code    28  isr.o(.text.DMA2_Channel5_IRQHandler)
    EXTI0_IRQHandler                         0x08000f8d   Thumb Code    18  isr.o(.text.EXTI0_IRQHandler)
    EXTI15_10_IRQHandler                     0x08000fa1   Thumb Code   106  isr.o(.text.EXTI15_10_IRQHandler)
    EXTI1_IRQHandler                         0x0800100d   Thumb Code    18  isr.o(.text.EXTI1_IRQHandler)
    EXTI2_IRQHandler                         0x08001021   Thumb Code    18  isr.o(.text.EXTI2_IRQHandler)
    EXTI3_IRQHandler                         0x08001035   Thumb Code    18  isr.o(.text.EXTI3_IRQHandler)
    EXTI4_IRQHandler                         0x08001049   Thumb Code    24  isr.o(.text.EXTI4_IRQHandler)
    EXTI9_5_IRQHandler                       0x08001061   Thumb Code    96  isr.o(.text.EXTI9_5_IRQHandler)
    NULL_FUN                                 0x080010c1   Thumb Code     2  auto_menu.o(.text.NULL_FUN)
    SystemInit                               0x080010c5   Thumb Code    12  system_mm32f3277g.o(.text.SystemInit)
    TIM1_UP_IRQHandler                       0x080010d1   Thumb Code    20  isr.o(.text.TIM1_UP_IRQHandler)
    TIM2_IRQHandler                          0x080010e5   Thumb Code    18  isr.o(.text.TIM2_IRQHandler)
    TIM3_IRQHandler                          0x080010f9   Thumb Code    20  isr.o(.text.TIM3_IRQHandler)
    TIM4_IRQHandler                          0x0800110d   Thumb Code    20  isr.o(.text.TIM4_IRQHandler)
    TIM5_IRQHandler                          0x08001121   Thumb Code    20  isr.o(.text.TIM5_IRQHandler)
    TIM6_IRQHandler                          0x08001135   Thumb Code    26  isr.o(.text.TIM6_IRQHandler)
    TIM7_IRQHandler                          0x08001151   Thumb Code    20  isr.o(.text.TIM7_IRQHandler)
    TIM8_UP_IRQHandler                       0x08001165   Thumb Code    26  isr.o(.text.TIM8_UP_IRQHandler)
    UART1_IRQHandler                         0x08001181   Thumb Code    44  isr.o(.text.UART1_IRQHandler)
    UART2_IRQHandler                         0x080011ad   Thumb Code    50  isr.o(.text.UART2_IRQHandler)
    UART3_IRQHandler                         0x080011e1   Thumb Code    44  isr.o(.text.UART3_IRQHandler)
    UART4_IRQHandler                         0x0800120d   Thumb Code    44  isr.o(.text.UART4_IRQHandler)
    UART5_IRQHandler                         0x08001239   Thumb Code    44  isr.o(.text.UART5_IRQHandler)
    UART6_IRQHandler                         0x08001265   Thumb Code    58  isr.o(.text.UART6_IRQHandler)
    UART7_IRQHandler                         0x080012a1   Thumb Code    44  isr.o(.text.UART7_IRQHandler)
    UART8_IRQHandler                         0x080012cd   Thumb Code    58  isr.o(.text.UART8_IRQHandler)
    adc_convert                              0x08001309   Thumb Code    70  zf_driver_adc.o(.text.adc_convert)
    afio_init                                0x08001351   Thumb Code   126  zf_driver_gpio.o(.text.afio_init)
    assist_menu                              0x080013d1   Thumb Code   326  auto_menu.o(.text.assist_menu)
    beep_init                                0x08001519   Thumb Code    12  beep.o(.text.beep_init)
    beep_off                                 0x08001525   Thumb Code     8  beep.o(.text.beep_off)
    beep_on                                  0x0800152d   Thumb Code     8  beep.o(.text.beep_on)
    button_entry                             0x08001535   Thumb Code   492  key.o(.text.button_entry)
    camera_fifo_init                         0x08001721   Thumb Code    24  zf_device_camera.o(.text.camera_fifo_init)
    camera_init                              0x08001739   Thumb Code    94  zf_device_camera.o(.text.camera_init)
    center_menu                              0x08001799   Thumb Code   448  auto_menu.o(.text.center_menu)
    change_value                             0x08001959   Thumb Code   508  auto_menu.o(.text.change_value)
    clock_init                               0x08001b61   Thumb Code   552  zf_common_clock.o(.text.clock_init)
    dad_name_init                            0x08001d89   Thumb Code   162  auto_menu.o(.text.dad_name_init)
    day_night                                0x08001e2d   Thumb Code    92  auto_menu.o(.text.day_night)
    debug_assert_handler                     0x08001e99   Thumb Code   232  zf_common_debug.o(.text.debug_assert_handler)
    debug_init                               0x08001f91   Thumb Code   126  zf_common_debug.o(.text.debug_init)
    debug_log_handler                        0x08002011   Thumb Code    36  zf_common_debug.o(.text.debug_log_handler)
    debug_output_init                        0x08002381   Thumb Code    98  zf_common_debug.o(.text.debug_output_init)
    debug_output_struct_init                 0x080023e5   Thumb Code    22  zf_common_debug.o(.text.debug_output_struct_init)
    dl1a_get_distance                        0x08002405   Thumb Code   138  zf_device_dl1a.o(.text.dl1a_get_distance)
    dl1a_int_handler                         0x08002491   Thumb Code     4  zf_device_dl1a.o(.text.dl1a_int_handler)
    dm1xa_light_callback                     0x08002495   Thumb Code    42  zf_device_dm1xa.o(.text.dm1xa_light_callback)
    dm1xa_sound_callback                     0x080024c1   Thumb Code   198  zf_device_dm1xa.o(.text.dm1xa_sound_callback)
    dma_camera_init                          0x08002589   Thumb Code   116  zf_driver_dma.o(.text.dma_camera_init)
    dma_disable                              0x08002615   Thumb Code    38  zf_driver_dma.o(.text.dma_disable)
    dma_enable                               0x0800263d   Thumb Code    38  zf_driver_dma.o(.text.dma_enable)
    dma_set_count                            0x08002665   Thumb Code    32  zf_driver_dma.o(.text.dma_set_count)
    encoder_clear_count                      0x08002685   Thumb Code    64  zf_driver_encoder.o(.text.encoder_clear_count)
    encoder_get_count                        0x080026c5   Thumb Code   104  zf_driver_encoder.o(.text.encoder_get_count)
    encoder_init                             0x0800272d   Thumb Code    34  encoder.o(.text.encoder_init)
    encoder_quad_init                        0x08002751   Thumb Code   224  zf_driver_encoder.o(.text.encoder_quad_init)
    exti_init                                0x08002831   Thumb Code   312  zf_driver_exti.o(.text.exti_init)
    fifo_clear                               0x08002979   Thumb Code    92  zf_common_fifo.o(.text.fifo_clear)
    fifo_init                                0x080029d5   Thumb Code    62  zf_common_fifo.o(.text.fifo_init)
    fifo_read_buffer                         0x08002a15   Thumb Code   324  zf_common_fifo.o(.text.fifo_read_buffer)
    fifo_used                                0x08002b59   Thumb Code    32  zf_common_fifo.o(.text.fifo_used)
    fifo_write_buffer                        0x08002b79   Thumb Code   450  zf_common_fifo.o(.text.fifo_write_buffer)
    fifo_write_element                       0x08002d3d   Thumb Code   122  zf_common_fifo.o(.text.fifo_write_element)
    fputc                                    0x08002db9   Thumb Code    28  zf_common_debug.o(.text.fputc)
    fun_init                                 0x08002dd5   Thumb Code   230  auto_menu.o(.text.fun_init)
    func_float_to_str                        0x08002ebd   Thumb Code   330  zf_common_function.o(.text.func_float_to_str)
    func_get_greatest_common_divisor         0x08003009   Thumb Code    24  zf_common_function.o(.text.func_get_greatest_common_divisor)
    func_int_to_str                          0x08003021   Thumb Code   158  zf_common_function.o(.text.func_int_to_str)
    func_uint_to_str                         0x080030c1   Thumb Code   130  zf_common_function.o(.text.func_uint_to_str)
    gpio_get_level                           0x08003145   Thumb Code    32  zf_driver_gpio.o(.text.gpio_get_level)
    gpio_init                                0x08003165   Thumb Code   138  zf_driver_gpio.o(.text.gpio_init)
    gpio_set_level                           0x080031f1   Thumb Code    44  zf_driver_gpio.o(.text.gpio_set_level)
    gps_uart_callback                        0x0800321d   Thumb Code   236  zf_device_gps_tau1201.o(.text.gps_uart_callback)
    image_calculate_mid                      0x08003311   Thumb Code   324  image.o(.text.image_calculate_mid)
    image_circle_analysis                    0x08003455   Thumb Code   532  image.o(.text.image_circle_analysis)
    image_core                               0x08003669   Thumb Code   554  image.o(.text.image_core)
    image_display_edge_line                  0x08003895   Thumb Code   154  image.o(.text.image_display_edge_line)
    interrupt_disable                        0x08003931   Thumb Code    40  zf_common_interrupt.o(.text.interrupt_disable)
    interrupt_enable                         0x08003959   Thumb Code    32  zf_common_interrupt.o(.text.interrupt_enable)
    interrupt_global_disable                 0x08003979   Thumb Code    22  zf_common_interrupt.o(.text.interrupt_global_disable)
    interrupt_init                           0x08003991   Thumb Code    28  zf_common_interrupt.o(.text.interrupt_init)
    interrupt_set_priority                   0x080039ad   Thumb Code    34  zf_common_interrupt.o(.text.interrupt_set_priority)
    ips200_clear                             0x080039d1   Thumb Code   280  zf_device_ips200.o(.text.ips200_clear)
    ips200_draw_point                        0x08003ae9   Thumb Code   260  zf_device_ips200.o(.text.ips200_draw_point)
    ips200_init                              0x08003bed   Thumb Code  4998  zf_device_ips200.o(.text.ips200_init)
    ips200_set_color                         0x08004f75   Thumb Code    22  zf_device_ips200.o(.text.ips200_set_color)
    ips200_show_char                         0x080052e1   Thumb Code   734  zf_device_ips200.o(.text.ips200_show_char)
    ips200_show_float                        0x080055c1   Thumb Code   304  zf_device_ips200.o(.text.ips200_show_float)
    ips200_show_gray_image                   0x080056f1   Thumb Code   534  zf_device_ips200.o(.text.ips200_show_gray_image)
    ips200_show_int                          0x08005909   Thumb Code   216  zf_device_ips200.o(.text.ips200_show_int)
    ips200_show_string                       0x080059e1   Thumb Code   166  zf_device_ips200.o(.text.ips200_show_string)
    ips200_show_uint                         0x08005a89   Thumb Code   216  zf_device_ips200.o(.text.ips200_show_uint)
    key_into                                 0x08005b61   Thumb Code    54  key.o(.text.key_into)
    main                                     0x08005b99   Thumb Code   384  main.o(.text.main)
    menu_init                                0x08005d65   Thumb Code   460  auto_menu.o(.text.menu_init)
    motor_init                               0x08005f31   Thumb Code    66  motor.o(.text.motor_init)
    motor_lose_line_protect                  0x08005f75   Thumb Code     8  motor.o(.text.motor_lose_line_protect)
    motor_setspeed                           0x08005f7d   Thumb Code   244  motor.o(.text.motor_setspeed)
    mt9v03x_init                             0x08006089   Thumb Code   704  zf_device_mt9v03x.o(.text.mt9v03x_init)
    mt9v03x_set_config_sccb                  0x080063bd   Thumb Code  2478  zf_device_config.o(.text.mt9v03x_set_config_sccb)
    pid_increment                            0x08006e11   Thumb Code   160  pid.o(.text.pid_increment)
    pid_positional                           0x08006eb1   Thumb Code   136  pid.o(.text.pid_positional)
    pit_handler                              0x08006f39   Thumb Code    92  main.o(.text.pit_handler)
    pit_init                                 0x08006f95   Thumb Code   192  zf_driver_pit.o(.text.pit_init)
    pwm_init                                 0x0800705d   Thumb Code   392  zf_driver_pwm.o(.text.pwm_init)
    pwm_set_duty                             0x080071e5   Thumb Code   204  zf_driver_pwm.o(.text.pwm_set_duty)
    rand_color                               0x080072b1   Thumb Code    60  auto_menu.o(.text.rand_color)
    search_line                              0x080072f5   Thumb Code   672  image.o(.text.search_line)
    servo_control                            0x08007595   Thumb Code   408  servo.o(.text.servo_control)
    servo_init                               0x0800772d   Thumb Code    16  servo.o(.text.servo_init)
    servo_set_pid                            0x0800773d   Thumb Code    32  servo.o(.text.servo_set_pid)
    set_camera_type                          0x0800775d   Thumb Code    70  zf_device_type.o(.text.set_camera_type)
    show_image                               0x080077a5   Thumb Code   176  auto_menu.o(.text.show_image)
    show_process                             0x08007859   Thumb Code   260  auto_menu.o(.text.show_process)
    soft_iic_init                            0x0800795d   Thumb Code    96  zf_driver_soft_iic.o(.text.soft_iic_init)
    soft_iic_read_8bit_registers             0x080079bd   Thumb Code   136  zf_driver_soft_iic.o(.text.soft_iic_read_8bit_registers)
    soft_iic_sccb_read_register              0x08007bb5   Thumb Code   100  zf_driver_soft_iic.o(.text.soft_iic_sccb_read_register)
    soft_iic_sccb_write_register             0x08007c19   Thumb Code    74  zf_driver_soft_iic.o(.text.soft_iic_sccb_write_register)
    soft_iic_write_8bit_register             0x08007eb5   Thumb Code    74  zf_driver_soft_iic.o(.text.soft_iic_write_8bit_register)
    spi_init                                 0x08007f01   Thumb Code   440  zf_driver_spi.o(.text.spi_init)
    spi_write_16bit                          0x080080b9   Thumb Code    60  zf_driver_spi.o(.text.spi_write_16bit)
    spi_write_8bit                           0x080080f5   Thumb Code    48  zf_driver_spi.o(.text.spi_write_8bit)
    system_delay_ms                          0x08008125   Thumb Code   108  zf_driver_delay.o(.text.system_delay_ms)
    timer_clear                              0x08008191   Thumb Code    76  zf_driver_timer.o(.text.timer_clear)
    timer_clock_enable                       0x080081dd   Thumb Code   170  zf_driver_timer.o(.text.timer_clock_enable)
    timer_etr_init                           0x08008289   Thumb Code   362  zf_driver_timer.o(.text.timer_etr_init)
    timer_funciton_check                     0x080083f5   Thumb Code    30  zf_driver_timer.o(.text.timer_funciton_check)
    timer_get                                0x08008415   Thumb Code    94  zf_driver_timer.o(.text.timer_get)
    tsl1401_collect_pit_handler              0x08008475   Thumb Code   162  zf_device_tsl1401.o(.text.tsl1401_collect_pit_handler)
    uart_init                                0x0800851d   Thumb Code   436  zf_driver_uart.o(.text.uart_init)
    uart_query_byte                          0x080086d1   Thumb Code    58  zf_driver_uart.o(.text.uart_query_byte)
    uart_rx_interrupt                        0x0800870d   Thumb Code    96  zf_driver_uart.o(.text.uart_rx_interrupt)
    uart_write_buffer                        0x0800876d   Thumb Code    72  zf_driver_uart.o(.text.uart_write_buffer)
    uart_write_byte                          0x080087b5   Thumb Code    24  zf_driver_uart.o(.text.uart_write_byte)
    uart_write_string                        0x080087cd   Thumb Code    72  zf_driver_uart.o(.text.uart_write_string)
    unit_param_set                           0x08008815   Thumb Code   614  auto_menu.o(.text.unit_param_set)
    __0printf$3                              0x08008a7d   Thumb Code    22  printf3.o(i.__0printf$3)
    __1printf$3                              0x08008a7d   Thumb Code     0  printf3.o(i.__0printf$3)
    __2printf                                0x08008a7d   Thumb Code     0  printf3.o(i.__0printf$3)
    __0sprintf$3                             0x08008a9d   Thumb Code    34  printf3.o(i.__0sprintf$3)
    __1sprintf$3                             0x08008a9d   Thumb Code     0  printf3.o(i.__0sprintf$3)
    __2sprintf                               0x08008a9d   Thumb Code     0  printf3.o(i.__0sprintf$3)
    __ARM_fpclassify                         0x08008ac5   Thumb Code    40  fpclassify.o(i.__ARM_fpclassify)
    free                                     0x08008aed   Thumb Code    76  malloc2.o(i.__free$2region)
    __kernel_poly                            0x08008b3d   Thumb Code   170  poly.o(i.__kernel_poly)
    malloc                                   0x08008be9   Thumb Code    92  malloc2.o(i.__malloc$2region)
    __mathlib_dbl_infnan                     0x08008c55   Thumb Code     6  dunder.o(i.__mathlib_dbl_infnan)
    __mathlib_dbl_overflow                   0x08008c5b   Thumb Code    14  dunder.o(i.__mathlib_dbl_overflow)
    __mathlib_dbl_underflow                  0x08008c69   Thumb Code    10  dunder.o(i.__mathlib_dbl_underflow)
    __scatterload_copy                       0x08008c79   Thumb Code    14  handlers.o(i.__scatterload_copy)
    __scatterload_null                       0x08008c87   Thumb Code     2  handlers.o(i.__scatterload_null)
    __scatterload_zeroinit                   0x08008c89   Thumb Code    14  handlers.o(i.__scatterload_zeroinit)
    __set_errno                              0x08008c99   Thumb Code     6  errno.o(i.__set_errno)
    exp                                      0x08008e69   Thumb Code   554  exp.o(i.exp)
    ascii_font_6x8                           0x080091f4   Data         552  zf_common_font.o(.rodata.ascii_font_6x8)
    ascii_font_8x16                          0x0800941c   Data        1520  zf_common_font.o(.rodata.ascii_font_8x16)
    Region$$Table$$Base                      0x08009cbc   Number         0  anon$$obj.o(Region$$Table)
    Region$$Table$$Limit                     0x08009cdc   Number         0  anon$$obj.o(Region$$Table)
    __stdout                                 0x20000004   Data           4  stdout.o(.data)
    __microlib_freelist                      0x20000008   Data           4  mvars.o(.data)
    __microlib_freelist_initialised          0x2000000c   Data           4  mvars.o(.data)
    DAD_NUM                                  0x20000014   Data           1  auto_menu.o(.data.DAD_NUM)
    begin_menu_flag                          0x20000015   Data           1  auto_menu.o(.data.begin_menu_flag)
    camera_dma_handler                       0x20000018   Data           4  zf_device_type.o(.data.camera_dma_handler)
    camera_uart_handler                      0x2000001c   Data           4  zf_device_type.o(.data.camera_uart_handler)
    camera_vsync_handler                     0x20000020   Data           4  zf_device_type.o(.data.camera_vsync_handler)
    dl1a_distance_mm                         0x20000024   Data           2  zf_device_dl1a.o(.data.dl1a_distance_mm)
    gpio_group                               0x20000030   Data          32  zf_driver_gpio.o(.data.gpio_group)
    kd                                       0x20000058   Data           4  auto_menu.o(.data.kd)
    kp                                       0x2000005c   Data           4  auto_menu.o(.data.kp)
    mid_weight                               0x20000060   Data         120  image.o(.data.mid_weight)
    motor_pid_ki                             0x200000d8   Data           4  motor.o(.data.motor_pid_ki)
    motor_pid_kp                             0x200000dc   Data           4  motor.o(.data.motor_pid_kp)
    prospect                                 0x2000012c   Data           1  image.o(.data.prospect)
    reference_contrast_ratio                 0x2000012d   Data           1  image.o(.data.reference_contrast_ratio)
    servo_pid_kd                             0x20000130   Data           4  servo.o(.data.servo_pid_kd)
    servo_pid_kp                             0x20000134   Data           4  servo.o(.data.servo_pid_kp)
    single_edge_err                          0x20000138   Data         120  image.o(.data.single_edge_err)
    speed                                    0x200001b0   Data           4  auto_menu.o(.data.speed)
    system_clock                             0x200001b4   Data           4  zf_common_clock.o(.data.system_clock)
    wireless_module_uart_handler             0x200001b8   Data           4  zf_device_type.o(.data.wireless_module_uart_handler)
    angle                                    0x200001cc   Data           4  auto_menu.o(.bss.angle)
    beep_flag                                0x200001d0   Data           1  beep.o(.bss.beep_flag)
    button1                                  0x200001d1   Data           1  auto_menu.o(.bss.button1)
    button2                                  0x200001d2   Data           1  auto_menu.o(.bss.button2)
    button3                                  0x200001d3   Data           1  auto_menu.o(.bss.button3)
    button4                                  0x200001d4   Data           1  auto_menu.o(.bss.button4)
    camera_receiver_buffer                   0x200001d7   Data           8  zf_device_camera.o(.bss.camera_receiver_buffer)
    camera_receiver_fifo                     0x200001e0   Data          24  zf_device_camera.o(.bss.camera_receiver_fifo)
    camera_type                              0x200001f8   Data           1  zf_device_type.o(.bss.camera_type)
    circle_flag                              0x200001f9   Data           1  image.o(.bss.circle_flag)
    circle_time                              0x200001fa   Data           2  image.o(.bss.circle_time)
    current_operation_menu                   0x200001fc   Data           4  auto_menu.o(.bss.current_operation_menu)
    dl1a_finsh_flag                          0x2000021c   Data           1  zf_device_dl1a.o(.bss.dl1a_finsh_flag)
    encoder_data_l                           0x20000236   Data           2  main.o(.bss.encoder_data_l)
    encoder_data_r                           0x20000238   Data           2  main.o(.bss.encoder_data_r)
    final_mid_line                           0x2000023a   Data           1  image.o(.bss.final_mid_line)
    first_in_page_flag                       0x2000023b   Data           1  auto_menu.o(.bss.first_in_page_flag)
    gps_gga_state                            0x200002bc   Data           1  zf_device_gps_tau1201.o(.bss.gps_gga_state)
    gps_rmc_state                            0x2000033d   Data           1  zf_device_gps_tau1201.o(.bss.gps_rmc_state)
    gps_tau1201_flag                         0x2000033e   Data           1  zf_device_gps_tau1201.o(.bss.gps_tau1201_flag)
    is_clear_flag                            0x20000366   Data           1  auto_menu.o(.bss.is_clear_flag)
    key1_state                               0x20000367   Data           1  key.o(.bss.key1_state)
    key1_state_last                          0x20000368   Data           1  key.o(.bss.key1_state_last)
    key2_state                               0x20000369   Data           1  key.o(.bss.key2_state)
    key2_state_last                          0x2000036a   Data           1  key.o(.bss.key2_state_last)
    key3_state                               0x2000036b   Data           1  key.o(.bss.key3_state)
    key3_state_last                          0x2000036c   Data           1  key.o(.bss.key3_state_last)
    key4_state                               0x2000036d   Data           1  key.o(.bss.key4_state)
    key4_state_last                          0x2000036e   Data           1  key.o(.bss.key4_state_last)
    ki                                       0x20000370   Data           4  auto_menu.o(.bss.ki)
    last_final_mid_line                      0x20000374   Data           1  image.o(.bss.last_final_mid_line)
    left_edge_line                           0x20000378   Data         240  image.o(.bss.left_edge_line)
    mid_line                                 0x20000468   Data         120  image.o(.bss.mid_line)
    mid_mode                                 0x200004e0   Data           1  image.o(.bss.mid_mode)
    motor_pid_kd                             0x200004e4   Data           4  motor.o(.bss.motor_pid_kd)
    mt9v03x_finish_flag                      0x200004e8   Data           1  zf_device_mt9v03x.o(.bss.mt9v03x_finish_flag)
    mt9v03x_image                            0x20000500   Data       22560  zf_device_mt9v03x.o(.bss.mt9v03x_image)
    my_index                                 0x20005d3e   Data         200  auto_menu.o(.bss.my_index)
    my_menu_unit                             0x20005e08   Data        4000  auto_menu.o(.bss.my_menu_unit)
    my_param_set                             0x20006da8   Data        1200  auto_menu.o(.bss.my_param_set)
    p_index_xy_dad                           0x20007258   Data           4  auto_menu.o(.bss.p_index_xy_dad)
    p_index_xy_son                           0x2000725c   Data           4  auto_menu.o(.bss.p_index_xy_son)
    reference_col                            0x20007280   Data           1  image.o(.bss.reference_col)
    reference_line                           0x20007282   Data         240  image.o(.bss.reference_line)
    reference_point                          0x20007372   Data           1  image.o(.bss.reference_point)
    remote_distance                          0x20007374   Data         188  image.o(.bss.remote_distance)
    right_edge_line                          0x20007430   Data         240  image.o(.bss.right_edge_line)
    servo_pid_ki                             0x20007520   Data           4  servo.o(.bss.servo_pid_ki)
    tsl1401_data                             0x20007538   Data         512  zf_device_tsl1401.o(.bss.tsl1401_data)
    tsl1401_finish_flag                      0x20007738   Data           1  zf_device_tsl1401.o(.bss.tsl1401_finish_flag)
    user_image                               0x20007758   Data       22560  image.o(.bss.user_image)
    white_max_point                          0x2000cf78   Data           1  image.o(.bss.white_max_point)
    white_min_point                          0x2000cf79   Data           1  image.o(.bss.white_min_point)
    Image$$ARM_LIB_HEAP$$ZI$$Base            0x2000cf7c   Number         0  anon$$obj.o ABSOLUTE
    Image$$ARM_LIB_HEAP$$ZI$$Limit           0x2000d37c   Number         0  anon$$obj.o ABSOLUTE
    Image$$ARM_LIB_STACK$$ZI$$Limit          0x20020000   Number         0  anon$$obj.o ABSOLUTE



==============================================================================

Memory Map of the image

  Image Entry point : 0x08000401

  Load Region LR_m_text (Base: 0x08000000, Size: 0x00009e9c, Max: 0x00080000, ABSOLUTE, COMPRESSED[0x00009df4])

    Execution Region VECTOR_ROM (Exec base: 0x08000000, Load base: 0x08000000, Size: 0x00000190, Max: 0x00000400, ABSOLUTE)

    Exec Addr    Load Addr    Size         Type   Attr      Idx    E Section Name        Object

    0x08000000   0x08000000   0x00000190   Data   RO         1648    RESET               startup_mm32f3277g.o


    Execution Region ER_m_text (Exec base: 0x08000400, Load base: 0x08000400, Size: 0x000098dc, Max: 0x0007fc00, ABSOLUTE, FIXED)

    Exec Addr    Load Addr    Size         Type   Attr      Idx    E Section Name        Object

    0x08000400   0x08000400   0x00000000   Code   RO         2594  * .ARM.Collect$$$$00000000  mc_w.l(entry.o)
    0x08000400   0x08000400   0x00000004   Code   RO         2992    .ARM.Collect$$$$00000003  mc_w.l(entry4.o)
    0x08000404   0x08000404   0x00000004   Code   RO         2995    .ARM.Collect$$$$00000004  mc_w.l(entry5.o)
    0x08000408   0x08000408   0x00000000   Code   RO         2997    .ARM.Collect$$$$00000008  mc_w.l(entry7b.o)
    0x08000408   0x08000408   0x00000000   Code   RO         2999    .ARM.Collect$$$$0000000A  mc_w.l(entry8b.o)
    0x08000408   0x08000408   0x00000008   Code   RO         3000    .ARM.Collect$$$$0000000B  mc_w.l(entry9a.o)
    0x08000410   0x08000410   0x00000000   Code   RO         3002    .ARM.Collect$$$$0000000D  mc_w.l(entry10a.o)
    0x08000410   0x08000410   0x00000000   Code   RO         3004    .ARM.Collect$$$$0000000F  mc_w.l(entry11a.o)
    0x08000410   0x08000410   0x00000004   Code   RO         2993    .ARM.Collect$$$$00002714  mc_w.l(entry4.o)
    0x08000414   0x08000414   0x00000024   Code   RO         1649    .text               startup_mm32f3277g.o
    0x08000438   0x08000438   0x00000024   Code   RO         2597    .text               mc_w.l(rand.o)
    0x0800045c   0x0800045c   0x00000024   Code   RO         2600    .text               mc_w.l(memcpya.o)
    0x08000480   0x08000480   0x00000024   Code   RO         2602    .text               mc_w.l(memseta.o)
    0x080004a4   0x080004a4   0x0000000e   Code   RO         2610    .text               mc_w.l(strlen.o)
    0x080004b2   0x080004b2   0x0000001a   Code   RO         2614    .text               mc_w.l(memcmp.o)
    0x080004cc   0x080004cc   0x00000012   Code   RO         2616    .text               mc_w.l(strcpy.o)
    0x080004de   0x080004de   0x000000b0   Code   RO         2911    .text               mf_w.l(fadd.o)
    0x0800058e   0x0800058e   0x00000064   Code   RO         2913    .text               mf_w.l(fmul.o)
    0x080005f2   0x080005f2   0x0000007c   Code   RO         2915    .text               mf_w.l(fdiv.o)
    0x0800066e   0x0800066e   0x0000014e   Code   RO         2917    .text               mf_w.l(dadd.o)
    0x080007bc   0x080007bc   0x000000e4   Code   RO         2919    .text               mf_w.l(dmul.o)
    0x080008a0   0x080008a0   0x000000de   Code   RO         2921    .text               mf_w.l(ddiv.o)
    0x0800097e   0x0800097e   0x0000001c   Code   RO         2923    .text               mf_w.l(fcmple.o)
    0x0800099a   0x0800099a   0x0000001c   Code   RO         2925    .text               mf_w.l(fcmplt.o)
    0x080009b6   0x080009b6   0x0000001c   Code   RO         2927    .text               mf_w.l(fcmpge.o)
    0x080009d2   0x080009d2   0x0000001c   Code   RO         2929    .text               mf_w.l(fcmpgt.o)
    0x080009ee   0x080009ee   0x0000001c   Code   RO         2931    .text               mf_w.l(fcmpeq.o)
    0x08000a0a   0x08000a0a   0x00000012   Code   RO         2939    .text               mf_w.l(fflti.o)
    0x08000a1c   0x08000a1c   0x0000000a   Code   RO         2941    .text               mf_w.l(ffltui.o)
    0x08000a26   0x08000a26   0x00000022   Code   RO         2943    .text               mf_w.l(dflti.o)
    0x08000a48   0x08000a48   0x0000001a   Code   RO         2945    .text               mf_w.l(dfltui.o)
    0x08000a62   0x08000a62   0x00000032   Code   RO         2947    .text               mf_w.l(ffixi.o)
    0x08000a94   0x08000a94   0x0000003e   Code   RO         2949    .text               mf_w.l(dfixi.o)
    0x08000ad2   0x08000ad2   0x00000032   Code   RO         2951    .text               mf_w.l(dfixui.o)
    0x08000b04   0x08000b04   0x00000026   Code   RO         2953    .text               mf_w.l(f2d.o)
    0x08000b2a   0x08000b2a   0x00000038   Code   RO         2955    .text               mf_w.l(d2f.o)
    0x08000b62   0x08000b62   0x0000002c   Code   RO         3016    .text               mc_w.l(uidiv.o)
    0x08000b8e   0x08000b8e   0x0000001e   Code   RO         3020    .text               mc_w.l(llshl.o)
    0x08000bac   0x08000bac   0x00000020   Code   RO         3022    .text               mc_w.l(llushr.o)
    0x08000bcc   0x08000bcc   0x00000024   Code   RO         3024    .text               mc_w.l(llsshr.o)
    0x08000bf0   0x08000bf0   0x00000000   Code   RO         3035    .text               mc_w.l(iusefp.o)
    0x08000bf0   0x08000bf0   0x0000006e   Code   RO         3036    .text               mf_w.l(fepilogue.o)
    0x08000c5e   0x08000c5e   0x000000ba   Code   RO         3038    .text               mf_w.l(depilogue.o)
    0x08000d18   0x08000d18   0x0000002e   Code   RO         3040    .text               mf_w.l(dscalb.o)
    0x08000d46   0x08000d46   0x00000002   PAD
    0x08000d48   0x08000d48   0x00000030   Code   RO         3046    .text               mf_w.l(cdcmple.o)
    0x08000d78   0x08000d78   0x00000030   Code   RO         3048    .text               mf_w.l(cdrcmple.o)
    0x08000da8   0x08000da8   0x00000030   Code   RO         3050    .text               mc_w.l(init.o)
    0x08000dd8   0x08000dd8   0x00000056   Code   RO         3060    .text               mc_w.l(__dczerorl2.o)
    0x08000e2e   0x08000e2e   0x00000002   PAD
    0x08000e30   0x08000e30   0x0000001a   Code   RO           64    .text.DMA1_Channel1_IRQHandler  isr.o
    0x08000e4a   0x08000e4a   0x00000002   PAD
    0x08000e4c   0x08000e4c   0x0000001a   Code   RO           66    .text.DMA1_Channel2_IRQHandler  isr.o
    0x08000e66   0x08000e66   0x00000002   PAD
    0x08000e68   0x08000e68   0x0000001a   Code   RO           68    .text.DMA1_Channel3_IRQHandler  isr.o
    0x08000e82   0x08000e82   0x00000002   PAD
    0x08000e84   0x08000e84   0x00000028   Code   RO           70    .text.DMA1_Channel4_IRQHandler  isr.o
    0x08000eac   0x08000eac   0x0000001a   Code   RO           72    .text.DMA1_Channel5_IRQHandler  isr.o
    0x08000ec6   0x08000ec6   0x00000002   PAD
    0x08000ec8   0x08000ec8   0x0000001a   Code   RO           74    .text.DMA1_Channel6_IRQHandler  isr.o
    0x08000ee2   0x08000ee2   0x00000002   PAD
    0x08000ee4   0x08000ee4   0x0000001a   Code   RO           76    .text.DMA1_Channel7_IRQHandler  isr.o
    0x08000efe   0x08000efe   0x00000002   PAD
    0x08000f00   0x08000f00   0x0000001c   Code   RO           78    .text.DMA2_Channel1_IRQHandler  isr.o
    0x08000f1c   0x08000f1c   0x0000001c   Code   RO           80    .text.DMA2_Channel2_IRQHandler  isr.o
    0x08000f38   0x08000f38   0x0000001c   Code   RO           82    .text.DMA2_Channel3_IRQHandler  isr.o
    0x08000f54   0x08000f54   0x0000001c   Code   RO           84    .text.DMA2_Channel4_IRQHandler  isr.o
    0x08000f70   0x08000f70   0x0000001c   Code   RO           86    .text.DMA2_Channel5_IRQHandler  isr.o
    0x08000f8c   0x08000f8c   0x00000012   Code   RO           50    .text.EXTI0_IRQHandler  isr.o
    0x08000f9e   0x08000f9e   0x00000002   PAD
    0x08000fa0   0x08000fa0   0x0000006a   Code   RO           62    .text.EXTI15_10_IRQHandler  isr.o
    0x0800100a   0x0800100a   0x00000002   PAD
    0x0800100c   0x0800100c   0x00000012   Code   RO           52    .text.EXTI1_IRQHandler  isr.o
    0x0800101e   0x0800101e   0x00000002   PAD
    0x08001020   0x08001020   0x00000012   Code   RO           54    .text.EXTI2_IRQHandler  isr.o
    0x08001032   0x08001032   0x00000002   PAD
    0x08001034   0x08001034   0x00000012   Code   RO           56    .text.EXTI3_IRQHandler  isr.o
    0x08001046   0x08001046   0x00000002   PAD
    0x08001048   0x08001048   0x00000018   Code   RO           58    .text.EXTI4_IRQHandler  isr.o
    0x08001060   0x08001060   0x00000060   Code   RO           60    .text.EXTI9_5_IRQHandler  isr.o
    0x080010c0   0x080010c0   0x00000002   Code   RO          137    .text.NULL_FUN      auto_menu.o
    0x080010c2   0x080010c2   0x00000002   PAD
    0x080010c4   0x080010c4   0x0000000c   Code   RO         1641    .text.SystemInit    system_mm32f3277g.o
    0x080010d0   0x080010d0   0x00000014   Code   RO           18    .text.TIM1_UP_IRQHandler  isr.o
    0x080010e4   0x080010e4   0x00000012   Code   RO           20    .text.TIM2_IRQHandler  isr.o
    0x080010f6   0x080010f6   0x00000002   PAD
    0x080010f8   0x080010f8   0x00000014   Code   RO           22    .text.TIM3_IRQHandler  isr.o
    0x0800110c   0x0800110c   0x00000014   Code   RO           24    .text.TIM4_IRQHandler  isr.o
    0x08001120   0x08001120   0x00000014   Code   RO           26    .text.TIM5_IRQHandler  isr.o
    0x08001134   0x08001134   0x0000001a   Code   RO           28    .text.TIM6_IRQHandler  isr.o
    0x0800114e   0x0800114e   0x00000002   PAD
    0x08001150   0x08001150   0x00000014   Code   RO           30    .text.TIM7_IRQHandler  isr.o
    0x08001164   0x08001164   0x0000001a   Code   RO           32    .text.TIM8_UP_IRQHandler  isr.o
    0x0800117e   0x0800117e   0x00000002   PAD
    0x08001180   0x08001180   0x0000002c   Code   RO           34    .text.UART1_IRQHandler  isr.o
    0x080011ac   0x080011ac   0x00000032   Code   RO           36    .text.UART2_IRQHandler  isr.o
    0x080011de   0x080011de   0x00000002   PAD
    0x080011e0   0x080011e0   0x0000002c   Code   RO           38    .text.UART3_IRQHandler  isr.o
    0x0800120c   0x0800120c   0x0000002c   Code   RO           40    .text.UART4_IRQHandler  isr.o
    0x08001238   0x08001238   0x0000002c   Code   RO           42    .text.UART5_IRQHandler  isr.o
    0x08001264   0x08001264   0x0000003a   Code   RO           44    .text.UART6_IRQHandler  isr.o
    0x0800129e   0x0800129e   0x00000002   PAD
    0x080012a0   0x080012a0   0x0000002c   Code   RO           46    .text.UART7_IRQHandler  isr.o
    0x080012cc   0x080012cc   0x0000003a   Code   RO           48    .text.UART8_IRQHandler  isr.o
    0x08001306   0x08001306   0x00000002   PAD
    0x08001308   0x08001308   0x00000046   Code   RO          497    .text.adc_convert   zf_driver_adc.o
    0x0800134e   0x0800134e   0x00000002   PAD
    0x08001350   0x08001350   0x0000007e   Code   RO          610    .text.afio_init     zf_driver_gpio.o
    0x080013ce   0x080013ce   0x00000002   PAD
    0x080013d0   0x080013d0   0x00000146   Code   RO          117    .text.assist_menu   auto_menu.o
    0x08001516   0x08001516   0x00000002   PAD
    0x08001518   0x08001518   0x0000000c   Code   RO          335    .text.beep_init     beep.o
    0x08001524   0x08001524   0x00000008   Code   RO          341    .text.beep_off      beep.o
    0x0800152c   0x0800152c   0x00000008   Code   RO          339    .text.beep_on       beep.o
    0x08001534   0x08001534   0x000001ec   Code   RO          188    .text.button_entry  key.o
    0x08001720   0x08001720   0x00000018   Code   RO          987    .text.camera_fifo_init  zf_device_camera.o
    0x08001738   0x08001738   0x0000005e   Code   RO          989    .text.camera_init   zf_device_camera.o
    0x08001796   0x08001796   0x00000002   PAD
    0x08001798   0x08001798   0x000001c0   Code   RO          115    .text.center_menu   auto_menu.o
    0x08001958   0x08001958   0x00000208   Code   RO          119    .text.change_value  auto_menu.o
    0x08001b60   0x08001b60   0x00000228   Code   RO          352    .text.clock_init    zf_common_clock.o
    0x08001d88   0x08001d88   0x000000a2   Code   RO           95    .text.dad_name_init  auto_menu.o
    0x08001e2a   0x08001e2a   0x00000002   PAD
    0x08001e2c   0x08001e2c   0x0000006c   Code   RO          131    .text.day_night     auto_menu.o
    0x08001e98   0x08001e98   0x000000f8   Code   RO          370    .text.debug_assert_handler  zf_common_debug.o
    0x08001f90   0x08001f90   0x0000007e   Code   RO          380    .text.debug_init    zf_common_debug.o
    0x0800200e   0x0800200e   0x00000002   PAD
    0x08002010   0x08002010   0x00000030   Code   RO          374    .text.debug_log_handler  zf_common_debug.o
    0x08002040   0x08002040   0x00000340   Code   RO          372    .text.debug_output  zf_common_debug.o
    0x08002380   0x08002380   0x00000062   Code   RO          378    .text.debug_output_init  zf_common_debug.o
    0x080023e2   0x080023e2   0x00000002   PAD
    0x080023e4   0x080023e4   0x00000016   Code   RO          376    .text.debug_output_struct_init  zf_common_debug.o
    0x080023fa   0x080023fa   0x00000002   PAD
    0x080023fc   0x080023fc   0x00000008   Code   RO          382    .text.debug_uart_str_output  zf_common_debug.o
    0x08002404   0x08002404   0x0000008a   Code   RO         1003    .text.dl1a_get_distance  zf_device_dl1a.o
    0x0800248e   0x0800248e   0x00000002   PAD
    0x08002490   0x08002490   0x00000004   Code   RO         1005    .text.dl1a_int_handler  zf_device_dl1a.o
    0x08002494   0x08002494   0x0000002a   Code   RO         1027    .text.dm1xa_light_callback  zf_device_dm1xa.o
    0x080024be   0x080024be   0x00000002   PAD
    0x080024c0   0x080024c0   0x000000c6   Code   RO         1025    .text.dm1xa_sound_callback  zf_device_dm1xa.o
    0x08002586   0x08002586   0x00000002   PAD
    0x08002588   0x08002588   0x0000008c   Code   RO          533    .text.dma_camera_init  zf_driver_dma.o
    0x08002614   0x08002614   0x00000026   Code   RO          531    .text.dma_disable   zf_driver_dma.o
    0x0800263a   0x0800263a   0x00000002   PAD
    0x0800263c   0x0800263c   0x00000026   Code   RO          529    .text.dma_enable    zf_driver_dma.o
    0x08002662   0x08002662   0x00000002   PAD
    0x08002664   0x08002664   0x00000020   Code   RO          527    .text.dma_set_count  zf_driver_dma.o
    0x08002684   0x08002684   0x00000040   Code   RO          546    .text.encoder_clear_count  zf_driver_encoder.o
    0x080026c4   0x080026c4   0x00000068   Code   RO          544    .text.encoder_get_count  zf_driver_encoder.o
    0x0800272c   0x0800272c   0x00000022   Code   RO          241    .text.encoder_init  encoder.o
    0x0800274e   0x0800274e   0x00000002   PAD
    0x08002750   0x08002750   0x000000e0   Code   RO          548    .text.encoder_quad_init  zf_driver_encoder.o
    0x08002830   0x08002830   0x00000148   Code   RO          566    .text.exti_init     zf_driver_exti.o
    0x08002978   0x08002978   0x0000005c   Code   RO          404    .text.fifo_clear    zf_common_fifo.o
    0x080029d4   0x080029d4   0x0000003e   Code   RO          418    .text.fifo_init     zf_common_fifo.o
    0x08002a12   0x08002a12   0x00000002   PAD
    0x08002a14   0x08002a14   0x00000144   Code   RO          414    .text.fifo_read_buffer  zf_common_fifo.o
    0x08002b58   0x08002b58   0x00000020   Code   RO          406    .text.fifo_used     zf_common_fifo.o
    0x08002b78   0x08002b78   0x000001c2   Code   RO          410    .text.fifo_write_buffer  zf_common_fifo.o
    0x08002d3a   0x08002d3a   0x00000002   PAD
    0x08002d3c   0x08002d3c   0x0000007a   Code   RO          408    .text.fifo_write_element  zf_common_fifo.o
    0x08002db6   0x08002db6   0x00000002   PAD
    0x08002db8   0x08002db8   0x0000001c   Code   RO          362    .text.fputc         zf_common_debug.o
    0x08002dd4   0x08002dd4   0x000000e6   Code   RO          107    .text.fun_init      auto_menu.o
    0x08002eba   0x08002eba   0x00000002   PAD
    0x08002ebc   0x08002ebc   0x0000014a   Code   RO          455    .text.func_float_to_str  zf_common_function.o
    0x08003006   0x08003006   0x00000002   PAD
    0x08003008   0x08003008   0x00000018   Code   RO          441    .text.func_get_greatest_common_divisor  zf_common_function.o
    0x08003020   0x08003020   0x0000009e   Code   RO          447    .text.func_int_to_str  zf_common_function.o
    0x080030be   0x080030be   0x00000002   PAD
    0x080030c0   0x080030c0   0x00000082   Code   RO          451    .text.func_uint_to_str  zf_common_function.o
    0x08003142   0x08003142   0x00000002   PAD
    0x08003144   0x08003144   0x00000020   Code   RO          602    .text.gpio_get_level  zf_driver_gpio.o
    0x08003164   0x08003164   0x0000008a   Code   RO          608    .text.gpio_init     zf_driver_gpio.o
    0x080031ee   0x080031ee   0x00000002   PAD
    0x080031f0   0x080031f0   0x0000002c   Code   RO          600    .text.gpio_set_level  zf_driver_gpio.o
    0x0800321c   0x0800321c   0x000000f4   Code   RO         1053    .text.gps_uart_callback  zf_device_gps_tau1201.o
    0x08003310   0x08003310   0x00000144   Code   RO          265    .text.image_calculate_mid  image.o
    0x08003454   0x08003454   0x00000214   Code   RO          263    .text.image_circle_analysis  image.o
    0x08003668   0x08003668   0x0000022a   Code   RO          273    .text.image_core    image.o
    0x08003892   0x08003892   0x00000002   PAD
    0x08003894   0x08003894   0x0000009a   Code   RO          269    .text.image_display_edge_line  image.o
    0x0800392e   0x0800392e   0x00000002   PAD
    0x08003930   0x08003930   0x00000028   Code   RO          482    .text.interrupt_disable  zf_common_interrupt.o
    0x08003958   0x08003958   0x00000020   Code   RO          480    .text.interrupt_enable  zf_common_interrupt.o
    0x08003978   0x08003978   0x00000016   Code   RO          478    .text.interrupt_global_disable  zf_common_interrupt.o
    0x0800398e   0x0800398e   0x00000002   PAD
    0x08003990   0x08003990   0x0000001c   Code   RO          486    .text.interrupt_init  zf_common_interrupt.o
    0x080039ac   0x080039ac   0x00000022   Code   RO          484    .text.interrupt_set_priority  zf_common_interrupt.o
    0x080039ce   0x080039ce   0x00000002   PAD
    0x080039d0   0x080039d0   0x00000118   Code   RO         1212    .text.ips200_clear  zf_device_ips200.o
    0x08003ae8   0x08003ae8   0x00000104   Code   RO         1224    .text.ips200_draw_point  zf_device_ips200.o
    0x08003bec   0x08003bec   0x00001386   Code   RO         1248    .text.ips200_init   zf_device_ips200.o
    0x08004f72   0x08004f72   0x00000002   PAD
    0x08004f74   0x08004f74   0x00000016   Code   RO         1222    .text.ips200_set_color  zf_device_ips200.o
    0x08004f8a   0x08004f8a   0x00000002   PAD
    0x08004f8c   0x08004f8c   0x00000354   Code   RO         1214    .text.ips200_set_region  zf_device_ips200.o
    0x080052e0   0x080052e0   0x000002de   Code   RO         1228    .text.ips200_show_char  zf_device_ips200.o
    0x080055be   0x080055be   0x00000002   PAD
    0x080055c0   0x080055c0   0x00000130   Code   RO         1236    .text.ips200_show_float  zf_device_ips200.o
    0x080056f0   0x080056f0   0x00000216   Code   RO         1240    .text.ips200_show_gray_image  zf_device_ips200.o
    0x08005906   0x08005906   0x00000002   PAD
    0x08005908   0x08005908   0x000000d8   Code   RO         1232    .text.ips200_show_int  zf_device_ips200.o
    0x080059e0   0x080059e0   0x000000a6   Code   RO         1230    .text.ips200_show_string  zf_device_ips200.o
    0x08005a86   0x08005a86   0x00000002   PAD
    0x08005a88   0x08005a88   0x000000d8   Code   RO         1234    .text.ips200_show_uint  zf_device_ips200.o
    0x08005b60   0x08005b60   0x00000036   Code   RO          190    .text.key_into      key.o
    0x08005b96   0x08005b96   0x00000002   PAD
    0x08005b98   0x08005b98   0x000001cc   Code   RO            4    .text.main          main.o
    0x08005d64   0x08005d64   0x000001cc   Code   RO          129    .text.menu_init     auto_menu.o
    0x08005f30   0x08005f30   0x00000042   Code   RO          218    .text.motor_init    motor.o
    0x08005f72   0x08005f72   0x00000002   PAD
    0x08005f74   0x08005f74   0x00000008   Code   RO          226    .text.motor_lose_line_protect  motor.o
    0x08005f7c   0x08005f7c   0x000000f4   Code   RO          224    .text.motor_setspeed  motor.o
    0x08006070   0x08006070   0x00000016   Code   RO         1320    .text.mt9v03x_dma_handler  zf_device_mt9v03x.o
    0x08006086   0x08006086   0x00000002   PAD
    0x08006088   0x08006088   0x000002f8   Code   RO         1326    .text.mt9v03x_init  zf_device_mt9v03x.o
    0x08006380   0x08006380   0x0000003c   Code   RO         2549    .text.mt9v03x_read_word_sccb  zf_device_config.lib(zf_device_config.o)
    0x080063bc   0x080063bc   0x000009ae   Code   RO         2545    .text.mt9v03x_set_config_sccb  zf_device_config.lib(zf_device_config.o)
    0x08006d6a   0x08006d6a   0x00000002   PAD
    0x08006d6c   0x08006d6c   0x0000003c   Code   RO         1322    .text.mt9v03x_uart_handler  zf_device_mt9v03x.o
    0x08006da8   0x08006da8   0x00000032   Code   RO         1318    .text.mt9v03x_vsync_handler  zf_device_mt9v03x.o
    0x08006dda   0x08006dda   0x00000002   PAD
    0x08006ddc   0x08006ddc   0x00000032   Code   RO         2547    .text.mt9v03x_write_word_sccb  zf_device_config.lib(zf_device_config.o)
    0x08006e0e   0x08006e0e   0x00000002   PAD
    0x08006e10   0x08006e10   0x000000a0   Code   RO          303    .text.pid_increment  pid.o
    0x08006eb0   0x08006eb0   0x00000088   Code   RO          305    .text.pid_positional  pid.o
    0x08006f38   0x08006f38   0x0000005c   Code   RO            6    .text.pit_handler   main.o
    0x08006f94   0x08006f94   0x000000c8   Code   RO          678    .text.pit_init      zf_driver_pit.o
    0x0800705c   0x0800705c   0x00000188   Code   RO          691    .text.pwm_init      zf_driver_pwm.o
    0x080071e4   0x080071e4   0x000000cc   Code   RO          689    .text.pwm_set_duty  zf_driver_pwm.o
    0x080072b0   0x080072b0   0x00000044   Code   RO          133    .text.rand_color    auto_menu.o
    0x080072f4   0x080072f4   0x000002a0   Code   RO          255    .text.search_line   image.o
    0x08007594   0x08007594   0x00000198   Code   RO          321    .text.servo_control  servo.o
    0x0800772c   0x0800772c   0x00000010   Code   RO          315    .text.servo_init    servo.o
    0x0800773c   0x0800773c   0x00000020   Code   RO          319    .text.servo_set_pid  servo.o
    0x0800775c   0x0800775c   0x00000046   Code   RO         1531    .text.set_camera_type  zf_device_type.o
    0x080077a2   0x080077a2   0x00000002   PAD
    0x080077a4   0x080077a4   0x000000b4   Code   RO          135    .text.show_image    auto_menu.o
    0x08007858   0x08007858   0x00000104   Code   RO          127    .text.show_process  auto_menu.o
    0x0800795c   0x0800795c   0x00000060   Code   RO          776    .text.soft_iic_init  zf_driver_soft_iic.o
    0x080079bc   0x080079bc   0x00000088   Code   RO          762    .text.soft_iic_read_8bit_registers  zf_driver_soft_iic.o
    0x08007a44   0x08007a44   0x00000170   Code   RO          752    .text.soft_iic_read_data  zf_driver_soft_iic.o
    0x08007bb4   0x08007bb4   0x00000064   Code   RO          774    .text.soft_iic_sccb_read_register  zf_driver_soft_iic.o
    0x08007c18   0x08007c18   0x0000004a   Code   RO          772    .text.soft_iic_sccb_write_register  zf_driver_soft_iic.o
    0x08007c62   0x08007c62   0x00000002   PAD
    0x08007c64   0x08007c64   0x00000130   Code   RO          732    .text.soft_iic_send_data  zf_driver_soft_iic.o
    0x08007d94   0x08007d94   0x0000008e   Code   RO          730    .text.soft_iic_start  zf_driver_soft_iic.o
    0x08007e22   0x08007e22   0x00000002   PAD
    0x08007e24   0x08007e24   0x0000008e   Code   RO          734    .text.soft_iic_stop  zf_driver_soft_iic.o
    0x08007eb2   0x08007eb2   0x00000002   PAD
    0x08007eb4   0x08007eb4   0x0000004a   Code   RO          742    .text.soft_iic_write_8bit_register  zf_driver_soft_iic.o
    0x08007efe   0x08007efe   0x00000002   PAD
    0x08007f00   0x08007f00   0x000001b8   Code   RO          874    .text.spi_init      zf_driver_spi.o
    0x080080b8   0x080080b8   0x0000003c   Code   RO          842    .text.spi_write_16bit  zf_driver_spi.o
    0x080080f4   0x080080f4   0x00000030   Code   RO          838    .text.spi_write_8bit  zf_driver_spi.o
    0x08008124   0x08008124   0x0000006c   Code   RO          514    .text.system_delay_ms  zf_driver_delay.o
    0x08008190   0x08008190   0x0000004c   Code   RO          896    .text.timer_clear   zf_driver_timer.o
    0x080081dc   0x080081dc   0x000000aa   Code   RO          888    .text.timer_clock_enable  zf_driver_timer.o
    0x08008286   0x08008286   0x00000002   PAD
    0x08008288   0x08008288   0x0000016a   Code   RO          900    .text.timer_etr_init  zf_driver_timer.o
    0x080083f2   0x080083f2   0x00000002   PAD
    0x080083f4   0x080083f4   0x0000001e   Code   RO          886    .text.timer_funciton_check  zf_driver_timer.o
    0x08008412   0x08008412   0x00000002   PAD
    0x08008414   0x08008414   0x0000005e   Code   RO          894    .text.timer_get     zf_driver_timer.o
    0x08008472   0x08008472   0x00000002   PAD
    0x08008474   0x08008474   0x000000a2   Code   RO         1512    .text.tsl1401_collect_pit_handler  zf_device_tsl1401.o
    0x08008516   0x08008516   0x00000002   PAD
    0x08008518   0x08008518   0x00000002   Code   RO         1529    .text.type_default_callback  zf_device_type.o
    0x0800851a   0x0800851a   0x00000002   PAD
    0x0800851c   0x0800851c   0x000001b4   Code   RO          927    .text.uart_init     zf_driver_uart.o
    0x080086d0   0x080086d0   0x0000003a   Code   RO          921    .text.uart_query_byte  zf_driver_uart.o
    0x0800870a   0x0800870a   0x00000002   PAD
    0x0800870c   0x0800870c   0x00000060   Code   RO          925    .text.uart_rx_interrupt  zf_driver_uart.o
    0x0800876c   0x0800876c   0x00000048   Code   RO          915    .text.uart_write_buffer  zf_driver_uart.o
    0x080087b4   0x080087b4   0x00000018   Code   RO          913    .text.uart_write_byte  zf_driver_uart.o
    0x080087cc   0x080087cc   0x00000048   Code   RO          917    .text.uart_write_string  zf_driver_uart.o
    0x08008814   0x08008814   0x00000266   Code   RO          105    .text.unit_param_set  auto_menu.o
    0x08008a7a   0x08008a7a   0x00000002   PAD
    0x08008a7c   0x08008a7c   0x00000020   Code   RO         2711    i.__0printf$3       mc_w.l(printf3.o)
    0x08008a9c   0x08008a9c   0x00000028   Code   RO         2713    i.__0sprintf$3      mc_w.l(printf3.o)
    0x08008ac4   0x08008ac4   0x00000028   Code   RO         2979    i.__ARM_fpclassify  m_ws.l(fpclassify.o)
    0x08008aec   0x08008aec   0x00000050   Code   RO         2883    i.__free$2region    mc_w.l(malloc2.o)
    0x08008b3c   0x08008b3c   0x000000aa   Code   RO         2981    i.__kernel_poly     m_ws.l(poly.o)
    0x08008be6   0x08008be6   0x00000002   PAD
    0x08008be8   0x08008be8   0x0000006c   Code   RO         2884    i.__malloc$2region  mc_w.l(malloc2.o)
    0x08008c54   0x08008c54   0x00000006   Code   RO         2966    i.__mathlib_dbl_infnan  m_ws.l(dunder.o)
    0x08008c5a   0x08008c5a   0x0000000e   Code   RO         2969    i.__mathlib_dbl_overflow  m_ws.l(dunder.o)
    0x08008c68   0x08008c68   0x00000010   Code   RO         2971    i.__mathlib_dbl_underflow  m_ws.l(dunder.o)
    0x08008c78   0x08008c78   0x0000000e   Code   RO         3054    i.__scatterload_copy  mc_w.l(handlers.o)
    0x08008c86   0x08008c86   0x00000002   Code   RO         3055    i.__scatterload_null  mc_w.l(handlers.o)
    0x08008c88   0x08008c88   0x0000000e   Code   RO         3056    i.__scatterload_zeroinit  mc_w.l(handlers.o)
    0x08008c96   0x08008c96   0x00000002   PAD
    0x08008c98   0x08008c98   0x0000000c   Code   RO         3030    i.__set_errno       mc_w.l(errno.o)
    0x08008ca4   0x08008ca4   0x000001b8   Code   RO         2718    i._printf_core      mc_w.l(printf3.o)
    0x08008e5c   0x08008e5c   0x0000000a   Code   RO         2720    i._sputc            mc_w.l(printf3.o)
    0x08008e66   0x08008e66   0x00000002   PAD
    0x08008e68   0x08008e68   0x00000284   Code   RO         2582    i.exp               m_ws.l(exp.o)
    0x080090ec   0x080090ec   0x00000004   PAD
    0x080090f0   0x080090f0   0x00000058   Data   RO         2583    .constdata          m_ws.l(exp.o)
    0x08009148   0x08009148   0x000000ac   Data   RO          394    .rodata..L__const.debug_protective_handler.pin_list  zf_common_debug.o
    0x080091f4   0x080091f4   0x00000228   Data   RO          430    .rodata.ascii_font_6x8  zf_common_font.o
    0x0800941c   0x0800941c   0x000005f0   Data   RO          429    .rodata.ascii_font_8x16  zf_common_font.o
    0x08009a0c   0x08009a0c   0x00000020   Data   RO          929    .rodata.cst32       zf_driver_uart.o
    0x08009a2c   0x08009a2c   0x00000008   Data   RO          503    .rodata.cst8        zf_driver_adc.o
    0x08009a34   0x08009a34   0x00000008   Data   RO          535    .rodata.cst8        zf_driver_dma.o
    0x08009a3c   0x08009a3c   0x00000008   Data   RO          876    .rodata.cst8        zf_driver_spi.o
    0x08009a44   0x08009a44   0x00000008   Data   RO          932    .rodata.cst8        zf_driver_uart.o
    0x08009a4c   0x08009a4c   0x00000054   Data   RO          150    .rodata.str1.1      auto_menu.o
    0x08009aa0   0x08009aa0   0x00000009   Data   RO          395    .rodata.str1.1      zf_common_debug.o
    0x08009aa9   0x08009aa9   0x0000002b   Data   RO          420    .rodata.str1.1      zf_common_fifo.o
    0x08009ad4   0x08009ad4   0x0000002f   Data   RO          467    .rodata.str1.1      zf_common_function.o
    0x08009b03   0x08009b03   0x0000002c   Data   RO          518    .rodata.str1.1      zf_driver_delay.o
    0x08009b2f   0x08009b2f   0x0000002e   Data   RO          553    .rodata.str1.1      zf_driver_encoder.o
    0x08009b5d   0x08009b5d   0x0000002a   Data   RO          680    .rodata.str1.1      zf_driver_pit.o
    0x08009b87   0x08009b87   0x0000002a   Data   RO          693    .rodata.str1.1      zf_driver_pwm.o
    0x08009bb1   0x08009bb1   0x0000002f   Data   RO          778    .rodata.str1.1      zf_driver_soft_iic.o
    0x08009be0   0x08009be0   0x0000002a   Data   RO          877    .rodata.str1.1      zf_driver_spi.o
    0x08009c0a   0x08009c0a   0x0000002c   Data   RO          904    .rodata.str1.1      zf_driver_timer.o
    0x08009c36   0x08009c36   0x0000002b   Data   RO          930    .rodata.str1.1      zf_driver_uart.o
    0x08009c61   0x08009c61   0x0000002d   Data   RO         1257    .rodata.str1.1      zf_device_ips200.o
    0x08009c8e   0x08009c8e   0x0000002e   Data   RO         1332    .rodata.str1.1      zf_device_mt9v03x.o
    0x08009cbc   0x08009cbc   0x00000020   Data   RO         3053    Region$$Table       anon$$obj.o


    Execution Region RW_m_data (Exec base: 0x20000000, Load base: 0x08009cdc, Size: 0x0000cf7c, Max: 0x0001dc00, ABSOLUTE, COMPRESSED[0x00000118])

    Exec Addr    Load Addr    Size         Type   Attr      Idx    E Section Name        Object

    0x20000000   COMPRESSED   0x00000004   Data   RW         2598    .data               mc_w.l(rand.o)
    0x20000004   COMPRESSED   0x00000004   Data   RW         3006    .data               mc_w.l(stdout.o)
    0x20000008   COMPRESSED   0x00000004   Data   RW         3026    .data               mc_w.l(mvars.o)
    0x2000000c   COMPRESSED   0x00000004   Data   RW         3027    .data               mc_w.l(mvars.o)
    0x20000010   COMPRESSED   0x00000004   Data   RW         3031    .data               mc_w.l(errno.o)
    0x20000014   COMPRESSED   0x00000001   Data   RW          149    .data.DAD_NUM       auto_menu.o
    0x20000015   COMPRESSED   0x00000001   Data   RW          162    .data.begin_menu_flag  auto_menu.o
    0x20000016   COMPRESSED   0x00000002   PAD
    0x20000018   COMPRESSED   0x00000004   Data   RW         1538    .data.camera_dma_handler  zf_device_type.o
    0x2000001c   COMPRESSED   0x00000004   Data   RW         1536    .data.camera_uart_handler  zf_device_type.o
    0x20000020   COMPRESSED   0x00000004   Data   RW         1537    .data.camera_vsync_handler  zf_device_type.o
    0x20000024   COMPRESSED   0x00000002   Data   RW         1014    .data.dl1a_distance_mm  zf_device_dl1a.o
    0x20000026   COMPRESSED   0x00000002   Data   RW         1038    .data.dm1xa_distance_mm  zf_device_dm1xa.o
    0x20000028   COMPRESSED   0x00000008   Data   RW          552    .data.encoder_dir_pin  zf_driver_encoder.o
    0x20000030   COMPRESSED   0x00000020   Data   RW          612    .data.gpio_group    zf_driver_gpio.o
    0x20000050   COMPRESSED   0x00000002   Data   RW         1253    .data.ips200_bgcolor  zf_device_ips200.o
    0x20000052   COMPRESSED   0x00000001   Data   RW         1255    .data.ips200_display_font  zf_device_ips200.o
    0x20000053   COMPRESSED   0x00000001   PAD
    0x20000054   COMPRESSED   0x00000002   Data   RW         1256    .data.ips200_pencolor  zf_device_ips200.o
    0x20000056   COMPRESSED   0x00000002   PAD
    0x20000058   COMPRESSED   0x00000004   Data   RW          167    .data.kd            auto_menu.o
    0x2000005c   COMPRESSED   0x00000004   Data   RW          165    .data.kp            auto_menu.o
    0x20000060   COMPRESSED   0x00000078   Data   RW          285    .data.mid_weight    image.o
    0x200000d8   COMPRESSED   0x00000004   Data   RW          229    .data.motor_pid_ki  motor.o
    0x200000dc   COMPRESSED   0x00000004   Data   RW          228    .data.motor_pid_kp  motor.o
    0x200000e0   COMPRESSED   0x00000024   Data   RW         1333    .data.mt9v03x_get_confing_buffer  zf_device_mt9v03x.o
    0x20000104   COMPRESSED   0x00000028   Data   RW         1330    .data.mt9v03x_set_confing_buffer  zf_device_mt9v03x.o
    0x2000012c   COMPRESSED   0x00000001   Data   RW          289    .data.prospect      image.o
    0x2000012d   COMPRESSED   0x00000001   Data   RW          280    .data.reference_contrast_ratio  image.o
    0x2000012e   COMPRESSED   0x00000002   PAD
    0x20000130   COMPRESSED   0x00000004   Data   RW          325    .data.servo_pid_kd  servo.o
    0x20000134   COMPRESSED   0x00000004   Data   RW          323    .data.servo_pid_kp  servo.o
    0x20000138   COMPRESSED   0x00000078   Data   RW          286    .data.single_edge_err  image.o
    0x200001b0   COMPRESSED   0x00000004   Data   RW          168    .data.speed         auto_menu.o
    0x200001b4   COMPRESSED   0x00000004   Data   RW          354    .data.system_clock  zf_common_clock.o
    0x200001b8   COMPRESSED   0x00000004   Data   RW         1540    .data.wireless_module_uart_handler  zf_device_type.o
    0x200001bc   COMPRESSED   0x00000001   Data   RW          385    .data.zf_debug_assert_enable  zf_common_debug.o
    0x200001bd   COMPRESSED   0x00000003   PAD
    0x200001c0        -       0x00000001   Zero   RW          164    .bss.IPS200_BGCOLOR  auto_menu.o
    0x200001c1   COMPRESSED   0x00000003   PAD
    0x200001c4        -       0x00000004   Zero   RW          151    .bss.P_dad_head     auto_menu.o
    0x200001c8        -       0x00000002   Zero   RW          504    .bss.adc_resolution  zf_driver_adc.o
    0x200001ca   COMPRESSED   0x00000002   PAD
    0x200001cc        -       0x00000004   Zero   RW          169    .bss.angle          auto_menu.o
    0x200001d0        -       0x00000001   Zero   RW          343    .bss.beep_flag      beep.o
    0x200001d1        -       0x00000001   Zero   RW          143    .bss.button1        auto_menu.o
    0x200001d2        -       0x00000001   Zero   RW          144    .bss.button2        auto_menu.o
    0x200001d3        -       0x00000001   Zero   RW          145    .bss.button3        auto_menu.o
    0x200001d4        -       0x00000001   Zero   RW          146    .bss.button4        auto_menu.o
    0x200001d5        -       0x00000001   Zero   RW          209    .bss.button_entry.long_press_button  key.o
    0x200001d6        -       0x00000001   Zero   RW          208    .bss.button_entry.long_press_cnt  key.o
    0x200001d7        -       0x00000008   Zero   RW          994    .bss.camera_receiver_buffer  zf_device_camera.o
    0x200001df   COMPRESSED   0x00000001   PAD
    0x200001e0        -       0x00000018   Zero   RW          993    .bss.camera_receiver_fifo  zf_device_camera.o
    0x200001f8        -       0x00000001   Zero   RW         1535    .bss.camera_type    zf_device_type.o
    0x200001f9        -       0x00000001   Zero   RW          292    .bss.circle_flag    image.o
    0x200001fa        -       0x00000002   Zero   RW          293    .bss.circle_time    image.o
    0x200001fc        -       0x00000004   Zero   RW          163    .bss.current_operation_menu  auto_menu.o
    0x20000200        -       0x00000001   Zero   RW          386    .bss.debug_assert_handler.assert_nest_index  zf_common_debug.o
    0x20000201   COMPRESSED   0x00000003   PAD
    0x20000204        -       0x00000002   Zero   RW          387    .bss.debug_output_info.0  zf_common_debug.o
    0x20000206   COMPRESSED   0x00000002   PAD
    0x20000208        -       0x00000002   Zero   RW          388    .bss.debug_output_info.1  zf_common_debug.o
    0x2000020a        -       0x00000001   Zero   RW          389    .bss.debug_output_info.3  zf_common_debug.o
    0x2000020b   COMPRESSED   0x00000001   PAD
    0x2000020c        -       0x00000001   Zero   RW          390    .bss.debug_output_info.4  zf_common_debug.o
    0x2000020d   COMPRESSED   0x00000003   PAD
    0x20000210        -       0x00000004   Zero   RW          391    .bss.debug_output_info.5  zf_common_debug.o
    0x20000214        -       0x00000004   Zero   RW          392    .bss.debug_output_info.6  zf_common_debug.o
    0x20000218        -       0x00000004   Zero   RW          393    .bss.debug_output_info.7  zf_common_debug.o
    0x2000021c        -       0x00000001   Zero   RW         1013    .bss.dl1a_finsh_flag  zf_device_dl1a.o
    0x2000021d   COMPRESSED   0x00000003   PAD
    0x20000220        -       0x00000010   Zero   RW         1015    .bss.dl1a_iic_struct  zf_device_dl1a.o
    0x20000230        -       0x00000004   Zero   RW         1036    .bss.dm1xa_plus_count  zf_device_dm1xa.o
    0x20000234        -       0x00000001   Zero   RW         1037    .bss.dm1xa_ranging_state  zf_device_dm1xa.o
    0x20000235        -       0x00000001   Zero   RW         1035    .bss.dm1xa_type     zf_device_dm1xa.o
    0x20000236        -       0x00000002   Zero   RW            8    .bss.encoder_data_l  main.o
    0x20000238        -       0x00000002   Zero   RW            9    .bss.encoder_data_r  main.o
    0x2000023a        -       0x00000001   Zero   RW          287    .bss.final_mid_line  image.o
    0x2000023b        -       0x00000001   Zero   RW          147    .bss.first_in_page_flag  auto_menu.o
    0x2000023c        -       0x00000080   Zero   RW         1063    .bss.gps_gga_buffer  zf_device_gps_tau1201.o
    0x200002bc        -       0x00000001   Zero   RW         1058    .bss.gps_gga_state  zf_device_gps_tau1201.o
    0x200002bd        -       0x00000080   Zero   RW         1061    .bss.gps_rmc_buffer  zf_device_gps_tau1201.o
    0x2000033d        -       0x00000001   Zero   RW         1059    .bss.gps_rmc_state  zf_device_gps_tau1201.o
    0x2000033e        -       0x00000001   Zero   RW         1057    .bss.gps_tau1201_flag  zf_device_gps_tau1201.o
    0x2000033f   COMPRESSED   0x00000001   PAD
    0x20000340        -       0x00000018   Zero   RW         1065    .bss.gps_tau1201_receiver_fifo  zf_device_gps_tau1201.o
    0x20000358        -       0x00000001   Zero   RW         1064    .bss.gps_tau1201_state  zf_device_gps_tau1201.o
    0x20000359   COMPRESSED   0x00000003   PAD
    0x2000035c        -       0x00000004   Zero   RW          488    .bss.interrupt_nest_count  zf_common_interrupt.o
    0x20000360        -       0x00000001   Zero   RW         1254    .bss.ips200_display_dir  zf_device_ips200.o
    0x20000361        -       0x00000001   Zero   RW         1250    .bss.ips200_display_type  zf_device_ips200.o
    0x20000362        -       0x00000001   Zero   RW         1251    .bss.ips200_x_max   zf_device_ips200.o
    0x20000363   COMPRESSED   0x00000001   PAD
    0x20000364        -       0x00000001   Zero   RW         1252    .bss.ips200_y_max   zf_device_ips200.o
    0x20000365        -       0x00000001   Zero   RW         1258    .bss.ips_rst_pin    zf_device_ips200.o
    0x20000366        -       0x00000001   Zero   RW          148    .bss.is_clear_flag  auto_menu.o
    0x20000367        -       0x00000001   Zero   RW          192    .bss.key1_state     key.o
    0x20000368        -       0x00000001   Zero   RW          193    .bss.key1_state_last  key.o
    0x20000369        -       0x00000001   Zero   RW          196    .bss.key2_state     key.o
    0x2000036a        -       0x00000001   Zero   RW          197    .bss.key2_state_last  key.o
    0x2000036b        -       0x00000001   Zero   RW          200    .bss.key3_state     key.o
    0x2000036c        -       0x00000001   Zero   RW          201    .bss.key3_state_last  key.o
    0x2000036d        -       0x00000001   Zero   RW          204    .bss.key4_state     key.o
    0x2000036e        -       0x00000001   Zero   RW          205    .bss.key4_state_last  key.o
    0x2000036f   COMPRESSED   0x00000001   PAD
    0x20000370        -       0x00000004   Zero   RW          166    .bss.ki             auto_menu.o
    0x20000374        -       0x00000001   Zero   RW          288    .bss.last_final_mid_line  image.o
    0x20000375   COMPRESSED   0x00000003   PAD
    0x20000378        -       0x000000f0   Zero   RW          282    .bss.left_edge_line  image.o
    0x20000468        -       0x00000078   Zero   RW          284    .bss.mid_line       image.o
    0x200004e0        -       0x00000001   Zero   RW          291    .bss.mid_mode       image.o
    0x200004e1   COMPRESSED   0x00000003   PAD
    0x200004e4        -       0x00000004   Zero   RW          230    .bss.motor_pid_kd   motor.o
    0x200004e8        -       0x00000001   Zero   RW         1328    .bss.mt9v03x_finish_flag  zf_device_mt9v03x.o
    0x200004e9   COMPRESSED   0x00000003   PAD
    0x200004ec        -       0x00000004   Zero   RW         2559    .bss.mt9v03x_h_blank  zf_device_config.lib(zf_device_config.o)
    0x200004f0        -       0x00000010   Zero   RW         2557    .bss.mt9v03x_iic_inf_struct  zf_device_config.lib(zf_device_config.o)
    0x20000500        -       0x00005820   Zero   RW         1334    .bss.mt9v03x_image  zf_device_mt9v03x.o
    0x20005d20        -       0x00000014   Zero   RW         2558    .bss.mt9v03x_init_config  zf_device_config.lib(zf_device_config.o)
    0x20005d34        -       0x00000001   Zero   RW         1329    .bss.mt9v03x_type   zf_device_mt9v03x.o
    0x20005d35   COMPRESSED   0x00000003   PAD
    0x20005d38        -       0x00000004   Zero   RW         2560    .bss.mt9v03x_v_blank  zf_device_config.lib(zf_device_config.o)
    0x20005d3c        -       0x00000002   Zero   RW         1331    .bss.mt9v03x_version  zf_device_mt9v03x.o
    0x20005d3e        -       0x000000c8   Zero   RW          159    .bss.my_index       auto_menu.o
    0x20005e06   COMPRESSED   0x00000002   PAD
    0x20005e08        -       0x00000fa0   Zero   RW          154    .bss.my_menu_unit   auto_menu.o
    0x20006da8        -       0x000004b0   Zero   RW          156    .bss.my_param_set   auto_menu.o
    0x20007258        -       0x00000004   Zero   RW          160    .bss.p_index_xy_dad  auto_menu.o
    0x2000725c        -       0x00000004   Zero   RW          161    .bss.p_index_xy_son  auto_menu.o
    0x20007260        -       0x00000004   Zero   RW          157    .bss.p_unit         auto_menu.o
    0x20007264        -       0x00000004   Zero   RW          158    .bss.p_unit_last    auto_menu.o
    0x20007268        -       0x0000000c   Zero   RW          231    .bss.pid_left       motor.o
    0x20007274        -       0x0000000c   Zero   RW          232    .bss.pid_right      motor.o
    0x20007280        -       0x00000001   Zero   RW          279    .bss.reference_col  image.o
    0x20007281   COMPRESSED   0x00000001   PAD
    0x20007282        -       0x000000f0   Zero   RW          281    .bss.reference_line  image.o
    0x20007372        -       0x00000001   Zero   RW          275    .bss.reference_point  image.o
    0x20007373   COMPRESSED   0x00000001   PAD
    0x20007374        -       0x000000bc   Zero   RW          278    .bss.remote_distance  image.o
    0x20007430        -       0x000000f0   Zero   RW          283    .bss.right_edge_line  image.o
    0x20007520        -       0x00000004   Zero   RW          324    .bss.servo_pid_ki   servo.o
    0x20007524        -       0x00000004   Zero   RW          155    .bss.static_cnt     auto_menu.o
    0x20007528        -       0x00000008   Zero   RW          902    .bss.timer_function_state  zf_driver_timer.o
    0x20007530        -       0x00000008   Zero   RW          903    .bss.timer_mode_state  zf_driver_timer.o
    0x20007538        -       0x00000200   Zero   RW         1519    .bss.tsl1401_data   zf_device_tsl1401.o
    0x20007738        -       0x00000001   Zero   RW         1520    .bss.tsl1401_finish_flag  zf_device_tsl1401.o
    0x20007739        -       0x00000001   Zero   RW         1518    .bss.tsl1401_init_state  zf_device_tsl1401.o
    0x2000773a   COMPRESSED   0x00000002   PAD
    0x2000773c        -       0x0000000c   Zero   RW          326    .bss.turn_pid       servo.o
    0x20007748        -       0x00000008   Zero   RW          931    .bss.uart_interrupt_state  zf_driver_uart.o
    0x20007750        -       0x00000004   Zero   RW          153    .bss.unit_param_set.dad  auto_menu.o
    0x20007754        -       0x00000004   Zero   RW          152    .bss.unit_param_set.p_middle  auto_menu.o
    0x20007758        -       0x00005820   Zero   RW          294    .bss.user_image     image.o
    0x2000cf78        -       0x00000001   Zero   RW          276    .bss.white_max_point  image.o
    0x2000cf79        -       0x00000001   Zero   RW          277    .bss.white_min_point  image.o
    0x2000cf7a        -       0x00000001   Zero   RW          384    .bss.zf_debug_init_flag  zf_common_debug.o


    Execution Region ARM_LIB_HEAP (Exec base: 0x2000cf7c, Load base: 0x08009df4, Size: 0x00000400, Max: 0x00000400, ABSOLUTE)

    Exec Addr    Load Addr    Size         Type   Attr      Idx    E Section Name        Object

    0x2000cf7c        -       0x00000400   Zero   RW            1    ARM_LIB_HEAP.bss    anon$$obj.o


    Execution Region ARM_LIB_STACK (Exec base: 0x2001e000, Load base: 0x08009df4, Size: 0x00002000, Max: 0x00002000, ABSOLUTE)

    Exec Addr    Load Addr    Size         Type   Attr      Idx    E Section Name        Object

    0x2001e000        -       0x00002000   Zero   RW            2    ARM_LIB_STACK.bss   anon$$obj.o


==============================================================================

Image component sizes


      Code (inc. data)   RO Data    RW Data    ZI Data      Debug   Object Name

      3378         46         84         14       5451      13451   auto_menu.o
        28          0          0          0          1       2255   beep.o
        34          0          0          0          0       1462   encoder.o
      2236          6          0        242      23598      13855   image.o
      1190          0          0          0          0       6147   isr.o
       546          0          0          0         10       3485   key.o
       552         76          0          0          4       3118   main.o
       318          0          0          8         28       4879   motor.o
       296          0          0          0          0       1735   pid.o
       456          0          0          8         16       3291   servo.o
        36          8        400          0          0        860   startup_mm32f3277g.o
        12          0          0          0          0        610   system_mm32f3277g.o
       552          0          0          4          0       2880   zf_common_clock.o
      1410        108        181          1         20       9375   zf_common_debug.o
      1082          0         43          0          0       7099   zf_common_fifo.o
         0          0       2072          0          0        750   zf_common_font.o
       642          0         47          0          0      14604   zf_common_function.o
       156          0          0          0          4       4832   zf_common_interrupt.o
       118          0          0          0         32       5959   zf_device_camera.o
       142          0          0          2         17       9430   zf_device_dl1a.o
       240          0          0          2          6       3584   zf_device_dm1xa.o
       244          8          0          0        284      15256   zf_device_gps_tau1201.o
      8582          4         45          5          5      21963   zf_device_ips200.o
       892         56         46         76      22564       8868   zf_device_mt9v03x.o
       162          0          0          0        514       3752   zf_device_tsl1401.o
        72          0          0         16          1       1720   zf_device_type.o
        70          0          8          0          2       5113   zf_driver_adc.o
       108          0         44          0          0       1290   zf_driver_delay.o
       248         24          8          0          0       4201   zf_driver_dma.o
       392         24         46          8          0       6560   zf_driver_encoder.o
       328         28          0          0          0       5341   zf_driver_exti.o
       340          0          0         32          0       5404   zf_driver_gpio.o
       200         16         42          0          0       5440   zf_driver_pit.o
       596         24         42          0          0       5841   zf_driver_pwm.o
      1436          0         47          0          0      12874   zf_driver_soft_iic.o
       548          0         50          0          0      11027   zf_driver_spi.o
       732         40         44          0         16       8872   zf_driver_timer.o
       758          8         83          0          8       8423   zf_driver_uart.o

    ----------------------------------------------------------------------
     29264        476       3364        428      61840     245606   Object Totals
         0          0         32          0       9216          0   (incl. Generated)
       132          0          0         10         43          0   (incl. Padding)

    ----------------------------------------------------------------------

      Code (inc. data)   RO Data    RW Data    ZI Data      Debug   Library Member Name

        36          6          0          0          0        204   dunder.o
       644         90         88          0          0        204   exp.o
        40          0          0          0          0         68   fpclassify.o
       170          0          0          0          0         96   poly.o
        86          0          0          0          0          0   __dczerorl2.o
         0          0          0          0          0          0   entry.o
         0          0          0          0          0          0   entry10a.o
         0          0          0          0          0          0   entry11a.o
         8          4          0          0          0          0   entry4.o
         4          0          0          0          0          0   entry5.o
         0          0          0          0          0          0   entry7b.o
         0          0          0          0          0          0   entry8b.o
         8          4          0          0          0          0   entry9a.o
        12          6          0          4          0         68   errno.o
        30          0          0          0          0          0   handlers.o
        48         10          0          0          0         68   init.o
         0          0          0          0          0          0   iusefp.o
        30          0          0          0          0         68   llshl.o
        36          0          0          0          0         68   llsshr.o
        32          0          0          0          0         68   llushr.o
       188         20          0          0          0        160   malloc2.o
        26          0          0          0          0         80   memcmp.o
        36          0          0          0          0         68   memcpya.o
        36          0          0          0          0        108   memseta.o
         0          0          0          8          0          0   mvars.o
       522         20          0          0          0        336   printf3.o
        36         10          0          4          0        136   rand.o
         0          0          0          4          0          0   stdout.o
        18          0          0          0          0         68   strcpy.o
        14          0          0          0          0         68   strlen.o
        44          0          0          0          0         80   uidiv.o
        48          0          0          0          0         68   cdcmple.o
        48          0          0          0          0         68   cdrcmple.o
        56          0          0          0          0         88   d2f.o
       334          0          0          0          0        148   dadd.o
       222          0          0          0          0        100   ddiv.o
       186          0          0          0          0        176   depilogue.o
        62          0          0          0          0         80   dfixi.o
        50          0          0          0          0         76   dfixui.o
        34          0          0          0          0         76   dflti.o
        26          0          0          0          0         76   dfltui.o
       228          0          0          0          0         96   dmul.o
        46          0          0          0          0         80   dscalb.o
        38          0          0          0          0         68   f2d.o
       176          0          0          0          0        140   fadd.o
        28          0          0          0          0         68   fcmpeq.o
        28          0          0          0          0         68   fcmpge.o
        28          0          0          0          0         68   fcmpgt.o
        28          0          0          0          0         68   fcmple.o
        28          0          0          0          0         68   fcmplt.o
       124          0          0          0          0         88   fdiv.o
       110          0          0          0          0        168   fepilogue.o
        50          0          0          0          0         68   ffixi.o
        18          0          0          0          0         68   fflti.o
        10          0          0          0          0         68   ffltui.o
       100          0          0          0          0         76   fmul.o
      2588          0          0          0         44       3849   zf_device_config.o

    ----------------------------------------------------------------------
      6816        174         88         20         44       8081   Library Totals
        18          4          0          0          0          0   (incl. Padding)

    ----------------------------------------------------------------------

      Code (inc. data)   RO Data    RW Data    ZI Data      Debug   Library Name

       890         96         88          0          0        572   m_ws.l
      1214         74          0         20          0       1444   mc_w.l
      2106          0          0          0          0       2216   mf_w.l
      2588          0          0          0         44       3849   zf_device_config.lib

    ----------------------------------------------------------------------
      6816        174         88         20         44       8081   Library Totals

    ----------------------------------------------------------------------

==============================================================================


      Code (inc. data)   RO Data    RW Data    ZI Data      Debug   

     36080        650       3452        448      61884     250755   Grand Totals
     36080        650       3452        280      61884     250755   ELF Image Totals (compressed)
     36080        650       3452        280          0          0   ROM Totals

==============================================================================

    Total RO  Size (Code + RO Data)                39532 (  38.61kB)
    Total RW  Size (RW Data + ZI Data)             62332 (  60.87kB)
    Total ROM Size (Code + RO Data + RW Data)      39812 (  38.88kB)

==============================================================================

