<html>
<body>
<pre>
<h1>µVision Build Log</h1>
<h2>Tool Versions:</h2>
IDE-Version: ¦ÌVision V5.39.0.0
Copyright (C) 2023 ARM Ltd and ARM Germany GmbH. All rights reserved.
License Information: A ASUS, A, LIC=SDA0P-MN3XN-II45V-PX7XG-QI6FS-SP5Y0
 
Tool Versions:
Toolchain:       MDK-ARM Plus  Version: 5.39.0.0
Toolchain Path:  D:\keil5\ARM\ARMCLANG\Bin
C Compiler:      ArmClang.exe V6.21
Assembler:       Armasm.exe V6.21
Linker/Locator:  ArmLink.exe V6.21
Library Manager: ArmAr.exe V6.21
Hex Converter:   FromElf.exe V6.21
CPU DLL:         SARMCM3.DLL V5.39.0.0
Dialog DLL:      DCM.DLL V1.17.5.0
Target DLL:      CMSIS_AGDI.dll V1.33.16.0
Dialog DLL:      TCM.DLL V1.56.4.0
 
<h2>Project:</h2>
C:\Users\ASUS\learngit\Intelligent-Car-Summer-Training\MM32_C_Car\project\mdk\mm32f327x_g8p.uvprojx
Project File Date:  07/12/2025

<h2>Output:</h2>
*** Using Compiler 'V6.21', folder: 'D:\keil5\ARM\ARMCLANG\Bin'
Build target 'mm32f327x_g8p_project'
compiling pid.c...
linking...
Program Size: Code=40580 RO-data=3348 RW-data=828 ZI-data=62008  
".\Objects\MM32F327X_G8P.axf" - 0 Error(s), 0 Warning(s).

<h2>Software Packages used:</h2>

Package Vendor: MindMotion
                http://www.mindmotion.com.cn/Download/MDK_KEIL/MindMotion.MM32F3270_DFP.1.0.5.pack
                MindMotion::MM32F3270_DFP@1.0.5
                MindMotion MM32F3270 Series Device Support, Drivers and Examples

<h2>Collection of Component include folders:</h2>
  D:/keil5/ARM/PACK/MindMotion/MM32F3270_DFP/1.0.5/Device/MM32F327x/Include

<h2>Collection of Component Files used:</h2>
Build Time Elapsed:  00:00:01
</pre>
</body>
</html>
